<html>
<body>
<pre>
<h1>µVision Build Log</h1>
<h2>Tool Versions:</h2>
IDE-Version: ¦ÌVision V5.39.0.0
Copyright (C) 2023 ARM Ltd and ARM Germany GmbH. All rights reserved.
License Information: XX admin, XX, LIC=EPPLD-8EXPP-GQI0H-WZWY2-AENBM-J5H91
 
Tool Versions:
Toolchain:       MDK-ARM Professional  Version: 5.39.0.0
Toolchain Path:  D:\kail5\ARM\ARMCC\Bin
C Compiler:      Armcc.exe V5.06 update 7 (build 960)
Assembler:       Armasm.exe V5.06 update 7 (build 960)
Linker/Locator:  ArmLink.exe V5.06 update 7 (build 960)
Library Manager: ArmAr.exe V5.06 update 7 (build 960)
Hex Converter:   FromElf.exe V5.06 update 7 (build 960)
CPU DLL:         SARMCM3.DLL V5.39.0.0
Dialog DLL:      DCM.DLL V1.17.5.0
Target DLL:      CMSIS_AGDI.dll V1.33.16.0
Dialog DLL:      TCM.DLL V1.56.4.0
 
<h2>Project:</h2>
C:\Users\admin\Desktop\Robot\MDK-ARM\Robot.uvprojx
Project File Date:  07/26/2026

<h2>Output:</h2>
*** Using Compiler 'V5.06 update 7 (build 960)', folder: 'D:\kail5\ARM\ARMCC\Bin'
Build target 'Robot'
Note: source file '../Core/Src/system_stm32f4xx.c' - object file renamed from 'Robot\system_stm32f4xx.o' to 'Robot\system_stm32f4xx_1.o'.
compiling clamp.c...
../Core/Inc/clamp.h(94): warning:  #1-D: last line of file ends without a newline
  #endif /* __CLAMP_H */
../Core/Inc/scurve.h(94): warning:  #1-D: last line of file ends without a newline
  #endif /* __SCURVE_H */
../Core/Inc/mecanum.h(65): warning:  #1-D: last line of file ends without a newline
  #endif /* __MECANUM_H */
../Core/Inc/stepper.h(97): warning:  #1-D: last line of file ends without a newline
  #endif /* __STEPPER_H */
../Core/Inc/servo.h(62): warning:  #1-D: last line of file ends without a newline
  #endif /* __SERVO_H */
..\Core\Src\clamp.c(194): warning:  #1-D: last line of file ends without a newline
  }
..\Core\Src\clamp.c: 6 warnings, 0 errors
compiling chassis.c...
../Core/Inc/scurve.h(94): warning:  #1-D: last line of file ends without a newline
  #endif /* __SCURVE_H */
../Core/Inc/mecanum.h(65): warning:  #1-D: last line of file ends without a newline
  #endif /* __MECANUM_H */
../Core/Src/chassis.c: 2 warnings, 0 errors
compiling mpu6050.c...
compiling stepper.c...
../Core/Inc/mecanum.h(65): warning:  #1-D: last line of file ends without a newline
  #endif /* __MECANUM_H */
../Core/Inc/stepper.h(97): warning:  #1-D: last line of file ends without a newline
  #endif /* __STEPPER_H */
../Core/Src/stepper.c(176): warning:  #1-D: last line of file ends without a newline
  }
../Core/Src/stepper.c: 3 warnings, 0 errors
compiling camera_align.c...
../Core/Inc/camera_align.h(123): warning:  #1-D: last line of file ends without a newline
  #endif /* __CAMERA_ALIGN_H */
../Core/Src/camera_align.c: 1 warning, 0 errors
compiling freertos.c...
../Core/Inc/clamp.h(94): warning:  #1-D: last line of file ends without a newline
  #endif /* __CLAMP_H */
../Core/Inc/mecanum.h(65): warning:  #1-D: last line of file ends without a newline
  #endif /* __MECANUM_H */
../Core/Inc/stepper.h(97): warning:  #1-D: last line of file ends without a newline
  #endif /* __STEPPER_H */
../Core/Inc/camera_align.h(123): warning:  #1-D: last line of file ends without a newline
  #endif /* __CAMERA_ALIGN_H */
../Core/Src/freertos.c(502): warning:  #1-D: last line of file ends without a newline
  /* USER CODE END Application */
../Core/Src/freertos.c: 5 warnings, 0 errors
linking...
Program Size: Code=42072 RO-data=1580 RW-data=272 ZI-data=24552  
FromELF: creating hex file...
"Robot\Robot.axf" - 0 Error(s), 17 Warning(s).

<h2>Software Packages used:</h2>

Package Vendor: ARM
                http://www.keil.com/pack/ARM.CMSIS.5.9.0.pack
                ARM::CMSIS@5.9.0
                CMSIS (Common Microcontroller Software Interface Standard)
   * Component: CORE Version: 5.6.0

Package Vendor: Keil
                https://www.keil.com/pack/Keil.STM32F4xx_DFP.3.1.1.pack
                Keil::STM32F4xx_DFP@3.1.1
                STMicroelectronics STM32F4 Series Device Support

<h2>Collection of Component include folders:</h2>
  ./RTE/_Robot
  D:/kail5/ARM/PACK/ARM/CMSIS/5.9.0/CMSIS/Core/Include

<h2>Collection of Component Files used:</h2>

   * Component: ARM::CMSIS:CORE@5.6.0
      Include file:  CMSIS/Core/Include/tz_context.h
Build Time Elapsed:  00:00:02
</pre>
</body>
</html>
