Component: ARM Compiler 5.06 update 7 (build 960) Tool: armlink [4d3601]

==============================================================================

Section Cross References

    startup_stm32f407xx.o(STACK) refers (Special) to heapauxi.o(.text) for __use_two_region_memory
    startup_stm32f407xx.o(HEAP) refers (Special) to heapauxi.o(.text) for __use_two_region_memory
    startup_stm32f407xx.o(RESET) refers (Special) to heapauxi.o(.text) for __use_two_region_memory
    startup_stm32f407xx.o(RESET) refers to startup_stm32f407xx.o(STACK) for __initial_sp
    startup_stm32f407xx.o(RESET) refers to startup_stm32f407xx.o(.text) for Reset_Handler
    startup_stm32f407xx.o(RESET) refers to stm32f4xx_it.o(i.NMI_Handler) for NMI_Handler
    startup_stm32f407xx.o(RESET) refers to stm32f4xx_it.o(i.HardFault_Handler) for HardFault_Handler
    startup_stm32f407xx.o(RESET) refers to stm32f4xx_it.o(i.MemManage_Handler) for MemManage_Handler
    startup_stm32f407xx.o(RESET) refers to stm32f4xx_it.o(i.BusFault_Handler) for BusFault_Handler
    startup_stm32f407xx.o(RESET) refers to stm32f4xx_it.o(i.UsageFault_Handler) for UsageFault_Handler
    startup_stm32f407xx.o(RESET) refers to port.o(.emb_text) for SVC_Handler
    startup_stm32f407xx.o(RESET) refers to stm32f4xx_it.o(i.DebugMon_Handler) for DebugMon_Handler
    startup_stm32f407xx.o(RESET) refers to cmsis_os2.o(i.SysTick_Handler) for SysTick_Handler
    startup_stm32f407xx.o(RESET) refers to stm32f4xx_it.o(i.DMA1_Stream0_IRQHandler) for DMA1_Stream0_IRQHandler
    startup_stm32f407xx.o(RESET) refers to stm32f4xx_it.o(i.DMA1_Stream6_IRQHandler) for DMA1_Stream6_IRQHandler
    startup_stm32f407xx.o(RESET) refers to stm32f4xx_it.o(i.I2C1_EV_IRQHandler) for I2C1_EV_IRQHandler
    startup_stm32f407xx.o(RESET) refers to stm32f4xx_it.o(i.I2C1_ER_IRQHandler) for I2C1_ER_IRQHandler
    startup_stm32f407xx.o(RESET) refers to stm32f4xx_it.o(i.TIM8_TRG_COM_TIM14_IRQHandler) for TIM8_TRG_COM_TIM14_IRQHandler
    startup_stm32f407xx.o(.text) refers (Special) to heapauxi.o(.text) for __use_two_region_memory
    startup_stm32f407xx.o(.text) refers to system_stm32f4xx.o(i.SystemInit) for SystemInit
    startup_stm32f407xx.o(.text) refers to __main.o(!!!main) for __main
    startup_stm32f407xx.o(.text) refers to startup_stm32f407xx.o(HEAP) for Heap_Mem
    startup_stm32f407xx.o(.text) refers to startup_stm32f407xx.o(STACK) for Stack_Mem
    scurve.o(i.Scurve_Init) refers to scurve.o(i.Scurve_SetConfig) for Scurve_SetConfig
    scurve.o(i.Scurve_MoveTo) refers to scurve.o(i.Scurve_Stop) for Scurve_Stop
    mecanum.o(i.Mecanum_Forward) refers to mecanum.o(.data) for .data
    mecanum.o(i.Mecanum_Inverse) refers to mecanum.o(.data) for .data
    mecanum.o(i.Mecanum_SetGeometry) refers to mecanum.o(.data) for .data
    chassis.o(i.chassis_clear_gyro) refers to chassis.o(.bss) for .bss
    chassis.o(i.chassis_feed_gyro) refers to chassis.o(i.normalize_angle_deg) for normalize_angle_deg
    chassis.o(i.chassis_feed_gyro) refers to chassis.o(.bss) for .bss
    chassis.o(i.chassis_get_pose) refers to chassis.o(i.chassis_theta_deg) for chassis_theta_deg
    chassis.o(i.chassis_get_pose) refers to chassis.o(.bss) for .bss
    chassis.o(i.chassis_get_wheel_speed) refers to chassis.o(.bss) for .bss
    chassis.o(i.chassis_init) refers to scurve.o(i.Scurve_Init) for Scurve_Init
    chassis.o(i.chassis_init) refers to chassis.o(.constdata) for .constdata
    chassis.o(i.chassis_init) refers to chassis.o(.bss) for .bss
    chassis.o(i.chassis_is_idle) refers to chassis.o(.bss) for .bss
    chassis.o(i.chassis_set_pose) refers to chassis.o(i.normalize_angle_deg) for normalize_angle_deg
    chassis.o(i.chassis_set_pose) refers to chassis.o(.bss) for .bss
    chassis.o(i.chassis_stop) refers to scurve.o(i.Scurve_Stop) for Scurve_Stop
    chassis.o(i.chassis_stop) refers to chassis.o(.bss) for .bss
    chassis.o(i.chassis_theta_deg) refers to chassis.o(.bss) for .bss
    chassis.o(i.chassis_tick) refers to scurve.o(i.Scurve_Update) for Scurve_Update
    chassis.o(i.chassis_tick) refers to cosf.o(i.__hardfp_cosf) for __hardfp_cosf
    chassis.o(i.chassis_tick) refers to sinf.o(i.__hardfp_sinf) for __hardfp_sinf
    chassis.o(i.chassis_tick) refers to scurve.o(i.Scurve_IsIdle) for Scurve_IsIdle
    chassis.o(i.chassis_tick) refers to sqrtf.o(i.__hardfp_sqrtf) for __hardfp_sqrtf
    chassis.o(i.chassis_tick) refers to chassis.o(i.chassis_theta_deg) for chassis_theta_deg
    chassis.o(i.chassis_tick) refers to chassis.o(i.deg2rad) for deg2rad
    chassis.o(i.chassis_tick) refers to atan2f.o(i.__hardfp_atan2f) for __hardfp_atan2f
    chassis.o(i.chassis_tick) refers to chassis.o(i.normalize_angle_deg) for normalize_angle_deg
    chassis.o(i.chassis_tick) refers to chassis.o(i.fabsf_local) for fabsf_local
    chassis.o(i.chassis_tick) refers to scurve.o(i.Scurve_MoveTo) for Scurve_MoveTo
    chassis.o(i.chassis_tick) refers to mecanum.o(i.Mecanum_Inverse) for Mecanum_Inverse
[...]
    __rt_heap_escrow$2region                 0x08000627   Thumb Code     2  heapauxi.o(.text)
    __rt_heap_expand$2region                 0x08000629   Thumb Code     2  heapauxi.o(.text)
    __read_errno                             0x0800062b   Thumb Code    10  _rserrno.o(.text)
    __set_errno                              0x08000635   Thumb Code    12  _rserrno.o(.text)
    _printf_pre_padding                      0x08000641   Thumb Code    44  _printf_pad.o(.text)
    _printf_post_padding                     0x0800066d   Thumb Code    34  _printf_pad.o(.text)
    _printf_truncate_signed                  0x0800068f   Thumb Code    18  _printf_truncate.o(.text)
    _printf_truncate_unsigned                0x080006a1   Thumb Code    18  _printf_truncate.o(.text)
    _printf_str                              0x080006b3   Thumb Code    82  _printf_str.o(.text)
    _printf_int_dec                          0x08000705   Thumb Code   104  _printf_dec.o(.text)
    _printf_charcount                        0x0800077d   Thumb Code    40  _printf_charcount.o(.text)
    _printf_char_common                      0x080007af   Thumb Code    32  _printf_char_common.o(.text)
    _sputc                                   0x080007d5   Thumb Code    10  _sputc.o(.text)
    _snputc                                  0x080007df   Thumb Code    16  _snputc.o(.text)
    _printf_wctomb                           0x080007f1   Thumb Code   182  _printf_wctomb.o(.text)
    _printf_longlong_dec                     0x080008ad   Thumb Code   108  _printf_longlong_dec.o(.text)
    _printf_longlong_oct                     0x08000929   Thumb Code    66  _printf_oct_int_ll.o(.text)
    _printf_int_oct                          0x0800096b   Thumb Code    24  _printf_oct_int_ll.o(.text)
    _printf_ll_oct                           0x08000983   Thumb Code    12  _printf_oct_int_ll.o(.text)
    _printf_longlong_hex                     0x08000999   Thumb Code    86  _printf_hex_int_ll_ptr.o(.text)
    _printf_int_hex                          0x080009ef   Thumb Code    28  _printf_hex_int_ll_ptr.o(.text)
    _printf_ll_hex                           0x08000a0b   Thumb Code    12  _printf_hex_int_ll_ptr.o(.text)
    _printf_hex_ptr                          0x08000a17   Thumb Code    18  _printf_hex_int_ll_ptr.o(.text)
    __printf                                 0x08000a2d   Thumb Code   388  __printf_flags_ss_wp.o(.text)
    __aeabi_memcpy4                          0x08000bb5   Thumb Code     0  rt_memcpy_w.o(.text)
    __aeabi_memcpy8                          0x08000bb5   Thumb Code     0  rt_memcpy_w.o(.text)
    __rt_memcpy_w                            0x08000bb5   Thumb Code   100  rt_memcpy_w.o(.text)
    _memcpy_lastbytes_aligned                0x08000bfd   Thumb Code     0  rt_memcpy_w.o(.text)
    __aeabi_errno_addr                       0x08000c19   Thumb Code     8  rt_errno_addr_intlibspace.o(.text)
    __errno$intlibspace                      0x08000c19   Thumb Code     0  rt_errno_addr_intlibspace.o(.text)
    __rt_errno_addr$intlibspace              0x08000c19   Thumb Code     0  rt_errno_addr_intlibspace.o(.text)
    _ll_udiv10                               0x08000c21   Thumb Code   138  lludiv10.o(.text)
    _printf_int_common                       0x08000cab   Thumb Code   178  _printf_intcommon.o(.text)
    __lib_sel_fp_printf                      0x08000d5d   Thumb Code     2  _printf_fp_dec.o(.text)
    _printf_fp_dec_real                      0x08000f0f   Thumb Code   620  _printf_fp_dec.o(.text)
    _printf_fp_hex_real                      0x0800117d   Thumb Code   756  _printf_fp_hex.o(.text)
    _printf_cs_common                        0x08001479   Thumb Code    20  _printf_char.o(.text)
    _printf_char                             0x0800148d   Thumb Code    16  _printf_char.o(.text)
    _printf_string                           0x0800149d   Thumb Code     8  _printf_char.o(.text)
    _printf_lcs_common                       0x080014a5   Thumb Code    20  _printf_wchar.o(.text)
    _printf_wchar                            0x080014b9   Thumb Code    16  _printf_wchar.o(.text)
    _printf_wstring                          0x080014c9   Thumb Code     8  _printf_wchar.o(.text)
    _wcrtomb                                 0x080014d1   Thumb Code    64  _wcrtomb.o(.text)
    __user_libspace                          0x08001511   Thumb Code     8  libspace.o(.text)
    __user_perproc_libspace                  0x08001511   Thumb Code     0  libspace.o(.text)
    __user_perthread_libspace                0x08001511   Thumb Code     0  libspace.o(.text)
    __user_setup_stackheap                   0x08001519   Thumb Code    74  sys_stackheap_outer.o(.text)
    __rt_ctype_table                         0x08001565   Thumb Code    16  rt_ctype_table.o(.text)
    __rt_locale                              0x08001575   Thumb Code     8  rt_locale_intlibspace.o(.text)
    _printf_fp_infnan                        0x0800157d   Thumb Code   112  _printf_fp_infnan.o(.text)
    _btod_etento                             0x080015fd   Thumb Code   224  bigflt0.o(.text)
    exit                                     0x080016e1   Thumb Code    18  exit.o(.text)
    strcmp                                   0x080016f5   Thumb Code   128  strcmpv7m.o(.text)
    _sys_exit                                0x08001775   Thumb Code     8  sys_exit.o(.text)
    __I$use$semihosting                      0x08001781   Thumb Code     0  use_no_semi.o(.text)
    __use_no_semihosting_swi                 0x08001781   Thumb Code     2  use_no_semi.o(.text)
    __semihosting_library_function           0x08001783   Thumb Code     0  indicate_semi.o(.text)
    _btod_d2e                                0x08001783   Thumb Code    62  btod.o(CL$$btod_d2e)
    _d2e_denorm_low                          0x080017c1   Thumb Code    70  btod.o(CL$$btod_d2e_denorm_low)
    _d2e_norm_op1                            0x08001807   Thumb Code    96  btod.o(CL$$btod_d2e_norm_op1)
    __btod_div_common                        0x08001867   Thumb Code   696  btod.o(CL$$btod_div_common)
    _e2e                                     0x08001b9f   Thumb Code   220  btod.o(CL$$btod_e2e)
    _btod_ediv                               0x08001c7b   Thumb Code    42  btod.o(CL$$btod_ediv)
    _btod_emul                               0x08001ca5   Thumb Code    42  btod.o(CL$$btod_emul)
    __btod_mult_common                       0x08001ccf   Thumb Code   580  btod.o(CL$$btod_mult_common)
    BusFault_Handler                         0x08001f13   Thumb Code     2  stm32f4xx_it.o(i.BusFault_Handler)
    DMA1_Stream0_IRQHandler                  0x08001f15   Thumb Code     6  stm32f4xx_it.o(i.DMA1_Stream0_IRQHandler)
    DMA1_Stream6_IRQHandler                  0x08001f21   Thumb Code     6  stm32f4xx_it.o(i.DMA1_Stream6_IRQHandler)
    DebugMon_Handler                         0x08001fd1   Thumb Code     2  stm32f4xx_it.o(i.DebugMon_Handler)
    Error_Handler                            0x08001fd3   Thumb Code     4  main.o(i.Error_Handler)
    HAL_DMA_Abort_IT                         0x08001fd7   Thumb Code    36  stm32f4xx_hal_dma.o(i.HAL_DMA_Abort_IT)
    HAL_DMA_GetError                         0x08001ffb   Thumb Code     4  stm32f4xx_hal_dma.o(i.HAL_DMA_GetError)
    HAL_DMA_GetState                         0x08001fff   Thumb Code     6  stm32f4xx_hal_dma.o(i.HAL_DMA_GetState)
    HAL_DMA_IRQHandler                       0x08002005   Thumb Code   412  stm32f4xx_hal_dma.o(i.HAL_DMA_IRQHandler)
    HAL_DMA_Init                             0x080021a5   Thumb Code   206  stm32f4xx_hal_dma.o(i.HAL_DMA_Init)
    HAL_DMA_Start_IT                         0x08002279   Thumb Code   110  stm32f4xx_hal_dma.o(i.HAL_DMA_Start_IT)
    HAL_Delay                                0x080022e9   Thumb Code    32  stm32f4xx_hal.o(i.HAL_Delay)
    HAL_GPIO_Init                            0x0800230d   Thumb Code   450  stm32f4xx_hal_gpio.o(i.HAL_GPIO_Init)
    HAL_GPIO_WritePin                        0x080024fd   Thumb Code    10  stm32f4xx_hal_gpio.o(i.HAL_GPIO_WritePin)
    HAL_GetTick                              0x08002509   Thumb Code     6  stm32f4xx_hal.o(i.HAL_GetTick)
    HAL_I2C_AbortCpltCallback                0x08002515   Thumb Code     2  stm32f4xx_hal_i2c.o(i.HAL_I2C_AbortCpltCallback)
    HAL_I2C_AddrCallback                     0x08002517   Thumb Code     2  stm32f4xx_hal_i2c.o(i.HAL_I2C_AddrCallback)
    HAL_I2C_ER_IRQHandler                    0x08002519   Thumb Code   186  stm32f4xx_hal_i2c.o(i.HAL_I2C_ER_IRQHandler)
    HAL_I2C_EV_IRQHandler                    0x080025d3   Thumb Code   560  stm32f4xx_hal_i2c.o(i.HAL_I2C_EV_IRQHandler)
    HAL_I2C_ErrorCallback                    0x08002803   Thumb Code     2  stm32f4xx_hal_i2c.o(i.HAL_I2C_ErrorCallback)
    HAL_I2C_Init                             0x08002805   Thumb Code   376  stm32f4xx_hal_i2c.o(i.HAL_I2C_Init)
    HAL_I2C_ListenCpltCallback               0x0800298d   Thumb Code     2  stm32f4xx_hal_i2c.o(i.HAL_I2C_ListenCpltCallback)
    HAL_I2C_MasterRxCpltCallback             0x0800298f   Thumb Code     2  stm32f4xx_hal_i2c.o(i.HAL_I2C_MasterRxCpltCallback)
    HAL_I2C_MasterTxCpltCallback             0x08002991   Thumb Code     2  stm32f4xx_hal_i2c.o(i.HAL_I2C_MasterTxCpltCallback)
    HAL_I2C_MemRxCpltCallback                0x08002995   Thumb Code    56  freertos.o(i.HAL_I2C_MemRxCpltCallback)
    HAL_I2C_MemTxCpltCallback                0x080029d9   Thumb Code     2  stm32f4xx_hal_i2c.o(i.HAL_I2C_MemTxCpltCallback)
    HAL_I2C_Mem_Read                         0x080029dd   Thumb Code   502  stm32f4xx_hal_i2c.o(i.HAL_I2C_Mem_Read)
    HAL_I2C_Mem_Read_DMA                     0x08002be1   Thumb Code   444  stm32f4xx_hal_i2c.o(i.HAL_I2C_Mem_Read_DMA)
    HAL_I2C_Mem_Write                        0x08002dad   Thumb Code   294  stm32f4xx_hal_i2c.o(i.HAL_I2C_Mem_Write)
    HAL_I2C_MspInit                          0x08002edd   Thumb Code   224  i2c.o(i.HAL_I2C_MspInit)
    HAL_I2C_SlaveRxCpltCallback              0x08002fd1   Thumb Code     2  stm32f4xx_hal_i2c.o(i.HAL_I2C_SlaveRxCpltCallback)
    HAL_I2C_SlaveTxCpltCallback              0x08002fd3   Thumb Code     2  stm32f4xx_hal_i2c.o(i.HAL_I2C_SlaveTxCpltCallback)
    HAL_IncTick                              0x08002fd5   Thumb Code    12  stm32f4xx_hal.o(i.HAL_IncTick)
    HAL_Init                                 0x08002fe5   Thumb Code    48  stm32f4xx_hal.o(i.HAL_Init)
    HAL_InitTick                             0x08003019   Thumb Code   132  stm32f4xx_hal_timebase_tim.o(i.HAL_InitTick)
    HAL_MspInit                              0x080030b1   Thumb Code    52  stm32f4xx_hal_msp.o(i.HAL_MspInit)
    HAL_NVIC_EnableIRQ                       0x080030e9   Thumb Code    26  stm32f4xx_hal_cortex.o(i.HAL_NVIC_EnableIRQ)
    HAL_NVIC_SetPriority                     0x08003105   Thumb Code    60  stm32f4xx_hal_cortex.o(i.HAL_NVIC_SetPriority)
    HAL_NVIC_SetPriorityGrouping             0x08003145   Thumb Code    26  stm32f4xx_hal_cortex.o(i.HAL_NVIC_SetPriorityGrouping)
    HAL_RCC_ClockConfig                      0x08003169   Thumb Code   288  stm32f4xx_hal_rcc.o(i.HAL_RCC_ClockConfig)
    HAL_RCC_GetClockConfig                   0x0800329d   Thumb Code    54  stm32f4xx_hal_rcc.o(i.HAL_RCC_GetClockConfig)
    HAL_RCC_GetPCLK1Freq                     0x080032dd   Thumb Code    20  stm32f4xx_hal_rcc.o(i.HAL_RCC_GetPCLK1Freq)
    HAL_RCC_GetPCLK2Freq                     0x080032fd   Thumb Code    20  stm32f4xx_hal_rcc.o(i.HAL_RCC_GetPCLK2Freq)
    HAL_RCC_GetSysClockFreq                  0x0800331d   Thumb Code    88  stm32f4xx_hal_rcc.o(i.HAL_RCC_GetSysClockFreq)
    HAL_RCC_OscConfig                        0x0800337d   Thumb Code   856  stm32f4xx_hal_rcc.o(i.HAL_RCC_OscConfig)
    HAL_TIMEx_BreakCallback                  0x080036e9   Thumb Code     2  stm32f4xx_hal_tim_ex.o(i.HAL_TIMEx_BreakCallback)
    HAL_TIMEx_CommutCallback                 0x080036eb   Thumb Code     2  stm32f4xx_hal_tim_ex.o(i.HAL_TIMEx_CommutCallback)
    HAL_TIMEx_ConfigBreakDeadTime            0x080036ed   Thumb Code    84  stm32f4xx_hal_tim_ex.o(i.HAL_TIMEx_ConfigBreakDeadTime)
    HAL_TIMEx_MasterConfigSynchronization    0x08003741   Thumb Code   116  stm32f4xx_hal_tim_ex.o(i.HAL_TIMEx_MasterConfigSynchronization)
    HAL_TIM_Base_Init                        0x080037d1   Thumb Code    90  stm32f4xx_hal_tim.o(i.HAL_TIM_Base_Init)
    HAL_TIM_Base_MspInit                     0x0800382b   Thumb Code     2  stm32f4xx_hal_tim.o(i.HAL_TIM_Base_MspInit)
    HAL_TIM_Base_Start_IT                    0x0800382d   Thumb Code   100  stm32f4xx_hal_tim.o(i.HAL_TIM_Base_Start_IT)
    HAL_TIM_IC_CaptureCallback               0x080038ad   Thumb Code     2  stm32f4xx_hal_tim.o(i.HAL_TIM_IC_CaptureCallback)
    HAL_TIM_IRQHandler                       0x080038af   Thumb Code   304  stm32f4xx_hal_tim.o(i.HAL_TIM_IRQHandler)
    HAL_TIM_MspPostInit                      0x080039e1   Thumb Code   288  tim.o(i.HAL_TIM_MspPostInit)
    HAL_TIM_OC_ConfigChannel                 0x08003b2d   Thumb Code    82  stm32f4xx_hal_tim.o(i.HAL_TIM_OC_ConfigChannel)
    HAL_TIM_OC_DelayElapsedCallback          0x08003b7f   Thumb Code     2  stm32f4xx_hal_tim.o(i.HAL_TIM_OC_DelayElapsedCallback)
    HAL_TIM_OC_Init                          0x08003b81   Thumb Code    90  stm32f4xx_hal_tim.o(i.HAL_TIM_OC_Init)
    HAL_TIM_OC_MspInit                       0x08003bdb   Thumb Code     2  stm32f4xx_hal_tim.o(i.HAL_TIM_OC_MspInit)
    HAL_TIM_PWM_ConfigChannel                0x08003bdd   Thumb Code   204  stm32f4xx_hal_tim.o(i.HAL_TIM_PWM_ConfigChannel)
    HAL_TIM_PWM_Init                         0x08003ca9   Thumb Code    90  stm32f4xx_hal_tim.o(i.HAL_TIM_PWM_Init)
    HAL_TIM_PWM_MspInit                      0x08003d05   Thumb Code   164  tim.o(i.HAL_TIM_PWM_MspInit)
    HAL_TIM_PWM_PulseFinishedCallback        0x08003dc1   Thumb Code     2  stm32f4xx_hal_tim.o(i.HAL_TIM_PWM_PulseFinishedCallback)
    HAL_TIM_PWM_Start                        0x08003dc5   Thumb Code   172  stm32f4xx_hal_tim.o(i.HAL_TIM_PWM_Start)
    HAL_TIM_PWM_Stop                         0x08003e8d   Thumb Code   114  stm32f4xx_hal_tim.o(i.HAL_TIM_PWM_Stop)
    HAL_TIM_PeriodElapsedCallback            0x08003f09   Thumb Code    14  main.o(i.HAL_TIM_PeriodElapsedCallback)
    HAL_TIM_TriggerCallback                  0x08003f1d   Thumb Code     2  stm32f4xx_hal_tim.o(i.HAL_TIM_TriggerCallback)
    HAL_UART_Init                            0x08003f1f   Thumb Code   100  stm32f4xx_hal_uart.o(i.HAL_UART_Init)
    HAL_UART_MspInit                         0x08003f85   Thumb Code   310  usart.o(i.HAL_UART_MspInit)
    HAL_UART_Transmit                        0x080040dd   Thumb Code   160  stm32f4xx_hal_uart.o(i.HAL_UART_Transmit)
    HardFault_Handler                        0x0800417d   Thumb Code     2  stm32f4xx_it.o(i.HardFault_Handler)
    I2C1_ER_IRQHandler                       0x08004181   Thumb Code     6  stm32f4xx_it.o(i.I2C1_ER_IRQHandler)
    I2C1_EV_IRQHandler                       0x0800418d   Thumb Code     6  stm32f4xx_it.o(i.I2C1_EV_IRQHandler)
    MPU6050_CalibrateYaw                     0x080050d9   Thumb Code   116  mpu6050.o(i.MPU6050_CalibrateYaw)
    MPU6050_GetYaw                           0x08005159   Thumb Code     8  mpu6050.o(i.MPU6050_GetYaw)
    MPU6050_Init                             0x08005165   Thumb Code   194  mpu6050.o(i.MPU6050_Init)
    MPU6050_IntegrateYaw                     0x08005239   Thumb Code    66  mpu6050.o(i.MPU6050_IntegrateYaw)
    MPU6050_OnDMAComplete                    0x0800528d   Thumb Code    58  mpu6050.o(i.MPU6050_OnDMAComplete)
    MPU6050_StartReadDMA                     0x080052d5   Thumb Code    50  mpu6050.o(i.MPU6050_StartReadDMA)
    MX_DMA_Init                              0x08005315   Thumb Code    56  dma.o(i.MX_DMA_Init)
    MX_FREERTOS_Init                         0x08005351   Thumb Code    54  freertos.o(i.MX_FREERTOS_Init)
    MX_GPIO_Init                             0x0800539d   Thumb Code   262  gpio.o(i.MX_GPIO_Init)
    MX_I2C1_Init                             0x080054b9   Thumb Code    50  i2c.o(i.MX_I2C1_Init)
    MX_TIM2_Init                             0x080054f9   Thumb Code   166  tim.o(i.MX_TIM2_Init)
    MX_TIM3_Init                             0x080055a5   Thumb Code   102  tim.o(i.MX_TIM3_Init)
    MX_TIM4_Init                             0x08005615   Thumb Code   102  tim.o(i.MX_TIM4_Init)
    MX_TIM5_Init                             0x08005685   Thumb Code   100  tim.o(i.MX_TIM5_Init)
    MX_TIM8_Init                             0x080056f1   Thumb Code   150  tim.o(i.MX_TIM8_Init)
    MX_TIM9_Init                             0x08005791   Thumb Code    80  tim.o(i.MX_TIM9_Init)
    MX_USART1_UART_Init                      0x080057e9   Thumb Code    48  usart.o(i.MX_USART1_UART_Init)
    MX_USART2_UART_Init                      0x08005821   Thumb Code    48  usart.o(i.MX_USART2_UART_Init)
    MX_USART3_UART_Init                      0x08005859   Thumb Code    48  usart.o(i.MX_USART3_UART_Init)
    MX_USART6_UART_Init                      0x08005891   Thumb Code    48  usart.o(i.MX_USART6_UART_Init)
    MX_USB_OTG_FS_USB_Init                   0x080058c9   Thumb Code     2  usb_otg.o(i.MX_USB_OTG_FS_USB_Init)
    Mecanum_Inverse                          0x080058cd   Thumb Code    56  mecanum.o(i.Mecanum_Inverse)
    MemManage_Handler                        0x08005909   Thumb Code     2  stm32f4xx_it.o(i.MemManage_Handler)
    NMI_Handler                              0x0800590b   Thumb Code     2  stm32f4xx_it.o(i.NMI_Handler)
    Scurve_Init                              0x0800590d   Thumb Code    42  scurve.o(i.Scurve_Init)
    Scurve_IsIdle                            0x0800593d   Thumb Code    14  scurve.o(i.Scurve_IsIdle)
    Scurve_MoveTo                            0x0800594d   Thumb Code    88  scurve.o(i.Scurve_MoveTo)
    Scurve_SetConfig                         0x080059ad   Thumb Code    76  scurve.o(i.Scurve_SetConfig)
    Scurve_Stop                              0x080059f9   Thumb Code    22  scurve.o(i.Scurve_Stop)
    Scurve_Update                            0x08005a15   Thumb Code   594  scurve.o(i.Scurve_Update)
    StartChassisTask                         0x08005c6d   Thumb Code    34  freertos.o(i.StartChassisTask)
    StartDefaultTask                         0x08005c91   Thumb Code   288  freertos.o(i.StartDefaultTask)
    StartGyroTask                            0x08005e71   Thumb Code   134  freertos.o(i.StartGyroTask)
    Stepper_Init                             0x08005fad   Thumb Code   160  stepper.o(i.Stepper_Init)
    Stepper_SetSpeed                         0x08006061   Thumb Code   224  stepper.o(i.Stepper_SetSpeed)
    Stepper_SetWheelSpeed                    0x08006151   Thumb Code    26  stepper.o(i.Stepper_SetWheelSpeed)
    Stepper_SetWheelSpeedAll                 0x08006175   Thumb Code    32  stepper.o(i.Stepper_SetWheelSpeedAll)
    SysTick_Handler                          0x080061c7   Thumb Code    26  cmsis_os2.o(i.SysTick_Handler)
    SystemClock_Config                       0x080061e1   Thumb Code   140  main.o(i.SystemClock_Config)
    SystemInit                               0x08006275   Thumb Code    12  system_stm32f4xx.o(i.SystemInit)
    TIM8_TRG_COM_TIM14_IRQHandler            0x08006285   Thumb Code    18  stm32f4xx_it.o(i.TIM8_TRG_COM_TIM14_IRQHandler)
    TIM_Base_SetConfig                       0x080062a1   Thumb Code   164  stm32f4xx_hal_tim.o(i.TIM_Base_SetConfig)
    TIM_CCxChannelCmd                        0x08006371   Thumb Code    26  stm32f4xx_hal_tim.o(i.TIM_CCxChannelCmd)
    TIM_OC2_SetConfig                        0x080063ed   Thumb Code    98  stm32f4xx_hal_tim.o(i.TIM_OC2_SetConfig)
    UsageFault_Handler                       0x080066df   Thumb Code     2  stm32f4xx_it.o(i.UsageFault_Handler)
    __ARM_fpclassify                         0x080066e1   Thumb Code    48  fpclassify.o(i.__ARM_fpclassify)
    __ARM_fpclassifyf                        0x08006711   Thumb Code    38  fpclassifyf.o(i.__ARM_fpclassifyf)
    __hardfp_atan2f                          0x08006759   Thumb Code   594  atan2f.o(i.__hardfp_atan2f)
    __hardfp_cosf                            0x08006a05   Thumb Code   280  cosf.o(i.__hardfp_cosf)
    __hardfp_sinf                            0x08006b55   Thumb Code   344  sinf.o(i.__hardfp_sinf)
    __hardfp_sqrtf                           0x08006ce5   Thumb Code    58  sqrtf.o(i.__hardfp_sqrtf)
    __mathlib_flt_infnan                     0x08006d1f   Thumb Code     6  funder.o(i.__mathlib_flt_infnan)
    __mathlib_flt_infnan2                    0x08006d25   Thumb Code     6  funder.o(i.__mathlib_flt_infnan2)
    __mathlib_flt_invalid                    0x08006d2d   Thumb Code    10  funder.o(i.__mathlib_flt_invalid)
    __mathlib_flt_underflow                  0x08006d3d   Thumb Code    10  funder.o(i.__mathlib_flt_underflow)
    __mathlib_rredf2                         0x08006d4d   Thumb Code   316  rredf.o(i.__mathlib_rredf2)
    _is_digit                                0x08006ea1   Thumb Code    14  __printf_wp.o(i._is_digit)
    chassis_feed_gyro                        0x08006eb1   Thumb Code    22  chassis.o(i.chassis_feed_gyro)
    chassis_get_pose                         0x08006ecd   Thumb Code    40  chassis.o(i.chassis_get_pose)
    chassis_get_wheel_speed                  0x08006ef9   Thumb Code    28  chassis.o(i.chassis_get_wheel_speed)
    chassis_init                             0x08006f19   Thumb Code   118  chassis.o(i.chassis_init)
    chassis_tick                             0x08006fb5   Thumb Code   506  chassis.o(i.chassis_tick)
    headturn                                 0x08007219   Thumb Code   164  chassis.o(i.headturn)
    main                                     0x080072c1   Thumb Code    78  main.o(i.main)
    move_to_coordinate                       0x08007311   Thumb Code   244  chassis.o(i.move_to_coordinate)
    osDelay                                  0x0800743d   Thumb Code    26  cmsis_os2.o(i.osDelay)
    osKernelInitialize                       0x08007459   Thumb Code    32  cmsis_os2.o(i.osKernelInitialize)
    osKernelStart                            0x0800747d   Thumb Code    48  cmsis_os2.o(i.osKernelStart)
    osThreadNew                              0x080074b5   Thumb Code   138  cmsis_os2.o(i.osThreadNew)
    pvPortMalloc                             0x08007d01   Thumb Code   216  heap_4.o(i.pvPortMalloc)
    pvTaskIncrementMutexHeldCount            0x08007ddd   Thumb Code    18  tasks.o(i.pvTaskIncrementMutexHeldCount)
    pxPortInitialiseStack                    0x08007df5   Thumb Code    40  port.o(i.pxPortInitialiseStack)
    uxListRemove                             0x08007e21   Thumb Code    38  list.o(i.uxListRemove)
    vApplicationGetIdleTaskMemory            0x08007e49   Thumb Code    16  cmsis_os2.o(i.vApplicationGetIdleTaskMemory)
    vApplicationGetTimerTaskMemory           0x08007e5d   Thumb Code    18  cmsis_os2.o(i.vApplicationGetTimerTaskMemory)
    vListInitialise                          0x08007e75   Thumb Code    22  list.o(i.vListInitialise)
    vListInitialiseItem                      0x08007e8b   Thumb Code     6  list.o(i.vListInitialiseItem)
    vListInsert                              0x08007e91   Thumb Code    48  list.o(i.vListInsert)
    vListInsertEnd                           0x08007ec1   Thumb Code    24  list.o(i.vListInsertEnd)
    vPortEnterCritical                       0x08007ed9   Thumb Code    54  port.o(i.vPortEnterCritical)
    vPortExitCritical                        0x08007f19   Thumb Code    34  port.o(i.vPortExitCritical)
    vPortFree                                0x08007f41   Thumb Code    94  heap_4.o(i.vPortFree)
    vPortSetupTimerInterrupt                 0x08007fa5   Thumb Code    32  port.o(i.vPortSetupTimerInterrupt)
    vPortValidateInterruptPriority           0x08007fc9   Thumb Code    74  port.o(i.vPortValidateInterruptPriority)
    vQueueAddToRegistry                      0x0800801d   Thumb Code    34  queue.o(i.vQueueAddToRegistry)
    vQueueWaitForMessageRestricted           0x08008045   Thumb Code    68  queue.o(i.vQueueWaitForMessageRestricted)
    vTaskDelay                               0x08008089   Thumb Code    66  tasks.o(i.vTaskDelay)
    vTaskDelayUntil                          0x080080d5   Thumb Code   132  tasks.o(i.vTaskDelayUntil)
    vTaskInternalSetTimeOutState             0x08008161   Thumb Code    12  tasks.o(i.vTaskInternalSetTimeOutState)
    vTaskMissedYield                         0x08008171   Thumb Code     8  tasks.o(i.vTaskMissedYield)
    vTaskPlaceOnEventList                    0x0800817d   Thumb Code    44  tasks.o(i.vTaskPlaceOnEventList)
    vTaskPlaceOnEventListRestricted          0x080081ad   Thumb Code    52  tasks.o(i.vTaskPlaceOnEventListRestricted)
    vTaskPriorityDisinheritAfterTimeout      0x080081e5   Thumb Code   134  tasks.o(i.vTaskPriorityDisinheritAfterTimeout)
    vTaskStartScheduler                      0x08008275   Thumb Code   118  tasks.o(i.vTaskStartScheduler)
    vTaskSuspendAll                          0x080082fd   Thumb Code    10  tasks.o(i.vTaskSuspendAll)
    vTaskSwitchContext                       0x0800830d   Thumb Code    90  tasks.o(i.vTaskSwitchContext)
    xPortStartScheduler                      0x08008395   Thumb Code   222  port.o(i.xPortStartScheduler)
    xPortSysTickHandler                      0x08008489   Thumb Code    38  port.o(i.xPortSysTickHandler)
    xQueueGenericCreate                      0x080084b5   Thumb Code    66  queue.o(i.xQueueGenericCreate)
    xQueueGenericCreateStatic                0x080084f7   Thumb Code   102  queue.o(i.xQueueGenericCreateStatic)
    xQueueGenericReset                       0x0800855d   Thumb Code   132  queue.o(i.xQueueGenericReset)
    xQueueGenericSend                        0x080085e5   Thumb Code   346  queue.o(i.xQueueGenericSend)
    xQueueGenericSendFromISR                 0x08008745   Thumb Code   190  queue.o(i.xQueueGenericSendFromISR)
    xQueueGiveFromISR                        0x08008803   Thumb Code   156  queue.o(i.xQueueGiveFromISR)
    xQueueReceive                            0x080088a1   Thumb Code   308  queue.o(i.xQueueReceive)
    xQueueSemaphoreTake                      0x080089d9   Thumb Code   372  queue.o(i.xQueueSemaphoreTake)
    xTaskCheckForTimeOut                     0x08008b51   Thumb Code   112  tasks.o(i.xTaskCheckForTimeOut)
    xTaskCreate                              0x08008bc5   Thumb Code    90  tasks.o(i.xTaskCreate)
    xTaskCreateStatic                        0x08008c1f   Thumb Code    86  tasks.o(i.xTaskCreateStatic)
    xTaskGetSchedulerState                   0x08008c75   Thumb Code    22  tasks.o(i.xTaskGetSchedulerState)
    xTaskGetTickCount                        0x08008c91   Thumb Code     6  tasks.o(i.xTaskGetTickCount)
    xTaskIncrementTick                       0x08008c9d   Thumb Code   192  tasks.o(i.xTaskIncrementTick)
    xTaskPriorityDisinherit                  0x08008d65   Thumb Code   118  tasks.o(i.xTaskPriorityDisinherit)
    xTaskPriorityInherit                     0x08008de5   Thumb Code   112  tasks.o(i.xTaskPriorityInherit)
    xTaskRemoveFromEventList                 0x08008e5d   Thumb Code    98  tasks.o(i.xTaskRemoveFromEventList)
    xTaskResumeAll                           0x08008ecd   Thumb Code   182  tasks.o(i.xTaskResumeAll)
    xTimerCreateTimerTask                    0x08008f91   Thumb Code    78  timers.o(i.xTimerCreateTimerTask)
    xTimerGenericCommand                     0x08008ff1   Thumb Code    98  timers.o(i.xTimerGenericCommand)
    _get_lc_numeric                          0x08009059   Thumb Code    44  lc_numeric_c.o(locale$$code)
    _get_lc_ctype                            0x08009085   Thumb Code    44  lc_ctype_c.o(locale$$code)
    __fpl_dretinf                            0x080090b1   Thumb Code    12  dretinf.o(x$fpl$dretinf)
    __aeabi_f2d                              0x080090bd   Thumb Code     0  f2d.o(x$fpl$f2d)
    _f2d                                     0x080090bd   Thumb Code    86  f2d.o(x$fpl$f2d)
    __fpl_fnaninf                            0x08009113   Thumb Code   140  fnaninf.o(x$fpl$fnaninf)
    _fp_init                                 0x0800919f   Thumb Code    10  fpinit.o(x$fpl$fpinit)
    __fplib_config_fpu_vfp                   0x080091a7   Thumb Code     0  fpinit.o(x$fpl$fpinit)
    __fplib_config_pureend_doubles           0x080091a7   Thumb Code     0  fpinit.o(x$fpl$fpinit)
    _printf_fp_dec                           0x080091a9   Thumb Code     4  printf1.o(x$fpl$printf1)
    _printf_fp_hex                           0x080091ad   Thumb Code     4  printf2.o(x$fpl$printf2)
    __I$use$fp                               0x080091b0   Number         0  usenofp.o(x$fpl$usenofp)
    chassisTask_attributes                   0x08009208   Data          36  freertos.o(.constdata)
    gyroTask_attributes                      0x0800922c   Data          36  freertos.o(.constdata)
    defaultTask_attributes                   0x08009250   Data          36  freertos.o(.constdata)
    AHBPrescTable                            0x0800927c   Data          16  system_stm32f4xx.o(.constdata)
    APBPrescTable                            0x0800928c   Data           8  system_stm32f4xx.o(.constdata)
    Region$$Table$$Base                      0x080093d8   Number         0  anon$$obj.o(Region$$Table)
    Region$$Table$$Limit                     0x080093f8   Number         0  anon$$obj.o(Region$$Table)
    __ctype                                  0x08009421   Data           0  lc_ctype_c.o(locale$$data)
    chassisTaskHandle                        0x20000020   Data           4  freertos.o(.data)
    gyroTaskHandle                           0x20000024   Data           4  freertos.o(.data)
    defaultTaskHandle                        0x20000028   Data           4  freertos.o(.data)
    uwTickFreq                               0x2000002c   Data           1  stm32f4xx_hal.o(.data)
    uwTickPrio                               0x20000030   Data           4  stm32f4xx_hal.o(.data)
    uwTick                                   0x20000034   Data           4  stm32f4xx_hal.o(.data)
    SystemCoreClock                          0x20000038   Data           4  system_stm32f4xx.o(.data)
    pxCurrentTCB                             0x2000003c   Data           4  tasks.o(.data)
    hi2c1                                    0x200001fc   Data          84  i2c.o(.bss)
    hdma_i2c1_rx                             0x20000250   Data          96  i2c.o(.bss)
    hdma_i2c1_tx                             0x200002b0   Data          96  i2c.o(.bss)
    htim2                                    0x20000310   Data          72  tim.o(.bss)
    htim3                                    0x20000358   Data          72  tim.o(.bss)
    htim4                                    0x200003a0   Data          72  tim.o(.bss)
    htim5                                    0x200003e8   Data          72  tim.o(.bss)
    htim8                                    0x20000430   Data          72  tim.o(.bss)
    htim9                                    0x20000478   Data          72  tim.o(.bss)
    huart1                                   0x200004c0   Data          72  usart.o(.bss)
    huart2                                   0x20000508   Data          72  usart.o(.bss)
    huart3                                   0x20000550   Data          72  usart.o(.bss)
    huart6                                   0x20000598   Data          72  usart.o(.bss)
    htim14                                   0x200005e0   Data          72  stm32f4xx_hal_timebase_tim.o(.bss)
    xQueueRegistry                           0x20000628   Data          64  queue.o(.bss)
    __libspace_start                         0x20004efc   Data          96  libspace.o(.bss)
    __temporary_stack_top$libspace           0x20004f5c   Data           0  libspace.o(.bss)



==============================================================================

Memory Map of the image

  Image Entry point : 0x08000189

  Load Region LR_IROM1 (Base: 0x08000000, Size: 0x000095e0, Max: 0x00100000, ABSOLUTE)

    Execution Region ER_IROM1 (Exec base: 0x08000000, Load base: 0x08000000, Size: 0x00009524, Max: 0x00100000, ABSOLUTE)

    Exec Addr    Load Addr    Size         Type   Attr      Idx    E Section Name        Object

    0x08000000   0x08000000   0x00000188   Data   RO            3    RESET               startup_stm32f407xx.o
    0x08000188   0x08000188   0x00000008   Code   RO         5793  * !!!main             c_w.l(__main.o)
    0x08000190   0x08000190   0x00000034   Code   RO         6210    !!!scatter          c_w.l(__scatter.o)
    0x080001c4   0x080001c4   0x0000001a   Code   RO         6212    !!handler_copy      c_w.l(__scatter_copy.o)
    0x080001de   0x080001de   0x00000002   PAD
    0x080001e0   0x080001e0   0x0000001c   Code   RO         6214    !!handler_zi        c_w.l(__scatter_zi.o)
    0x080001fc   0x080001fc   0x00000000   Code   RO         5935    .ARM.Collect$$_printf_percent$$00000000  c_w.l(_printf_percent.o)
    0x080001fc   0x080001fc   0x00000006   Code   RO         5924    .ARM.Collect$$_printf_percent$$00000001  c_w.l(_printf_n.o)
    0x08000202   0x08000202   0x00000006   Code   RO         5926    .ARM.Collect$$_printf_percent$$00000002  c_w.l(_printf_p.o)
    0x08000208   0x08000208   0x00000006   Code   RO         5931    .ARM.Collect$$_printf_percent$$00000003  c_w.l(_printf_f.o)
    0x0800020e   0x0800020e   0x00000006   Code   RO         5932    .ARM.Collect$$_printf_percent$$00000004  c_w.l(_printf_e.o)
    0x08000214   0x08000214   0x00000006   Code   RO         5933    .ARM.Collect$$_printf_percent$$00000005  c_w.l(_printf_g.o)
    0x0800021a   0x0800021a   0x00000006   Code   RO         5934    .ARM.Collect$$_printf_percent$$00000006  c_w.l(_printf_a.o)
    0x08000220   0x08000220   0x0000000a   Code   RO         5939    .ARM.Collect$$_printf_percent$$00000007  c_w.l(_printf_ll.o)
    0x0800022a   0x0800022a   0x00000006   Code   RO         5928    .ARM.Collect$$_printf_percent$$00000008  c_w.l(_printf_i.o)
    0x08000230   0x08000230   0x00000006   Code   RO         5929    .ARM.Collect$$_printf_percent$$00000009  c_w.l(_printf_d.o)
    0x08000236   0x08000236   0x00000006   Code   RO         5930    .ARM.Collect$$_printf_percent$$0000000A  c_w.l(_printf_u.o)
    0x0800023c   0x0800023c   0x00000006   Code   RO         5927    .ARM.Collect$$_printf_percent$$0000000B  c_w.l(_printf_o.o)
    0x08000242   0x08000242   0x00000006   Code   RO         5925    .ARM.Collect$$_printf_percent$$0000000C  c_w.l(_printf_x.o)
    0x08000248   0x08000248   0x00000006   Code   RO         5936    .ARM.Collect$$_printf_percent$$0000000D  c_w.l(_printf_lli.o)
    0x0800024e   0x0800024e   0x00000006   Code   RO         5937    .ARM.Collect$$_printf_percent$$0000000E  c_w.l(_printf_lld.o)
    0x08000254   0x08000254   0x00000006   Code   RO         5938    .ARM.Collect$$_printf_percent$$0000000F  c_w.l(_printf_llu.o)
    0x0800025a   0x0800025a   0x00000006   Code   RO         5943    .ARM.Collect$$_printf_percent$$00000010  c_w.l(_printf_llo.o)
    0x08000260   0x08000260   0x00000006   Code   RO         5944    .ARM.Collect$$_printf_percent$$00000011  c_w.l(_printf_llx.o)
    0x08000266   0x08000266   0x0000000a   Code   RO         5940    .ARM.Collect$$_printf_percent$$00000012  c_w.l(_printf_l.o)
    0x08000270   0x08000270   0x00000006   Code   RO         5922    .ARM.Collect$$_printf_percent$$00000013  c_w.l(_printf_c.o)
    0x08000276   0x08000276   0x00000006   Code   RO         5923    .ARM.Collect$$_printf_percent$$00000014  c_w.l(_printf_s.o)
    0x0800027c   0x0800027c   0x00000006   Code   RO         5941    .ARM.Collect$$_printf_percent$$00000015  c_w.l(_printf_lc.o)
    0x08000282   0x08000282   0x00000006   Code   RO         5942    .ARM.Collect$$_printf_percent$$00000016  c_w.l(_printf_ls.o)
    0x08000288   0x08000288   0x00000004   Code   RO         6016    .ARM.Collect$$_printf_percent$$00000017  c_w.l(_printf_percent_end.o)
    0x0800028c   0x0800028c   0x00000002   Code   RO         6072    .ARM.Collect$$libinit$$00000000  c_w.l(libinit.o)
    0x0800028e   0x0800028e   0x00000004   Code   RO         6090    .ARM.Collect$$libinit$$00000001  c_w.l(libinit2.o)
    0x08000292   0x08000292   0x00000000   Code   RO         6093    .ARM.Collect$$libinit$$00000004  c_w.l(libinit2.o)
    0x08000292   0x08000292   0x00000000   Code   RO         6096    .ARM.Collect$$libinit$$0000000A  c_w.l(libinit2.o)
    0x08000292   0x08000292   0x00000000   Code   RO         6098    .ARM.Collect$$libinit$$0000000C  c_w.l(libinit2.o)
    0x08000292   0x08000292   0x00000000   Code   RO         6100    .ARM.Collect$$libinit$$0000000E  c_w.l(libinit2.o)
    0x08000292   0x08000292   0x00000006   Code   RO         6101    .ARM.Collect$$libinit$$0000000F  c_w.l(libinit2.o)
    0x08000298   0x08000298   0x00000000   Code   RO         6103    .ARM.Collect$$libinit$$00000011  c_w.l(libinit2.o)
    0x08000298   0x08000298   0x0000000c   Code   RO         6104    .ARM.Collect$$libinit$$00000012  c_w.l(libinit2.o)
    0x080002a4   0x080002a4   0x00000000   Code   RO         6105    .ARM.Collect$$libinit$$00000013  c_w.l(libinit2.o)
    0x080002a4   0x080002a4   0x00000000   Code   RO         6107    .ARM.Collect$$libinit$$00000015  c_w.l(libinit2.o)
    0x080002a4   0x080002a4   0x0000000a   Code   RO         6108    .ARM.Collect$$libinit$$00000016  c_w.l(libinit2.o)
    0x080002ae   0x080002ae   0x00000000   Code   RO         6109    .ARM.Collect$$libinit$$00000017  c_w.l(libinit2.o)
    0x080002ae   0x080002ae   0x00000000   Code   RO         6111    .ARM.Collect$$libinit$$00000019  c_w.l(libinit2.o)
    0x080002ae   0x080002ae   0x00000000   Code   RO         6113    .ARM.Collect$$libinit$$0000001B  c_w.l(libinit2.o)
    0x080002ae   0x080002ae   0x00000000   Code   RO         6115    .ARM.Collect$$libinit$$0000001D  c_w.l(libinit2.o)
    0x080002ae   0x080002ae   0x00000000   Code   RO         6117    .ARM.Collect$$libinit$$0000001F  c_w.l(libinit2.o)
    0x080002ae   0x080002ae   0x00000000   Code   RO         6119    .ARM.Collect$$libinit$$00000021  c_w.l(libinit2.o)
    0x080002ae   0x080002ae   0x00000000   Code   RO         6121    .ARM.Collect$$libinit$$00000023  c_w.l(libinit2.o)
    0x080002ae   0x080002ae   0x00000000   Code   RO         6123    .ARM.Collect$$libinit$$00000025  c_w.l(libinit2.o)
    0x080002ae   0x080002ae   0x00000000   Code   RO         6127    .ARM.Collect$$libinit$$0000002C  c_w.l(libinit2.o)
    0x080002ae   0x080002ae   0x00000000   Code   RO         6129    .ARM.Collect$$libinit$$0000002E  c_w.l(libinit2.o)
    0x080002ae   0x080002ae   0x00000000   Code   RO         6131    .ARM.Collect$$libinit$$00000030  c_w.l(libinit2.o)
    0x080002ae   0x080002ae   0x00000000   Code   RO         6133    .ARM.Collect$$libinit$$00000032  c_w.l(libinit2.o)
    0x080002ae   0x080002ae   0x00000002   Code   RO         6134    .ARM.Collect$$libinit$$00000033  c_w.l(libinit2.o)
    0x080002b0   0x080002b0   0x00000002   Code   RO         6165    .ARM.Collect$$libshutdown$$00000000  c_w.l(libshutdown.o)
    0x080002b2   0x080002b2   0x00000000   Code   RO         6191    .ARM.Collect$$libshutdown$$00000002  c_w.l(libshutdown2.o)
    0x080002b2   0x080002b2   0x00000000   Code   RO         6193    .ARM.Collect$$libshutdown$$00000004  c_w.l(libshutdown2.o)
    0x080002b2   0x080002b2   0x00000000   Code   RO         6195    .ARM.Collect$$libshutdown$$00000006  c_w.l(libshutdown2.o)
    0x080002b2   0x080002b2   0x00000000   Code   RO         6198    .ARM.Collect$$libshutdown$$00000009  c_w.l(libshutdown2.o)
    0x080002b2   0x080002b2   0x00000000   Code   RO         6201    .ARM.Collect$$libshutdown$$0000000C  c_w.l(libshutdown2.o)
    0x080002b2   0x080002b2   0x00000000   Code   RO         6203    .ARM.Collect$$libshutdown$$0000000E  c_w.l(libshutdown2.o)
    0x080002b2   0x080002b2   0x00000000   Code   RO         6206    .ARM.Collect$$libshutdown$$00000011  c_w.l(libshutdown2.o)
    0x080002b2   0x080002b2   0x00000002   Code   RO         6207    .ARM.Collect$$libshutdown$$00000012  c_w.l(libshutdown2.o)
    0x080002b4   0x080002b4   0x00000000   Code   RO         5845    .ARM.Collect$$rtentry$$00000000  c_w.l(__rtentry.o)
    0x080002b4   0x080002b4   0x00000000   Code   RO         5980    .ARM.Collect$$rtentry$$00000002  c_w.l(__rtentry2.o)
    0x080002b4   0x080002b4   0x00000006   Code   RO         5992    .ARM.Collect$$rtentry$$00000004  c_w.l(__rtentry4.o)
    0x080002ba   0x080002ba   0x00000000   Code   RO         5982    .ARM.Collect$$rtentry$$00000009  c_w.l(__rtentry2.o)
    0x080002ba   0x080002ba   0x00000004   Code   RO         5983    .ARM.Collect$$rtentry$$0000000A  c_w.l(__rtentry2.o)
    0x080002be   0x080002be   0x00000000   Code   RO         5985    .ARM.Collect$$rtentry$$0000000C  c_w.l(__rtentry2.o)
    0x080002be   0x080002be   0x00000008   Code   RO         5986    .ARM.Collect$$rtentry$$0000000D  c_w.l(__rtentry2.o)
    0x080002c6   0x080002c6   0x00000002   Code   RO         6077    .ARM.Collect$$rtexit$$00000000  c_w.l(rtexit.o)
    0x080002c8   0x080002c8   0x00000000   Code   RO         6138    .ARM.Collect$$rtexit$$00000002  c_w.l(rtexit2.o)
    0x080002c8   0x080002c8   0x00000004   Code   RO         6139    .ARM.Collect$$rtexit$$00000003  c_w.l(rtexit2.o)
    0x080002cc   0x080002cc   0x00000006   Code   RO         6140    .ARM.Collect$$rtexit$$00000004  c_w.l(rtexit2.o)
    0x080002d2   0x080002d2   0x00000002   PAD
    0x080002d4   0x080002d4   0x000000be   Code   RO         5698    .emb_text           port.o
    0x08000392   0x08000392   0x00000002   PAD
    0x08000394   0x08000394   0x00000040   Code   RO            4    .text               startup_stm32f407xx.o
    0x080003d4   0x080003d4   0x000000ee   Code   RO         5777    .text               c_w.l(lludivv7m.o)
    0x080004c2   0x080004c2   0x00000002   PAD
    0x080004c4   0x080004c4   0x00000034   Code   RO         5779    .text               c_w.l(vsnprintf.o)
    0x080004f8   0x080004f8   0x0000008a   Code   RO         5781    .text               c_w.l(rt_memcpy_v6.o)
    0x08000582   0x08000582   0x00000010   Code   RO         5785    .text               c_w.l(aeabi_memset.o)
    0x08000592   0x08000592   0x00000044   Code   RO         5787    .text               c_w.l(rt_memclr.o)
    0x080005d6   0x080005d6   0x0000004e   Code   RO         5789    .text               c_w.l(rt_memclr_w.o)
    0x08000624   0x08000624   0x00000006   Code   RO         5791    .text               c_w.l(heapauxi.o)
    0x0800062a   0x0800062a   0x00000016   Code   RO         5850    .text               c_w.l(_rserrno.o)
    0x08000640   0x08000640   0x0000004e   Code   RO         5854    .text               c_w.l(_printf_pad.o)
    0x0800068e   0x0800068e   0x00000024   Code   RO         5856    .text               c_w.l(_printf_truncate.o)
    0x080006b2   0x080006b2   0x00000052   Code   RO         5858    .text               c_w.l(_printf_str.o)
    0x08000704   0x08000704   0x00000078   Code   RO         5860    .text               c_w.l(_printf_dec.o)
    0x0800077c   0x0800077c   0x00000028   Code   RO         5862    .text               c_w.l(_printf_charcount.o)
    0x080007a4   0x080007a4   0x00000030   Code   RO         5864    .text               c_w.l(_printf_char_common.o)
    0x080007d4   0x080007d4   0x0000000a   Code   RO         5866    .text               c_w.l(_sputc.o)
    0x080007de   0x080007de   0x00000010   Code   RO         5868    .text               c_w.l(_snputc.o)
    0x080007ee   0x080007ee   0x00000002   PAD
    0x080007f0   0x080007f0   0x000000bc   Code   RO         5870    .text               c_w.l(_printf_wctomb.o)
    0x080008ac   0x080008ac   0x0000007c   Code   RO         5873    .text               c_w.l(_printf_longlong_dec.o)
    0x08000928   0x08000928   0x00000070   Code   RO         5879    .text               c_w.l(_printf_oct_int_ll.o)
    0x08000998   0x08000998   0x00000094   Code   RO         5899    .text               c_w.l(_printf_hex_int_ll_ptr.o)
    0x08000a2c   0x08000a2c   0x00000188   Code   RO         5919    .text               c_w.l(__printf_flags_ss_wp.o)
    0x08000bb4   0x08000bb4   0x00000064   Code   RO         5945    .text               c_w.l(rt_memcpy_w.o)
    0x08000c18   0x08000c18   0x00000008   Code   RO         5999    .text               c_w.l(rt_errno_addr_intlibspace.o)
    0x08000c20   0x08000c20   0x0000008a   Code   RO         6001    .text               c_w.l(lludiv10.o)
    0x08000caa   0x08000caa   0x000000b2   Code   RO         6003    .text               c_w.l(_printf_intcommon.o)
    0x08000d5c   0x08000d5c   0x0000041e   Code   RO         6005    .text               c_w.l(_printf_fp_dec.o)
    0x0800117a   0x0800117a   0x00000002   PAD
    0x0800117c   0x0800117c   0x000002fc   Code   RO         6007    .text               c_w.l(_printf_fp_hex.o)
    0x08001478   0x08001478   0x0000002c   Code   RO         6012    .text               c_w.l(_printf_char.o)
    0x080014a4   0x080014a4   0x0000002c   Code   RO         6014    .text               c_w.l(_printf_wchar.o)
    0x080014d0   0x080014d0   0x00000040   Code   RO         6017    .text               c_w.l(_wcrtomb.o)
    0x08001510   0x08001510   0x00000008   Code   RO         6019    .text               c_w.l(libspace.o)
    0x08001518   0x08001518   0x0000004a   Code   RO         6022    .text               c_w.l(sys_stackheap_outer.o)
    0x08001562   0x08001562   0x00000002   PAD
    0x08001564   0x08001564   0x00000010   Code   RO         6024    .text               c_w.l(rt_ctype_table.o)
    0x08001574   0x08001574   0x00000008   Code   RO         6029    .text               c_w.l(rt_locale_intlibspace.o)
    0x0800157c   0x0800157c   0x00000080   Code   RO         6031    .text               c_w.l(_printf_fp_infnan.o)
    0x080015fc   0x080015fc   0x000000e4   Code   RO         6033    .text               c_w.l(bigflt0.o)
    0x080016e0   0x080016e0   0x00000012   Code   RO         6061    .text               c_w.l(exit.o)
    0x080016f2   0x080016f2   0x00000002   PAD
    0x080016f4   0x080016f4   0x00000080   Code   RO         6088    .text               c_w.l(strcmpv7m.o)
    0x08001774   0x08001774   0x0000000c   Code   RO         6135    .text               c_w.l(sys_exit.o)
    0x08001780   0x08001780   0x00000002   Code   RO         6154    .text               c_w.l(use_no_semi.o)
    0x08001782   0x08001782   0x00000000   Code   RO         6156    .text               c_w.l(indicate_semi.o)
    0x08001782   0x08001782   0x0000003e   Code   RO         6036    CL$$btod_d2e        c_w.l(btod.o)
    0x080017c0   0x080017c0   0x00000046   Code   RO         6038    CL$$btod_d2e_denorm_low  c_w.l(btod.o)
    0x08001806   0x08001806   0x00000060   Code   RO         6037    CL$$btod_d2e_norm_op1  c_w.l(btod.o)
    0x08001866   0x08001866   0x00000338   Code   RO         6046    CL$$btod_div_common  c_w.l(btod.o)
    0x08001b9e   0x08001b9e   0x000000dc   Code   RO         6043    CL$$btod_e2e        c_w.l(btod.o)
    0x08001c7a   0x08001c7a   0x0000002a   Code   RO         6040    CL$$btod_ediv       c_w.l(btod.o)
    0x08001ca4   0x08001ca4   0x0000002a   Code   RO         6039    CL$$btod_emul       c_w.l(btod.o)
    0x08001cce   0x08001cce   0x00000244   Code   RO         6045    CL$$btod_mult_common  c_w.l(btod.o)
    0x08001f12   0x08001f12   0x00000002   Code   RO          896    i.BusFault_Handler  stm32f4xx_it.o
    0x08001f14   0x08001f14   0x0000000c   Code   RO          897    i.DMA1_Stream0_IRQHandler  stm32f4xx_it.o
    0x08001f20   0x08001f20   0x0000000c   Code   RO          898    i.DMA1_Stream6_IRQHandler  stm32f4xx_it.o
    0x08001f2c   0x08001f2c   0x00000028   Code   RO         2479    i.DMA_CalcBaseAndBitshift  stm32f4xx_hal_dma.o
    0x08001f54   0x08001f54   0x00000054   Code   RO         2480    i.DMA_CheckFifoParam  stm32f4xx_hal_dma.o
    0x08001fa8   0x08001fa8   0x00000028   Code   RO         2481    i.DMA_SetConfig     stm32f4xx_hal_dma.o
    0x08001fd0   0x08001fd0   0x00000002   Code   RO          899    i.DebugMon_Handler  stm32f4xx_it.o
    0x08001fd2   0x08001fd2   0x00000004   Code   RO          479    i.Error_Handler     main.o
    0x08001fd6   0x08001fd6   0x00000024   Code   RO         2483    i.HAL_DMA_Abort_IT  stm32f4xx_hal_dma.o
    0x08001ffa   0x08001ffa   0x00000004   Code   RO         2485    i.HAL_DMA_GetError  stm32f4xx_hal_dma.o
    0x08001ffe   0x08001ffe   0x00000006   Code   RO         2486    i.HAL_DMA_GetState  stm32f4xx_hal_dma.o
    0x08002004   0x08002004   0x000001a0   Code   RO         2487    i.HAL_DMA_IRQHandler  stm32f4xx_hal_dma.o
    0x080021a4   0x080021a4   0x000000d4   Code   RO         2488    i.HAL_DMA_Init      stm32f4xx_hal_dma.o
    0x08002278   0x08002278   0x0000006e   Code   RO         2492    i.HAL_DMA_Start_IT  stm32f4xx_hal_dma.o
    0x080022e6   0x080022e6   0x00000002   PAD
    0x080022e8   0x080022e8   0x00000024   Code   RO         2919    i.HAL_Delay         stm32f4xx_hal.o
    0x0800230c   0x0800230c   0x000001f0   Code   RO         2375    i.HAL_GPIO_Init     stm32f4xx_hal_gpio.o
    0x080024fc   0x080024fc   0x0000000a   Code   RO         2379    i.HAL_GPIO_WritePin  stm32f4xx_hal_gpio.o
    0x08002506   0x08002506   0x00000002   PAD
    0x08002508   0x08002508   0x0000000c   Code   RO         2925    i.HAL_GetTick       stm32f4xx_hal.o
    0x08002514   0x08002514   0x00000002   Code   RO         3170    i.HAL_I2C_AbortCpltCallback  stm32f4xx_hal_i2c.o
    0x08002516   0x08002516   0x00000002   Code   RO         3171    i.HAL_I2C_AddrCallback  stm32f4xx_hal_i2c.o
    0x08002518   0x08002518   0x000000ba   Code   RO         3174    i.HAL_I2C_ER_IRQHandler  stm32f4xx_hal_i2c.o
    0x080025d2   0x080025d2   0x00000230   Code   RO         3175    i.HAL_I2C_EV_IRQHandler  stm32f4xx_hal_i2c.o
    0x08002802   0x08002802   0x00000002   Code   RO         3177    i.HAL_I2C_ErrorCallback  stm32f4xx_hal_i2c.o
    0x08002804   0x08002804   0x00000188   Code   RO         3181    i.HAL_I2C_Init      stm32f4xx_hal_i2c.o
    0x0800298c   0x0800298c   0x00000002   Code   RO         3183    i.HAL_I2C_ListenCpltCallback  stm32f4xx_hal_i2c.o
    0x0800298e   0x0800298e   0x00000002   Code   RO         3184    i.HAL_I2C_MasterRxCpltCallback  stm32f4xx_hal_i2c.o
    0x08002990   0x08002990   0x00000002   Code   RO         3185    i.HAL_I2C_MasterTxCpltCallback  stm32f4xx_hal_i2c.o
    0x08002992   0x08002992   0x00000002   PAD
    0x08002994   0x08002994   0x00000044   Code   RO          588    i.HAL_I2C_MemRxCpltCallback  freertos.o
    0x080029d8   0x080029d8   0x00000002   Code   RO         3198    i.HAL_I2C_MemTxCpltCallback  stm32f4xx_hal_i2c.o
    0x080029da   0x080029da   0x00000002   PAD
    0x080029dc   0x080029dc   0x00000204   Code   RO         3199    i.HAL_I2C_Mem_Read  stm32f4xx_hal_i2c.o
    0x08002be0   0x08002be0   0x000001cc   Code   RO         3200    i.HAL_I2C_Mem_Read_DMA  stm32f4xx_hal_i2c.o
    0x08002dac   0x08002dac   0x00000130   Code   RO         3202    i.HAL_I2C_Mem_Write  stm32f4xx_hal_i2c.o
    0x08002edc   0x08002edc   0x000000f4   Code   RO          693    i.HAL_I2C_MspInit   i2c.o
    0x08002fd0   0x08002fd0   0x00000002   Code   RO         3207    i.HAL_I2C_SlaveRxCpltCallback  stm32f4xx_hal_i2c.o
    0x08002fd2   0x08002fd2   0x00000002   Code   RO         3208    i.HAL_I2C_SlaveTxCpltCallback  stm32f4xx_hal_i2c.o
    0x08002fd4   0x08002fd4   0x00000010   Code   RO         2931    i.HAL_IncTick       stm32f4xx_hal.o
    0x08002fe4   0x08002fe4   0x00000034   Code   RO         2932    i.HAL_Init          stm32f4xx_hal.o
    0x08003018   0x08003018   0x00000098   Code   RO         1008    i.HAL_InitTick      stm32f4xx_hal_timebase_tim.o
    0x080030b0   0x080030b0   0x00000038   Code   RO          984    i.HAL_MspInit       stm32f4xx_hal_msp.o
    0x080030e8   0x080030e8   0x0000001a   Code   RO         2767    i.HAL_NVIC_EnableIRQ  stm32f4xx_hal_cortex.o
    0x08003102   0x08003102   0x00000002   PAD
    0x08003104   0x08003104   0x00000040   Code   RO         2773    i.HAL_NVIC_SetPriority  stm32f4xx_hal_cortex.o
    0x08003144   0x08003144   0x00000024   Code   RO         2774    i.HAL_NVIC_SetPriorityGrouping  stm32f4xx_hal_cortex.o
    0x08003168   0x08003168   0x00000134   Code   RO         2021    i.HAL_RCC_ClockConfig  stm32f4xx_hal_rcc.o
    0x0800329c   0x0800329c   0x00000040   Code   RO         2025    i.HAL_RCC_GetClockConfig  stm32f4xx_hal_rcc.o
    0x080032dc   0x080032dc   0x00000020   Code   RO         2028    i.HAL_RCC_GetPCLK1Freq  stm32f4xx_hal_rcc.o
    0x080032fc   0x080032fc   0x00000020   Code   RO         2029    i.HAL_RCC_GetPCLK2Freq  stm32f4xx_hal_rcc.o
    0x0800331c   0x0800331c   0x00000060   Code   RO         2030    i.HAL_RCC_GetSysClockFreq  stm32f4xx_hal_rcc.o
    0x0800337c   0x0800337c   0x0000036c   Code   RO         2033    i.HAL_RCC_OscConfig  stm32f4xx_hal_rcc.o
    0x080036e8   0x080036e8   0x00000002   Code   RO         1753    i.HAL_TIMEx_BreakCallback  stm32f4xx_hal_tim_ex.o
    0x080036ea   0x080036ea   0x00000002   Code   RO         1754    i.HAL_TIMEx_CommutCallback  stm32f4xx_hal_tim_ex.o
    0x080036ec   0x080036ec   0x00000054   Code   RO         1756    i.HAL_TIMEx_ConfigBreakDeadTime  stm32f4xx_hal_tim_ex.o
    0x08003740   0x08003740   0x00000090   Code   RO         1772    i.HAL_TIMEx_MasterConfigSynchronization  stm32f4xx_hal_tim_ex.o
    0x080037d0   0x080037d0   0x0000005a   Code   RO         1049    i.HAL_TIM_Base_Init  stm32f4xx_hal_tim.o
    0x0800382a   0x0800382a   0x00000002   Code   RO         1051    i.HAL_TIM_Base_MspInit  stm32f4xx_hal_tim.o
    0x0800382c   0x0800382c   0x00000080   Code   RO         1054    i.HAL_TIM_Base_Start_IT  stm32f4xx_hal_tim.o
    0x080038ac   0x080038ac   0x00000002   Code   RO         1083    i.HAL_TIM_IC_CaptureCallback  stm32f4xx_hal_tim.o
    0x080038ae   0x080038ae   0x00000130   Code   RO         1097    i.HAL_TIM_IRQHandler  stm32f4xx_hal_tim.o
    0x080039de   0x080039de   0x00000002   PAD
    0x080039e0   0x080039e0   0x0000014c   Code   RO          734    i.HAL_TIM_MspPostInit  tim.o
    0x08003b2c   0x08003b2c   0x00000052   Code   RO         1098    i.HAL_TIM_OC_ConfigChannel  stm32f4xx_hal_tim.o
    0x08003b7e   0x08003b7e   0x00000002   Code   RO         1100    i.HAL_TIM_OC_DelayElapsedCallback  stm32f4xx_hal_tim.o
    0x08003b80   0x08003b80   0x0000005a   Code   RO         1102    i.HAL_TIM_OC_Init   stm32f4xx_hal_tim.o
    0x08003bda   0x08003bda   0x00000002   Code   RO         1104    i.HAL_TIM_OC_MspInit  stm32f4xx_hal_tim.o
    0x08003bdc   0x08003bdc   0x000000cc   Code   RO         1121    i.HAL_TIM_PWM_ConfigChannel  stm32f4xx_hal_tim.o
    0x08003ca8   0x08003ca8   0x0000005a   Code   RO         1124    i.HAL_TIM_PWM_Init  stm32f4xx_hal_tim.o
    0x08003d02   0x08003d02   0x00000002   PAD
    0x08003d04   0x08003d04   0x000000bc   Code   RO          736    i.HAL_TIM_PWM_MspInit  tim.o
    0x08003dc0   0x08003dc0   0x00000002   Code   RO         1127    i.HAL_TIM_PWM_PulseFinishedCallback  stm32f4xx_hal_tim.o
    0x08003dc2   0x08003dc2   0x00000002   PAD
    0x08003dc4   0x08003dc4   0x000000c8   Code   RO         1129    i.HAL_TIM_PWM_Start  stm32f4xx_hal_tim.o
    0x08003e8c   0x08003e8c   0x0000007c   Code   RO         1132    i.HAL_TIM_PWM_Stop  stm32f4xx_hal_tim.o
    0x08003f08   0x08003f08   0x00000014   Code   RO          480    i.HAL_TIM_PeriodElapsedCallback  main.o
    0x08003f1c   0x08003f1c   0x00000002   Code   RO         1140    i.HAL_TIM_TriggerCallback  stm32f4xx_hal_tim.o
    0x08003f1e   0x08003f1e   0x00000064   Code   RO         3655    i.HAL_UART_Init     stm32f4xx_hal_uart.o
    0x08003f82   0x08003f82   0x00000002   PAD
    0x08003f84   0x08003f84   0x00000158   Code   RO          813    i.HAL_UART_MspInit  usart.o
    0x080040dc   0x080040dc   0x000000a0   Code   RO         3663    i.HAL_UART_Transmit  stm32f4xx_hal_uart.o
    0x0800417c   0x0800417c   0x00000002   Code   RO          900    i.HardFault_Handler  stm32f4xx_it.o
    0x0800417e   0x0800417e   0x00000002   PAD
    0x08004180   0x08004180   0x0000000c   Code   RO          901    i.I2C1_ER_IRQHandler  stm32f4xx_it.o
    0x0800418c   0x0800418c   0x0000000c   Code   RO          902    i.I2C1_EV_IRQHandler  stm32f4xx_it.o
    0x08004198   0x08004198   0x000000bc   Code   RO         3219    i.I2C_DMAAbort      stm32f4xx_hal_i2c.o
    0x08004254   0x08004254   0x00000040   Code   RO         3220    i.I2C_DMAError      stm32f4xx_hal_i2c.o
    0x08004294   0x08004294   0x00000112   Code   RO         3221    i.I2C_DMAXferCplt   stm32f4xx_hal_i2c.o
    0x080043a6   0x080043a6   0x00000010   Code   RO         3222    i.I2C_Flush_DR      stm32f4xx_hal_i2c.o
    0x080043b6   0x080043b6   0x00000002   PAD
    0x080043b8   0x080043b8   0x00000158   Code   RO         3223    i.I2C_ITError       stm32f4xx_hal_i2c.o
    0x08004510   0x08004510   0x0000002e   Code   RO         3224    i.I2C_IsAcknowledgeFailed  stm32f4xx_hal_i2c.o
    0x0800453e   0x0800453e   0x000000da   Code   RO         3225    i.I2C_MasterReceive_BTF  stm32f4xx_hal_i2c.o
    0x08004618   0x08004618   0x000000f4   Code   RO         3226    i.I2C_MasterReceive_RXNE  stm32f4xx_hal_i2c.o
    0x0800470c   0x0800470c   0x00000082   Code   RO         3229    i.I2C_MasterTransmit_BTF  stm32f4xx_hal_i2c.o
    0x0800478e   0x0800478e   0x00000002   PAD
    0x08004790   0x08004790   0x000000b6   Code   RO         3230    i.I2C_MasterTransmit_TXE  stm32f4xx_hal_i2c.o
    0x08004846   0x08004846   0x00000002   PAD
    0x08004848   0x08004848   0x00000118   Code   RO         3231    i.I2C_Master_ADDR   stm32f4xx_hal_i2c.o
    0x08004960   0x08004960   0x0000008c   Code   RO         3232    i.I2C_Master_SB     stm32f4xx_hal_i2c.o
    0x080049ec   0x080049ec   0x000000a8   Code   RO         3233    i.I2C_MemoryTransmit_TXE_BTF  stm32f4xx_hal_i2c.o
    0x08004a94   0x08004a94   0x000000fc   Code   RO         3234    i.I2C_RequestMemoryRead  stm32f4xx_hal_i2c.o
    0x08004b90   0x08004b90   0x000000a8   Code   RO         3235    i.I2C_RequestMemoryWrite  stm32f4xx_hal_i2c.o
    0x08004c38   0x08004c38   0x00000046   Code   RO         3236    i.I2C_Slave_ADDR    stm32f4xx_hal_i2c.o
    0x08004c7e   0x08004c7e   0x00000002   PAD
    0x08004c80   0x08004c80   0x00000090   Code   RO         3237    i.I2C_Slave_AF      stm32f4xx_hal_i2c.o
    0x08004d10   0x08004d10   0x0000015c   Code   RO         3238    i.I2C_Slave_STOPF   stm32f4xx_hal_i2c.o
    0x08004e6c   0x08004e6c   0x00000056   Code   RO         3239    i.I2C_WaitOnBTFFlagUntilTimeout  stm32f4xx_hal_i2c.o
    0x08004ec2   0x08004ec2   0x00000002   PAD
    0x08004ec4   0x08004ec4   0x00000090   Code   RO         3240    i.I2C_WaitOnFlagUntilTimeout  stm32f4xx_hal_i2c.o
    0x08004f54   0x08004f54   0x000000bc   Code   RO         3241    i.I2C_WaitOnMasterAddressFlagUntilTimeout  stm32f4xx_hal_i2c.o
    0x08005010   0x08005010   0x00000070   Code   RO         3242    i.I2C_WaitOnRXNEFlagUntilTimeout  stm32f4xx_hal_i2c.o
    0x08005080   0x08005080   0x00000056   Code   RO         3243    i.I2C_WaitOnTXEFlagUntilTimeout  stm32f4xx_hal_i2c.o
    0x080050d6   0x080050d6   0x00000002   PAD
    0x080050d8   0x080050d8   0x00000080   Code   RO          378    i.MPU6050_CalibrateYaw  mpu6050.o
    0x08005158   0x08005158   0x0000000c   Code   RO          380    i.MPU6050_GetYaw    mpu6050.o
    0x08005164   0x08005164   0x000000d4   Code   RO          382    i.MPU6050_Init      mpu6050.o
    0x08005238   0x08005238   0x00000054   Code   RO          383    i.MPU6050_IntegrateYaw  mpu6050.o
    0x0800528c   0x0800528c   0x00000048   Code   RO          385    i.MPU6050_OnDMAComplete  mpu6050.o
    0x080052d4   0x080052d4   0x00000040   Code   RO          387    i.MPU6050_StartReadDMA  mpu6050.o
    0x08005314   0x08005314   0x0000003c   Code   RO          668    i.MX_DMA_Init       dma.o
    0x08005350   0x08005350   0x0000004c   Code   RO          589    i.MX_FREERTOS_Init  freertos.o
    0x0800539c   0x0800539c   0x0000011c   Code   RO          564    i.MX_GPIO_Init      gpio.o
    0x080054b8   0x080054b8   0x00000040   Code   RO          694    i.MX_I2C1_Init      i2c.o
    0x080054f8   0x080054f8   0x000000ac   Code   RO          737    i.MX_TIM2_Init      tim.o
    0x080055a4   0x080055a4   0x00000070   Code   RO          738    i.MX_TIM3_Init      tim.o
    0x08005614   0x08005614   0x00000070   Code   RO          739    i.MX_TIM4_Init      tim.o
    0x08005684   0x08005684   0x0000006c   Code   RO          740    i.MX_TIM5_Init      tim.o
    0x080056f0   0x080056f0   0x000000a0   Code   RO          741    i.MX_TIM8_Init      tim.o
    0x08005790   0x08005790   0x00000058   Code   RO          742    i.MX_TIM9_Init      tim.o
    0x080057e8   0x080057e8   0x00000038   Code   RO          814    i.MX_USART1_UART_Init  usart.o
    0x08005820   0x08005820   0x00000038   Code   RO          815    i.MX_USART2_UART_Init  usart.o
    0x08005858   0x08005858   0x00000038   Code   RO          816    i.MX_USART3_UART_Init  usart.o
    0x08005890   0x08005890   0x00000038   Code   RO          817    i.MX_USART6_UART_Init  usart.o
    0x080058c8   0x080058c8   0x00000002   Code   RO          872    i.MX_USB_OTG_FS_USB_Init  usb_otg.o
    0x080058ca   0x080058ca   0x00000002   PAD
    0x080058cc   0x080058cc   0x0000003c   Code   RO           82    i.Mecanum_Inverse   mecanum.o
    0x08005908   0x08005908   0x00000002   Code   RO          903    i.MemManage_Handler  stm32f4xx_it.o
    0x0800590a   0x0800590a   0x00000002   Code   RO          904    i.NMI_Handler       stm32f4xx_it.o
    0x0800590c   0x0800590c   0x00000030   Code   RO           12    i.Scurve_Init       scurve.o
    0x0800593c   0x0800593c   0x0000000e   Code   RO           13    i.Scurve_IsIdle     scurve.o
    0x0800594a   0x0800594a   0x00000002   PAD
    0x0800594c   0x0800594c   0x00000060   Code   RO           14    i.Scurve_MoveTo     scurve.o
    0x080059ac   0x080059ac   0x0000004c   Code   RO           15    i.Scurve_SetConfig  scurve.o
    0x080059f8   0x080059f8   0x0000001c   Code   RO           16    i.Scurve_Stop       scurve.o
    0x08005a14   0x08005a14   0x00000258   Code   RO           17    i.Scurve_Update     scurve.o
    0x08005c6c   0x08005c6c   0x00000022   Code   RO          590    i.StartChassisTask  freertos.o
    0x08005c8e   0x08005c8e   0x00000002   PAD
    0x08005c90   0x08005c90   0x000001e0   Code   RO          591    i.StartDefaultTask  freertos.o
    0x08005e70   0x08005e70   0x0000013c   Code   RO          592    i.StartGyroTask     freertos.o
    0x08005fac   0x08005fac   0x000000b4   Code   RO          212    i.Stepper_Init      stepper.o
    0x08006060   0x08006060   0x000000f0   Code   RO          213    i.Stepper_SetSpeed  stepper.o
    0x08006150   0x08006150   0x00000024   Code   RO          214    i.Stepper_SetWheelSpeed  stepper.o
    0x08006174   0x08006174   0x00000020   Code   RO          215    i.Stepper_SetWheelSpeedAll  stepper.o
    0x08006194   0x08006194   0x00000032   Code   RO          217    i.Stepper_StopPWM   stepper.o
    0x080061c6   0x080061c6   0x0000001a   Code   RO         5133    i.SysTick_Handler   cmsis_os2.o
    0x080061e0   0x080061e0   0x00000094   Code   RO          481    i.SystemClock_Config  main.o
    0x08006274   0x08006274   0x00000010   Code   RO         3989    i.SystemInit        system_stm32f4xx.o
    0x08006284   0x08006284   0x0000001c   Code   RO          905    i.TIM8_TRG_COM_TIM14_IRQHandler  stm32f4xx_it.o
    0x080062a0   0x080062a0   0x000000d0   Code   RO         1142    i.TIM_Base_SetConfig  stm32f4xx_hal_tim.o
    0x08006370   0x08006370   0x0000001a   Code   RO         1143    i.TIM_CCxChannelCmd  stm32f4xx_hal_tim.o
    0x0800638a   0x0800638a   0x00000002   PAD
    0x0800638c   0x0800638c   0x00000060   Code   RO         1155    i.TIM_OC1_SetConfig  stm32f4xx_hal_tim.o
    0x080063ec   0x080063ec   0x0000006c   Code   RO         1156    i.TIM_OC2_SetConfig  stm32f4xx_hal_tim.o
    0x08006458   0x08006458   0x00000068   Code   RO         1157    i.TIM_OC3_SetConfig  stm32f4xx_hal_tim.o
    0x080064c0   0x080064c0   0x00000050   Code   RO         1158    i.TIM_OC4_SetConfig  stm32f4xx_hal_tim.o
    0x08006510   0x08006510   0x0000004e   Code   RO         3678    i.UART_EndRxTransfer  stm32f4xx_hal_uart.o
    0x0800655e   0x0800655e   0x00000002   PAD
    0x08006560   0x08006560   0x0000010c   Code   RO         3681    i.UART_SetConfig    stm32f4xx_hal_uart.o
    0x0800666c   0x0800666c   0x00000072   Code   RO         3684    i.UART_WaitOnFlagUntilTimeout  stm32f4xx_hal_uart.o
    0x080066de   0x080066de   0x00000002   Code   RO          906    i.UsageFault_Handler  stm32f4xx_it.o
    0x080066e0   0x080066e0   0x00000030   Code   RO         6075    i.__ARM_fpclassify  m_wm.l(fpclassify.o)
    0x08006710   0x08006710   0x00000026   Code   RO         5960    i.__ARM_fpclassifyf  m_wm.l(fpclassifyf.o)
    0x08006736   0x08006736   0x00000020   Code   RO         2780    i.__NVIC_SetPriority  stm32f4xx_hal_cortex.o
    0x08006756   0x08006756   0x00000002   PAD
    0x08006758   0x08006758   0x000002ac   Code   RO         5797    i.__hardfp_atan2f   m_wm.l(atan2f.o)
    0x08006a04   0x08006a04   0x00000150   Code   RO         5809    i.__hardfp_cosf     m_wm.l(cosf.o)
    0x08006b54   0x08006b54   0x00000190   Code   RO         5821    i.__hardfp_sinf     m_wm.l(sinf.o)
    0x08006ce4   0x08006ce4   0x0000003a   Code   RO         5833    i.__hardfp_sqrtf    m_wm.l(sqrtf.o)
    0x08006d1e   0x08006d1e   0x00000006   Code   RO         5963    i.__mathlib_flt_infnan  m_wm.l(funder.o)
    0x08006d24   0x08006d24   0x00000006   Code   RO         5964    i.__mathlib_flt_infnan2  m_wm.l(funder.o)
    0x08006d2a   0x08006d2a   0x00000002   PAD
    0x08006d2c   0x08006d2c   0x00000010   Code   RO         5965    i.__mathlib_flt_invalid  m_wm.l(funder.o)
    0x08006d3c   0x08006d3c   0x00000010   Code   RO         5968    i.__mathlib_flt_underflow  m_wm.l(funder.o)
    0x08006d4c   0x08006d4c   0x00000154   Code   RO         5976    i.__mathlib_rredf2  m_wm.l(rredf.o)
    0x08006ea0   0x08006ea0   0x0000000e   Code   RO         5912    i._is_digit         c_w.l(__printf_wp.o)
    0x08006eae   0x08006eae   0x00000002   PAD
    0x08006eb0   0x08006eb0   0x0000001c   Code   RO          111    i.chassis_feed_gyro  chassis.o
    0x08006ecc   0x08006ecc   0x0000002c   Code   RO          112    i.chassis_get_pose  chassis.o
    0x08006ef8   0x08006ef8   0x00000020   Code   RO          113    i.chassis_get_wheel_speed  chassis.o
    0x08006f18   0x08006f18   0x00000084   Code   RO          114    i.chassis_init      chassis.o
    0x08006f9c   0x08006f9c   0x00000018   Code   RO          118    i.chassis_theta_deg  chassis.o
    0x08006fb4   0x08006fb4   0x00000210   Code   RO          119    i.chassis_tick      chassis.o
    0x080071c4   0x080071c4   0x00000034   Code   RO          593    i.chassis_uart_log  freertos.o
    0x080071f8   0x080071f8   0x00000010   Code   RO          120    i.deg2rad           chassis.o
    0x08007208   0x08007208   0x00000010   Code   RO          121    i.fabsf_local       chassis.o
    0x08007218   0x08007218   0x000000a8   Code   RO          122    i.headturn          chassis.o
    0x080072c0   0x080072c0   0x0000004e   Code   RO          482    i.main              main.o
    0x0800730e   0x0800730e   0x00000002   PAD
    0x08007310   0x08007310   0x000000f8   Code   RO          123    i.move_to_coordinate  chassis.o
    0x08007408   0x08007408   0x00000034   Code   RO          124    i.normalize_angle_deg  chassis.o
    0x0800743c   0x0800743c   0x0000001a   Code   RO         5135    i.osDelay           cmsis_os2.o
    0x08007456   0x08007456   0x00000002   PAD
    0x08007458   0x08007458   0x00000024   Code   RO         5149    i.osKernelInitialize  cmsis_os2.o
    0x0800747c   0x0800747c   0x00000038   Code   RO         5152    i.osKernelStart     cmsis_os2.o
    0x080074b4   0x080074b4   0x0000008a   Code   RO         5194    i.osThreadNew       cmsis_os2.o
    0x0800753e   0x0800753e   0x0000002c   Code   RO          388    i.parse_raw         mpu6050.o
    0x0800756a   0x0800756a   0x00000002   PAD
    0x0800756c   0x0800756c   0x0000005c   Code   RO         4597    i.prvAddCurrentTaskToDelayedList  tasks.o
    0x080075c8   0x080075c8   0x000000d0   Code   RO         4598    i.prvAddNewTaskToReadyList  tasks.o
    0x08007698   0x08007698   0x00000058   Code   RO         4962    i.prvCheckForValidListAndQueue  timers.o
    0x080076f0   0x080076f0   0x00000026   Code   RO         4194    i.prvCopyDataFromQueue  queue.o
    0x08007716   0x08007716   0x0000006c   Code   RO         4195    i.prvCopyDataToQueue  queue.o
    0x08007782   0x08007782   0x00000034   Code   RO         4599    i.prvDeleteTCB      tasks.o
    0x080077b6   0x080077b6   0x00000002   PAD
    0x080077b8   0x080077b8   0x0000004c   Code   RO         5643    i.prvHeapInit       heap_4.o
    0x08007804   0x08007804   0x00000060   Code   RO         4600    i.prvIdleTask       tasks.o
    0x08007864   0x08007864   0x00000022   Code   RO         4197    i.prvInitialiseNewQueue  queue.o
    0x08007886   0x08007886   0x00000002   PAD
    0x08007888   0x08007888   0x000000b0   Code   RO         4601    i.prvInitialiseNewTask  tasks.o
    0x08007938   0x08007938   0x0000004c   Code   RO         5644    i.prvInsertBlockIntoFreeList  heap_4.o
    0x08007984   0x08007984   0x00000038   Code   RO         4964    i.prvInsertTimerInActiveList  timers.o
    0x080079bc   0x080079bc   0x0000001c   Code   RO         4198    i.prvIsQueueEmpty   queue.o
    0x080079d8   0x080079d8   0x000000fc   Code   RO         4965    i.prvProcessReceivedCommands  timers.o
    0x08007ad4   0x08007ad4   0x000000c0   Code   RO         4966    i.prvProcessTimerOrBlockTask  timers.o
    0x08007b94   0x08007b94   0x00000020   Code   RO         4603    i.prvResetNextTaskUnblockTime  tasks.o
    0x08007bb4   0x08007bb4   0x00000028   Code   RO         4967    i.prvSampleTimeNow  timers.o
    0x08007bdc   0x08007bdc   0x0000006c   Code   RO         4968    i.prvSwitchTimerLists  timers.o
    0x08007c48   0x08007c48   0x00000028   Code   RO         5699    i.prvTaskExitError  port.o
    0x08007c70   0x08007c70   0x00000024   Code   RO         4969    i.prvTimerTask      timers.o
    0x08007c94   0x08007c94   0x0000006a   Code   RO         4199    i.prvUnlockQueue    queue.o
    0x08007cfe   0x08007cfe   0x00000002   PAD
    0x08007d00   0x08007d00   0x000000dc   Code   RO         5645    i.pvPortMalloc      heap_4.o
    0x08007ddc   0x08007ddc   0x00000018   Code   RO         4606    i.pvTaskIncrementMutexHeldCount  tasks.o
    0x08007df4   0x08007df4   0x0000002c   Code   RO         5700    i.pxPortInitialiseStack  port.o
    0x08007e20   0x08007e20   0x00000026   Code   RO         4154    i.uxListRemove      list.o
    0x08007e46   0x08007e46   0x00000002   PAD
    0x08007e48   0x08007e48   0x00000014   Code   RO         5206    i.vApplicationGetIdleTaskMemory  cmsis_os2.o
    0x08007e5c   0x08007e5c   0x00000018   Code   RO         5207    i.vApplicationGetTimerTaskMemory  cmsis_os2.o
    0x08007e74   0x08007e74   0x00000016   Code   RO         4155    i.vListInitialise   list.o
    0x08007e8a   0x08007e8a   0x00000006   Code   RO         4156    i.vListInitialiseItem  list.o
    0x08007e90   0x08007e90   0x00000030   Code   RO         4157    i.vListInsert       list.o
    0x08007ec0   0x08007ec0   0x00000018   Code   RO         4158    i.vListInsertEnd    list.o
    0x08007ed8   0x08007ed8   0x00000040   Code   RO         5702    i.vPortEnterCritical  port.o
    0x08007f18   0x08007f18   0x00000028   Code   RO         5703    i.vPortExitCritical  port.o
    0x08007f40   0x08007f40   0x00000064   Code   RO         5646    i.vPortFree         heap_4.o
    0x08007fa4   0x08007fa4   0x00000024   Code   RO         5704    i.vPortSetupTimerInterrupt  port.o
    0x08007fc8   0x08007fc8   0x00000054   Code   RO         5705    i.vPortValidateInterruptPriority  port.o
    0x0800801c   0x0800801c   0x00000028   Code   RO         4205    i.vQueueAddToRegistry  queue.o
    0x08008044   0x08008044   0x00000044   Code   RO         4209    i.vQueueWaitForMessageRestricted  queue.o
    0x08008088   0x08008088   0x0000004c   Code   RO         4616    i.vTaskDelay        tasks.o
    0x080080d4   0x080080d4   0x0000008c   Code   RO         4617    i.vTaskDelayUntil   tasks.o
    0x08008160   0x08008160   0x00000010   Code   RO         4621    i.vTaskInternalSetTimeOutState  tasks.o
    0x08008170   0x08008170   0x0000000c   Code   RO         4622    i.vTaskMissedYield  tasks.o
    0x0800817c   0x0800817c   0x00000030   Code   RO         4624    i.vTaskPlaceOnEventList  tasks.o
    0x080081ac   0x080081ac   0x00000038   Code   RO         4625    i.vTaskPlaceOnEventListRestricted  tasks.o
    0x080081e4   0x080081e4   0x00000090   Code   RO         4627    i.vTaskPriorityDisinheritAfterTimeout  tasks.o
    0x08008274   0x08008274   0x00000088   Code   RO         4633    i.vTaskStartScheduler  tasks.o
    0x080082fc   0x080082fc   0x00000010   Code   RO         4635    i.vTaskSuspendAll   tasks.o
    0x0800830c   0x0800830c   0x00000064   Code   RO         4636    i.vTaskSwitchContext  tasks.o
    0x08008370   0x08008370   0x00000024   Code   RO          389    i.write_reg_blocking  mpu6050.o
    0x08008394   0x08008394   0x000000f4   Code   RO         5706    i.xPortStartScheduler  port.o
    0x08008488   0x08008488   0x0000002c   Code   RO         5707    i.xPortSysTickHandler  port.o
    0x080084b4   0x080084b4   0x00000042   Code   RO         4214    i.xQueueGenericCreate  queue.o
    0x080084f6   0x080084f6   0x00000066   Code   RO         4215    i.xQueueGenericCreateStatic  queue.o
    0x0800855c   0x0800855c   0x00000088   Code   RO         4216    i.xQueueGenericReset  queue.o
    0x080085e4   0x080085e4   0x00000160   Code   RO         4217    i.xQueueGenericSend  queue.o
    0x08008744   0x08008744   0x000000be   Code   RO         4218    i.xQueueGenericSendFromISR  queue.o
    0x08008802   0x08008802   0x0000009c   Code   RO         4221    i.xQueueGiveFromISR  queue.o
    0x0800889e   0x0800889e   0x00000002   PAD
    0x080088a0   0x080088a0   0x00000138   Code   RO         4227    i.xQueueReceive     queue.o
    0x080089d8   0x080089d8   0x00000178   Code   RO         4229    i.xQueueSemaphoreTake  queue.o
    0x08008b50   0x08008b50   0x00000074   Code   RO         4638    i.xTaskCheckForTimeOut  tasks.o
    0x08008bc4   0x08008bc4   0x0000005a   Code   RO         4639    i.xTaskCreate       tasks.o
    0x08008c1e   0x08008c1e   0x00000056   Code   RO         4640    i.xTaskCreateStatic  tasks.o
    0x08008c74   0x08008c74   0x0000001c   Code   RO         4644    i.xTaskGetSchedulerState  tasks.o
    0x08008c90   0x08008c90   0x0000000c   Code   RO         4645    i.xTaskGetTickCount  tasks.o
    0x08008c9c   0x08008c9c   0x000000c8   Code   RO         4647    i.xTaskIncrementTick  tasks.o
    0x08008d64   0x08008d64   0x00000080   Code   RO         4650    i.xTaskPriorityDisinherit  tasks.o
    0x08008de4   0x08008de4   0x00000078   Code   RO         4651    i.xTaskPriorityInherit  tasks.o
    0x08008e5c   0x08008e5c   0x00000070   Code   RO         4652    i.xTaskRemoveFromEventList  tasks.o
    0x08008ecc   0x08008ecc   0x000000c4   Code   RO         4653    i.xTaskResumeAll    tasks.o
    0x08008f90   0x08008f90   0x00000060   Code   RO         4978    i.xTimerCreateTimerTask  timers.o
    0x08008ff0   0x08008ff0   0x00000068   Code   RO         4979    i.xTimerGenericCommand  timers.o
    0x08009058   0x08009058   0x0000002c   Code   RO         6059    locale$$code        c_w.l(lc_numeric_c.o)
    0x08009084   0x08009084   0x0000002c   Code   RO         6082    locale$$code        c_w.l(lc_ctype_c.o)
    0x080090b0   0x080090b0   0x0000000c   Code   RO         5947    x$fpl$dretinf       fz_wm.l(dretinf.o)
    0x080090bc   0x080090bc   0x00000056   Code   RO         5795    x$fpl$f2d           fz_wm.l(f2d.o)
    0x08009112   0x08009112   0x0000008c   Code   RO         5949    x$fpl$fnaninf       fz_wm.l(fnaninf.o)
    0x0800919e   0x0800919e   0x0000000a   Code   RO         6150    x$fpl$fpinit        fz_wm.l(fpinit.o)
    0x080091a8   0x080091a8   0x00000004   Code   RO         5951    x$fpl$printf1       fz_wm.l(printf1.o)
    0x080091ac   0x080091ac   0x00000004   Code   RO         5953    x$fpl$printf2       fz_wm.l(printf2.o)
    0x080091b0   0x080091b0   0x00000000   Code   RO         5959    x$fpl$usenofp       fz_wm.l(usenofp.o)
    0x080091b0   0x080091b0   0x00000018   Data   RO          126    .constdata          chassis.o
    0x080091c8   0x080091c8   0x00000040   Data   RO          218    .constdata          stepper.o
    0x08009208   0x08009208   0x0000006c   Data   RO          595    .constdata          freertos.o
    0x08009274   0x08009274   0x00000008   Data   RO         2494    .constdata          stm32f4xx_hal_dma.o
    0x0800927c   0x0800927c   0x00000010   Data   RO         3990    .constdata          system_stm32f4xx.o
    0x0800928c   0x0800928c   0x00000008   Data   RO         3991    .constdata          system_stm32f4xx.o
    0x08009294   0x08009294   0x00000008   Data   RO         5871    .constdata          c_w.l(_printf_wctomb.o)
    0x0800929c   0x0800929c   0x00000028   Data   RO         5900    .constdata          c_w.l(_printf_hex_int_ll_ptr.o)
    0x080092c4   0x080092c4   0x00000011   Data   RO         5920    .constdata          c_w.l(__printf_flags_ss_wp.o)
    0x080092d5   0x080092d5   0x00000003   PAD
    0x080092d8   0x080092d8   0x00000020   Data   RO         5977    .constdata          m_wm.l(rredf.o)
    0x080092f8   0x080092f8   0x00000026   Data   RO         6008    .constdata          c_w.l(_printf_fp_hex.o)
    0x0800931e   0x0800931e   0x00000002   PAD
    0x08009320   0x08009320   0x00000094   Data   RO         6034    .constdata          c_w.l(bigflt0.o)
    0x080093b4   0x080093b4   0x00000024   Data   RO          596    .conststring        freertos.o
    0x080093d8   0x080093d8   0x00000020   Data   RO         6208    Region$$Table       anon$$obj.o
    0x080093f8   0x080093f8   0x0000001c   Data   RO         6058    locale$$data        c_w.l(lc_numeric_c.o)
    0x08009414   0x08009414   0x00000110   Data   RO         6081    locale$$data        c_w.l(lc_ctype_c.o)


    Execution Region RW_IRAM1 (Exec base: 0x20000000, Load base: 0x08009524, Size: 0x00005560, Max: 0x0001c000, ABSOLUTE)

    Exec Addr    Load Addr    Size         Type   Attr      Idx    E Section Name        Object

    0x20000000   0x08009524   0x0000000c   Data   RW           84    .data               mecanum.o
    0x2000000c   0x08009530   0x00000010   Data   RW          391    .data               mpu6050.o
    0x2000001c   0x08009540   0x00000010   Data   RW          597    .data               freertos.o
    0x2000002c   0x08009550   0x0000000c   Data   RW         2939    .data               stm32f4xx_hal.o
    0x20000038   0x0800955c   0x00000004   Data   RW         3992    .data               system_stm32f4xx.o
    0x2000003c   0x08009560   0x0000003c   Data   RW         4656    .data               tasks.o
    0x20000078   0x0800959c   0x00000014   Data   RW         4987    .data               timers.o
    0x2000008c   0x080095b0   0x00000004   Data   RW         5209    .data               cmsis_os2.o
    0x20000090   0x080095b4   0x00000020   Data   RW         5652    .data               heap_4.o
    0x200000b0   0x080095d4   0x0000000c   Data   RW         5708    .data               port.o
    0x200000bc        -       0x00000084   Zero   RW          125    .bss                chassis.o
    0x20000140        -       0x0000001c   Zero   RW          390    .bss                mpu6050.o
    0x2000015c        -       0x000000a0   Zero   RW          594    .bss                freertos.o
    0x200001fc        -       0x00000114   Zero   RW          695    .bss                i2c.o
    0x20000310        -       0x000001b0   Zero   RW          743    .bss                tim.o
    0x200004c0        -       0x00000120   Zero   RW          818    .bss                usart.o
    0x200005e0        -       0x00000048   Zero   RW         1011    .bss                stm32f4xx_hal_timebase_tim.o
    0x20000628        -       0x00000040   Zero   RW         4231    .bss                queue.o
    0x20000668        -       0x000004c4   Zero   RW         4655    .bss                tasks.o
    0x20000b2c        -       0x00000118   Zero   RW         4986    .bss                timers.o
    0x20000c44        -       0x000006b8   Zero   RW         5208    .bss                cmsis_os2.o
    0x200012fc        -       0x00003c00   Zero   RW         5651    .bss                heap_4.o
    0x20004efc        -       0x00000060   Zero   RW         6020    .bss                c_w.l(libspace.o)
    0x20004f5c   0x080095e0   0x00000004   PAD
    0x20004f60        -       0x00000200   Zero   RW            2    HEAP                startup_stm32f407xx.o
    0x20005160        -       0x00000400   Zero   RW            1    STACK               startup_stm32f407xx.o


    Execution Region RW_IRAM2 (Exec base: 0x2001c000, Load base: 0x080095e0, Size: 0x00000000, Max: 0x00004000, ABSOLUTE)

    **** No section assigned to this execution region ****


==============================================================================

Image component sizes


      Code (inc. data)   RO Data    RW Data    ZI Data      Debug   Object Name

      1288         82         24          0        132       8567   chassis.o
       326         22          0          4       1720      62163   cmsis_os2.o
        60          4          0          0          0        766   dma.o
         0          0          0          0          0      19404   event_groups.o
      1026        416        144         16        160      10984   freertos.o
       284         22          0          0          0       1071   gpio.o
       472         24          0         32      15360       4815   heap_4.o
       308         34          0          0        276       1839   i2c.o
       138          0          0          0          0       3494   list.o
       250         14          0          0          0      13392   main.o
        60          4          0         12          0        834   mecanum.o
       652         86          0         16         28       7153   mpu6050.o
       786         82          0         12          0      11413   port.o
      2112         24          0          0         64      21492   queue.o
       862         26          0          0          0       9791   scurve.o
        64         26        392          0       1536        836   startup_stm32f407xx.o
       538         46         64          0          0     698313   stepper.o
       116         18          0         12          0       8662   stm32f4xx_hal.o
       158         14          0          0          0      32994   stm32f4xx_hal_cortex.o
       948         16          8          0          0       7556   stm32f4xx_hal_dma.o
       506         46          0          0          0       2168   stm32f4xx_hal_gpio.o
      6328        108          0          0          0      35899   stm32f4xx_hal_i2c.o
        56          4          0          0          0        850   stm32f4xx_hal_msp.o
      1408         82          0          0          0       5861   stm32f4xx_hal_rcc.o
      1946        146          0          0          0      16408   stm32f4xx_hal_tim.o
       232         28          0          0          0       3265   stm32f4xx_hal_tim_ex.o
       152         20          0          0         72       1460   stm32f4xx_hal_timebase_tim.o
       720         10          0          0          0       4808   stm32f4xx_hal_uart.o
        88         34          0          0          0       5131   stm32f4xx_it.o
         0          0          0          0          0        384   stream_buffer.o
        16          4         24          4          0       1103   system_stm32f4xx.o
      2512        200          0         60       1220      30375   tasks.o
      1272        120          0          0        432       6164   tim.o
       972         80          0         20        280      29499   timers.o
       568         66          0          0        288       3789   usart.o
         2          0          0          0          0        457   usb_otg.o

    ----------------------------------------------------------------------
     27288       1908        688        188      21568    1073160   Object Totals
         0          0         32          0          0          0   (incl. Generated)
        62          0          0          0          0          0   (incl. Padding)

    ----------------------------------------------------------------------

      Code (inc. data)   RO Data    RW Data    ZI Data      Debug   Library Member Name

         8          0          0          0          0         68   __main.o
       392          4         17          0          0         92   __printf_flags_ss_wp.o
        14          0          0          0          0         68   __printf_wp.o
         0          0          0          0          0          0   __rtentry.o
        12          0          0          0          0          0   __rtentry2.o
         6          0          0          0          0          0   __rtentry4.o
        52          8          0          0          0          0   __scatter.o
        26          0          0          0          0          0   __scatter_copy.o
        28          0          0          0          0          0   __scatter_zi.o
         6          0          0          0          0          0   _printf_a.o
         6          0          0          0          0          0   _printf_c.o
        44          0          0          0          0        108   _printf_char.o
        48          6          0          0          0         96   _printf_char_common.o
        40          0          0          0          0         68   _printf_charcount.o
         6          0          0          0          0          0   _printf_d.o
       120         16          0          0          0         92   _printf_dec.o
         6          0          0          0          0          0   _printf_e.o
         6          0          0          0          0          0   _printf_f.o
      1054          0          0          0          0        216   _printf_fp_dec.o
       764          8         38          0          0        100   _printf_fp_hex.o
       128         16          0          0          0         84   _printf_fp_infnan.o
         6          0          0          0          0          0   _printf_g.o
       148          4         40          0          0        160   _printf_hex_int_ll_ptr.o
         6          0          0          0          0          0   _printf_i.o
       178          0          0          0          0         88   _printf_intcommon.o
        10          0          0          0          0          0   _printf_l.o
         6          0          0          0          0          0   _printf_lc.o
        10          0          0          0          0          0   _printf_ll.o
         6          0          0          0          0          0   _printf_lld.o
         6          0          0          0          0          0   _printf_lli.o
         6          0          0          0          0          0   _printf_llo.o
         6          0          0          0          0          0   _printf_llu.o
         6          0          0          0          0          0   _printf_llx.o
       124         16          0          0          0         92   _printf_longlong_dec.o
         6          0          0          0          0          0   _printf_ls.o
         6          0          0          0          0          0   _printf_n.o
         6          0          0          0          0          0   _printf_o.o
       112         10          0          0          0        124   _printf_oct_int_ll.o
         6          0          0          0          0          0   _printf_p.o
        78          0          0          0          0        108   _printf_pad.o
         0          0          0          0          0          0   _printf_percent.o
         4          0          0          0          0          0   _printf_percent_end.o
         6          0          0          0          0          0   _printf_s.o
        82          0          0          0          0         80   _printf_str.o
        36          0          0          0          0         84   _printf_truncate.o
         6          0          0          0          0          0   _printf_u.o
        44          0          0          0          0        108   _printf_wchar.o
       188          6          8          0          0         92   _printf_wctomb.o
         6          0          0          0          0          0   _printf_x.o
        22          0          0          0          0        100   _rserrno.o
        16          0          0          0          0         68   _snputc.o
        10          0          0          0          0         68   _sputc.o
        64          0          0          0          0         92   _wcrtomb.o
        16          0          0          0          0         68   aeabi_memset.o
       228          4        148          0          0         96   bigflt0.o
      1936        128          0          0          0        672   btod.o
        18          0          0          0          0         80   exit.o
         6          0          0          0          0        152   heapauxi.o
         0          0          0          0          0          0   indicate_semi.o
        44         10        272          0          0         76   lc_ctype_c.o
        44         10         28          0          0         76   lc_numeric_c.o
         2          0          0          0          0          0   libinit.o
        34          0          0          0          0          0   libinit2.o
         2          0          0          0          0          0   libshutdown.o
         2          0          0          0          0          0   libshutdown2.o
         8          4          0          0         96         68   libspace.o
       138          0          0          0          0         80   lludiv10.o
       238          0          0          0          0        100   lludivv7m.o
        16          4          0          0          0         76   rt_ctype_table.o
         8          4          0          0          0         68   rt_errno_addr_intlibspace.o
         8          4          0          0          0         68   rt_locale_intlibspace.o
        68          0          0          0          0         68   rt_memclr.o
        78          0          0          0          0         80   rt_memclr_w.o
       138          0          0          0          0         68   rt_memcpy_v6.o
       100          0          0          0          0         80   rt_memcpy_w.o
         2          0          0          0          0          0   rtexit.o
        10          0          0          0          0          0   rtexit2.o
       128          0          0          0          0         68   strcmpv7m.o
        12          4          0          0          0         68   sys_exit.o
        74          0          0          0          0         80   sys_stackheap_outer.o
         2          0          0          0          0         68   use_no_semi.o
        52          4          0          0          0         80   vsnprintf.o
        12          0          0          0          0        116   dretinf.o
        86          4          0          0          0        132   f2d.o
       140          4          0          0          0        132   fnaninf.o
        10          0          0          0          0        116   fpinit.o
         4          0          0          0          0        116   printf1.o
         4          0          0          0          0        116   printf2.o
         0          0          0          0          0          0   usenofp.o
       684         90          0          0          0        208   atan2f.o
       336         56          0          0          0        136   cosf.o
        48          0          0          0          0        124   fpclassify.o
        38          0          0          0          0        116   fpclassifyf.o
        44         12          0          0          0        464   funder.o
       340         24         32          0          0        160   rredf.o
       400         56          0          0          0        212   sinf.o
        58          0          0          0          0        136   sqrtf.o

    ----------------------------------------------------------------------
      9616        516        588          0        100       6880   Library Totals
        18          0          5          0          4          0   (incl. Padding)

    ----------------------------------------------------------------------

      Code (inc. data)   RO Data    RW Data    ZI Data      Debug   Library Name

      7394        270        551          0         96       4596   c_w.l
       256          8          0          0          0        728   fz_wm.l
      1948        238         32          0          0       1556   m_wm.l

    ----------------------------------------------------------------------
      9616        516        588          0        100       6880   Library Totals

    ----------------------------------------------------------------------

==============================================================================


      Code (inc. data)   RO Data    RW Data    ZI Data      Debug   

     36904       2424       1276        188      21668    1053092   Grand Totals
     36904       2424       1276        188      21668    1053092   ELF Image Totals
     36904       2424       1276        188          0          0   ROM Totals

==============================================================================

    Total RO  Size (Code + RO Data)                38180 (  37.29kB)
    Total RW  Size (RW Data + ZI Data)             21856 (  21.34kB)
    Total ROM Size (Code + RO Data + RW Data)      38368 (  37.47kB)

==============================================================================

