Component: ARM Compiler 5.06 update 7 (build 960) Tool: armlink [4d3601]

==============================================================================

Section Cross References

    startup_stm32f407xx.o(STACK) refers (Special) to heapauxi.o(.text) for __use_two_region_memory
    startup_stm32f407xx.o(HEAP) refers (Special) to heapauxi.o(.text) for __use_two_region_memory
    startup_stm32f407xx.o(RESET) refers (Special) to heapauxi.o(.text) for __use_two_region_memory
    startup_stm32f407xx.o(RESET) refers to startup_stm32f407xx.o(STACK) for __initial_sp
    startup_stm32f407xx.o(RESET) refers to startup_stm32f407xx.o(.text) for Reset_Handler
    startup_stm32f407xx.o(RESET) refers to stm32f4xx_it.o(i.NMI_Handler) for NMI_Handler
    startup_stm32f407xx.o(RESET) refers to stm32f4xx_it.o(i.HardFault_Handler) for HardFault_Handler
    startup_stm32f407xx.o(RESET) refers to stm32f4xx_it.o(i.MemManage_Handler) for MemManage_Handler
    startup_stm32f407xx.o(RESET) refers to stm32f4xx_it.o(i.BusFault_Handler) for BusFault_Handler
    startup_stm32f407xx.o(RESET) refers to stm32f4xx_it.o(i.UsageFault_Handler) for UsageFault_Handler
    startup_stm32f407xx.o(RESET) refers to port.o(.emb_text) for SVC_Handler
    startup_stm32f407xx.o(RESET) refers to stm32f4xx_it.o(i.DebugMon_Handler) for DebugMon_Handler
    startup_stm32f407xx.o(RESET) refers to cmsis_os2.o(i.SysTick_Handler) for SysTick_Handler
    startup_stm32f407xx.o(RESET) refers to stm32f4xx_it.o(i.DMA1_Stream0_IRQHandler) for DMA1_Stream0_IRQHandler
    startup_stm32f407xx.o(RESET) refers to stm32f4xx_it.o(i.DMA1_Stream5_IRQHandler) for DMA1_Stream5_IRQHandler
    startup_stm32f407xx.o(RESET) refers to stm32f4xx_it.o(i.DMA1_Stream6_IRQHandler) for DMA1_Stream6_IRQHandler
    startup_stm32f407xx.o(RESET) refers to stm32f4xx_it.o(i.I2C1_EV_IRQHandler) for I2C1_EV_IRQHandler
    startup_stm32f407xx.o(RESET) refers to stm32f4xx_it.o(i.I2C1_ER_IRQHandler) for I2C1_ER_IRQHandler
    startup_stm32f407xx.o(RESET) refers to stm32f4xx_it.o(i.USART2_IRQHandler) for USART2_IRQHandler
    startup_stm32f407xx.o(RESET) refers to stm32f4xx_it.o(i.TIM8_TRG_COM_TIM14_IRQHandler) for TIM8_TRG_COM_TIM14_IRQHandler
    startup_stm32f407xx.o(RESET) refers to stm32f4xx_it.o(i.DMA1_Stream7_IRQHandler) for DMA1_Stream7_IRQHandler
    startup_stm32f407xx.o(.text) refers (Special) to heapauxi.o(.text) for __use_two_region_memory
    startup_stm32f407xx.o(.text) refers to system_stm32f4xx.o(i.SystemInit) for SystemInit
    startup_stm32f407xx.o(.text) refers to __main.o(!!!main) for __main
    startup_stm32f407xx.o(.text) refers to startup_stm32f407xx.o(HEAP) for Heap_Mem
    startup_stm32f407xx.o(.text) refers to startup_stm32f407xx.o(STACK) for Stack_Mem
    scurve.o(i.Scurve_Init) refers to scurve.o(i.Scurve_SetConfig) for Scurve_SetConfig
    scurve.o(i.Scurve_MoveTo) refers to scurve.o(i.Scurve_Stop) for Scurve_Stop
    scurve.o(i.Scurve_MoveTo) refers to sqrtf.o(i.__hardfp_sqrtf) for __hardfp_sqrtf
    mecanum.o(i.Mecanum_Forward) refers to mecanum.o(.data) for .data
    mecanum.o(i.Mecanum_Inverse) refers to mecanum.o(.data) for .data
    mecanum.o(i.Mecanum_SetGeometry) refers to mecanum.o(.data) for .data
    chassis.o(i.chassis_clear_gyro) refers to chassis.o(.bss) for .bss
    chassis.o(i.chassis_feed_gyro) refers to chassis.o(i.normalize_angle_deg) for normalize_angle_deg
    chassis.o(i.chassis_feed_gyro) refers to chassis.o(.bss) for .bss
    chassis.o(i.chassis_get_pose) refers to chassis.o(i.chassis_theta_deg) for chassis_theta_deg
    chassis.o(i.chassis_get_pose) refers to chassis.o(.bss) for .bss
    chassis.o(i.chassis_get_wheel_speed) refers to chassis.o(.bss) for .bss
    chassis.o(i.chassis_init) refers to scurve.o(i.Scurve_Init) for Scurve_Init
    chassis.o(i.chassis_init) refers to chassis.o(i.yaw_pid_reset) for yaw_pid_reset
    chassis.o(i.chassis_init) refers to chassis.o(.constdata) for .constdata
    chassis.o(i.chassis_init) refers to chassis.o(.bss) for .bss
    chassis.o(i.chassis_is_idle) refers to chassis.o(.bss) for .bss
    chassis.o(i.chassis_set_pose) refers to chassis.o(i.normalize_angle_deg) for normalize_angle_deg
    chassis.o(i.chassis_set_pose) refers to chassis.o(.bss) for .bss
    chassis.o(i.chassis_set_target_heading) refers to chassis.o(i.normalize_angle_deg) for normalize_angle_deg
    chassis.o(i.chassis_set_target_heading) refers to chassis.o(i.yaw_pid_reset) for yaw_pid_reset
    chassis.o(i.chassis_set_target_heading) refers to chassis.o(.bss) for .bss
    chassis.o(i.chassis_set_yaw_pid) refers to chassis.o(.data) for .data
    chassis.o(i.chassis_stop) refers to scurve.o(i.Scurve_Stop) for Scurve_Stop
    chassis.o(i.chassis_stop) refers to chassis.o(i.yaw_pid_reset) for yaw_pid_reset
    chassis.o(i.chassis_stop) refers to chassis.o(.bss) for .bss
    chassis.o(i.chassis_theta_deg) refers to chassis.o(.bss) for .bss
    chassis.o(i.chassis_tick) refers to scurve.o(i.Scurve_Update) for Scurve_Update
[...]
    _btod_emul                               0x08001ca5   Thumb Code    42  btod.o(CL$$btod_emul)
    __btod_mult_common                       0x08001ccf   Thumb Code   580  btod.o(CL$$btod_mult_common)
    BusFault_Handler                         0x08001f13   Thumb Code     2  stm32f4xx_it.o(i.BusFault_Handler)
    DMA1_Stream0_IRQHandler                  0x08001f15   Thumb Code     6  stm32f4xx_it.o(i.DMA1_Stream0_IRQHandler)
    DMA1_Stream5_IRQHandler                  0x08001f21   Thumb Code     6  stm32f4xx_it.o(i.DMA1_Stream5_IRQHandler)
    DMA1_Stream6_IRQHandler                  0x08001f2d   Thumb Code     6  stm32f4xx_it.o(i.DMA1_Stream6_IRQHandler)
    DMA1_Stream7_IRQHandler                  0x08001f39   Thumb Code     6  stm32f4xx_it.o(i.DMA1_Stream7_IRQHandler)
    DebugMon_Handler                         0x08001fe9   Thumb Code     2  stm32f4xx_it.o(i.DebugMon_Handler)
    Error_Handler                            0x08001feb   Thumb Code     4  main.o(i.Error_Handler)
    HAL_DMA_Abort                            0x08001fef   Thumb Code   146  stm32f4xx_hal_dma.o(i.HAL_DMA_Abort)
    HAL_DMA_Abort_IT                         0x08002081   Thumb Code    36  stm32f4xx_hal_dma.o(i.HAL_DMA_Abort_IT)
    HAL_DMA_GetError                         0x080020a5   Thumb Code     4  stm32f4xx_hal_dma.o(i.HAL_DMA_GetError)
    HAL_DMA_GetState                         0x080020a9   Thumb Code     6  stm32f4xx_hal_dma.o(i.HAL_DMA_GetState)
    HAL_DMA_IRQHandler                       0x080020b1   Thumb Code   412  stm32f4xx_hal_dma.o(i.HAL_DMA_IRQHandler)
    HAL_DMA_Init                             0x08002251   Thumb Code   206  stm32f4xx_hal_dma.o(i.HAL_DMA_Init)
    HAL_DMA_Start_IT                         0x08002325   Thumb Code   110  stm32f4xx_hal_dma.o(i.HAL_DMA_Start_IT)
    HAL_Delay                                0x08002395   Thumb Code    32  stm32f4xx_hal.o(i.HAL_Delay)
    HAL_GPIO_Init                            0x080023b9   Thumb Code   450  stm32f4xx_hal_gpio.o(i.HAL_GPIO_Init)
    HAL_GPIO_WritePin                        0x080025a9   Thumb Code    10  stm32f4xx_hal_gpio.o(i.HAL_GPIO_WritePin)
    HAL_GetTick                              0x080025b5   Thumb Code     6  stm32f4xx_hal.o(i.HAL_GetTick)
    HAL_I2C_AbortCpltCallback                0x080025c1   Thumb Code     2  stm32f4xx_hal_i2c.o(i.HAL_I2C_AbortCpltCallback)
    HAL_I2C_AddrCallback                     0x080025c3   Thumb Code     2  stm32f4xx_hal_i2c.o(i.HAL_I2C_AddrCallback)
    HAL_I2C_ER_IRQHandler                    0x080025c5   Thumb Code   186  stm32f4xx_hal_i2c.o(i.HAL_I2C_ER_IRQHandler)
    HAL_I2C_EV_IRQHandler                    0x0800267f   Thumb Code   560  stm32f4xx_hal_i2c.o(i.HAL_I2C_EV_IRQHandler)
    HAL_I2C_ErrorCallback                    0x080028af   Thumb Code     2  stm32f4xx_hal_i2c.o(i.HAL_I2C_ErrorCallback)
    HAL_I2C_Init                             0x080028b1   Thumb Code   376  stm32f4xx_hal_i2c.o(i.HAL_I2C_Init)
    HAL_I2C_ListenCpltCallback               0x08002a39   Thumb Code     2  stm32f4xx_hal_i2c.o(i.HAL_I2C_ListenCpltCallback)
    HAL_I2C_MasterRxCpltCallback             0x08002a3b   Thumb Code     2  stm32f4xx_hal_i2c.o(i.HAL_I2C_MasterRxCpltCallback)
    HAL_I2C_MasterTxCpltCallback             0x08002a3d   Thumb Code     2  stm32f4xx_hal_i2c.o(i.HAL_I2C_MasterTxCpltCallback)
    HAL_I2C_MemRxCpltCallback                0x08002a41   Thumb Code    56  freertos.o(i.HAL_I2C_MemRxCpltCallback)
    HAL_I2C_MemTxCpltCallback                0x08002a85   Thumb Code     2  stm32f4xx_hal_i2c.o(i.HAL_I2C_MemTxCpltCallback)
    HAL_I2C_Mem_Read                         0x08002a89   Thumb Code   502  stm32f4xx_hal_i2c.o(i.HAL_I2C_Mem_Read)
    HAL_I2C_Mem_Read_DMA                     0x08002c8d   Thumb Code   444  stm32f4xx_hal_i2c.o(i.HAL_I2C_Mem_Read_DMA)
    HAL_I2C_Mem_Write                        0x08002e59   Thumb Code   294  stm32f4xx_hal_i2c.o(i.HAL_I2C_Mem_Write)
    HAL_I2C_MspInit                          0x08002f89   Thumb Code   224  i2c.o(i.HAL_I2C_MspInit)
    HAL_I2C_SlaveRxCpltCallback              0x0800307d   Thumb Code     2  stm32f4xx_hal_i2c.o(i.HAL_I2C_SlaveRxCpltCallback)
    HAL_I2C_SlaveTxCpltCallback              0x0800307f   Thumb Code     2  stm32f4xx_hal_i2c.o(i.HAL_I2C_SlaveTxCpltCallback)
    HAL_IncTick                              0x08003081   Thumb Code    12  stm32f4xx_hal.o(i.HAL_IncTick)
    HAL_Init                                 0x08003091   Thumb Code    48  stm32f4xx_hal.o(i.HAL_Init)
    HAL_InitTick                             0x080030c5   Thumb Code   132  stm32f4xx_hal_timebase_tim.o(i.HAL_InitTick)
    HAL_MspInit                              0x0800315d   Thumb Code    52  stm32f4xx_hal_msp.o(i.HAL_MspInit)
    HAL_NVIC_EnableIRQ                       0x08003195   Thumb Code    26  stm32f4xx_hal_cortex.o(i.HAL_NVIC_EnableIRQ)
    HAL_NVIC_SetPriority                     0x080031b1   Thumb Code    60  stm32f4xx_hal_cortex.o(i.HAL_NVIC_SetPriority)
    HAL_NVIC_SetPriorityGrouping             0x080031f1   Thumb Code    26  stm32f4xx_hal_cortex.o(i.HAL_NVIC_SetPriorityGrouping)
    HAL_RCC_ClockConfig                      0x08003215   Thumb Code   288  stm32f4xx_hal_rcc.o(i.HAL_RCC_ClockConfig)
    HAL_RCC_GetClockConfig                   0x08003349   Thumb Code    54  stm32f4xx_hal_rcc.o(i.HAL_RCC_GetClockConfig)
    HAL_RCC_GetPCLK1Freq                     0x08003389   Thumb Code    20  stm32f4xx_hal_rcc.o(i.HAL_RCC_GetPCLK1Freq)
    HAL_RCC_GetPCLK2Freq                     0x080033a9   Thumb Code    20  stm32f4xx_hal_rcc.o(i.HAL_RCC_GetPCLK2Freq)
    HAL_RCC_GetSysClockFreq                  0x080033c9   Thumb Code    88  stm32f4xx_hal_rcc.o(i.HAL_RCC_GetSysClockFreq)
    HAL_RCC_OscConfig                        0x08003429   Thumb Code   856  stm32f4xx_hal_rcc.o(i.HAL_RCC_OscConfig)
    HAL_TIMEx_BreakCallback                  0x08003795   Thumb Code     2  stm32f4xx_hal_tim_ex.o(i.HAL_TIMEx_BreakCallback)
    HAL_TIMEx_CommutCallback                 0x08003797   Thumb Code     2  stm32f4xx_hal_tim_ex.o(i.HAL_TIMEx_CommutCallback)
    HAL_TIMEx_ConfigBreakDeadTime            0x08003799   Thumb Code    84  stm32f4xx_hal_tim_ex.o(i.HAL_TIMEx_ConfigBreakDeadTime)
    HAL_TIMEx_MasterConfigSynchronization    0x080037ed   Thumb Code   116  stm32f4xx_hal_tim_ex.o(i.HAL_TIMEx_MasterConfigSynchronization)
    HAL_TIM_Base_Init                        0x0800387d   Thumb Code    90  stm32f4xx_hal_tim.o(i.HAL_TIM_Base_Init)
    HAL_TIM_Base_MspInit                     0x080038d7   Thumb Code     2  stm32f4xx_hal_tim.o(i.HAL_TIM_Base_MspInit)
    HAL_TIM_Base_Start_IT                    0x080038d9   Thumb Code   100  stm32f4xx_hal_tim.o(i.HAL_TIM_Base_Start_IT)
    HAL_TIM_IC_CaptureCallback               0x08003959   Thumb Code     2  stm32f4xx_hal_tim.o(i.HAL_TIM_IC_CaptureCallback)
    HAL_TIM_IRQHandler                       0x0800395b   Thumb Code   304  stm32f4xx_hal_tim.o(i.HAL_TIM_IRQHandler)
    HAL_TIM_MspPostInit                      0x08003a8d   Thumb Code   288  tim.o(i.HAL_TIM_MspPostInit)
    HAL_TIM_OC_ConfigChannel                 0x08003bd9   Thumb Code    82  stm32f4xx_hal_tim.o(i.HAL_TIM_OC_ConfigChannel)
    HAL_TIM_OC_DelayElapsedCallback          0x08003c2b   Thumb Code     2  stm32f4xx_hal_tim.o(i.HAL_TIM_OC_DelayElapsedCallback)
    HAL_TIM_OC_Init                          0x08003c2d   Thumb Code    90  stm32f4xx_hal_tim.o(i.HAL_TIM_OC_Init)
    HAL_TIM_OC_MspInit                       0x08003c87   Thumb Code     2  stm32f4xx_hal_tim.o(i.HAL_TIM_OC_MspInit)
    HAL_TIM_PWM_ConfigChannel                0x08003c89   Thumb Code   204  stm32f4xx_hal_tim.o(i.HAL_TIM_PWM_ConfigChannel)
    HAL_TIM_PWM_Init                         0x08003d55   Thumb Code    90  stm32f4xx_hal_tim.o(i.HAL_TIM_PWM_Init)
    HAL_TIM_PWM_MspInit                      0x08003db1   Thumb Code   164  tim.o(i.HAL_TIM_PWM_MspInit)
    HAL_TIM_PWM_PulseFinishedCallback        0x08003e6d   Thumb Code     2  stm32f4xx_hal_tim.o(i.HAL_TIM_PWM_PulseFinishedCallback)
    HAL_TIM_PWM_Start                        0x08003e71   Thumb Code   172  stm32f4xx_hal_tim.o(i.HAL_TIM_PWM_Start)
    HAL_TIM_PeriodElapsedCallback            0x08003f39   Thumb Code    14  main.o(i.HAL_TIM_PeriodElapsedCallback)
    HAL_TIM_TriggerCallback                  0x08003f4d   Thumb Code     2  stm32f4xx_hal_tim.o(i.HAL_TIM_TriggerCallback)
    HAL_UARTEx_RxEventCallback               0x08003f4f   Thumb Code     2  stm32f4xx_hal_uart.o(i.HAL_UARTEx_RxEventCallback)
    HAL_UART_AbortReceive                    0x08003f51   Thumb Code   148  stm32f4xx_hal_uart.o(i.HAL_UART_AbortReceive)
    HAL_UART_AbortTransmit                   0x08003fe5   Thumb Code    98  stm32f4xx_hal_uart.o(i.HAL_UART_AbortTransmit)
    HAL_UART_ErrorCallback                   0x08004049   Thumb Code    84  camera_align.o(i.HAL_UART_ErrorCallback)
    HAL_UART_IRQHandler                      0x080040a9   Thumb Code   636  stm32f4xx_hal_uart.o(i.HAL_UART_IRQHandler)
    HAL_UART_Init                            0x08004329   Thumb Code   100  stm32f4xx_hal_uart.o(i.HAL_UART_Init)
    HAL_UART_MspInit                         0x0800438d   Thumb Code   432  usart.o(i.HAL_UART_MspInit)
    HAL_UART_Receive_DMA                     0x08004565   Thumb Code    28  stm32f4xx_hal_uart.o(i.HAL_UART_Receive_DMA)
    HAL_UART_RxCpltCallback                  0x08004581   Thumb Code    52  camera_align.o(i.HAL_UART_RxCpltCallback)
    HAL_UART_RxHalfCpltCallback              0x080045c1   Thumb Code     2  stm32f4xx_hal_uart.o(i.HAL_UART_RxHalfCpltCallback)
    HAL_UART_Transmit                        0x080045c3   Thumb Code   160  stm32f4xx_hal_uart.o(i.HAL_UART_Transmit)
    HAL_UART_Transmit_DMA                    0x08004665   Thumb Code   120  stm32f4xx_hal_uart.o(i.HAL_UART_Transmit_DMA)
    HAL_UART_TxCpltCallback                  0x080046e9   Thumb Code    52  camera_align.o(i.HAL_UART_TxCpltCallback)
    HAL_UART_TxHalfCpltCallback              0x08004729   Thumb Code     2  stm32f4xx_hal_uart.o(i.HAL_UART_TxHalfCpltCallback)
    HardFault_Handler                        0x0800472b   Thumb Code     2  stm32f4xx_it.o(i.HardFault_Handler)
    I2C1_ER_IRQHandler                       0x0800472d   Thumb Code     6  stm32f4xx_it.o(i.I2C1_ER_IRQHandler)
    I2C1_EV_IRQHandler                       0x08004739   Thumb Code     6  stm32f4xx_it.o(i.I2C1_EV_IRQHandler)
    MPU6050_CalibrateYaw                     0x08005685   Thumb Code   164  mpu6050.o(i.MPU6050_CalibrateYaw)
    MPU6050_GetTempC                         0x08005731   Thumb Code     8  mpu6050.o(i.MPU6050_GetTempC)
    MPU6050_GetYaw                           0x0800573d   Thumb Code     8  mpu6050.o(i.MPU6050_GetYaw)
    MPU6050_Init                             0x08005749   Thumb Code   206  mpu6050.o(i.MPU6050_Init)
    MPU6050_IntegrateYaw                     0x08005829   Thumb Code    66  mpu6050.o(i.MPU6050_IntegrateYaw)
    MPU6050_OnDMAComplete                    0x0800587d   Thumb Code   364  mpu6050.o(i.MPU6050_OnDMAComplete)
    MPU6050_StartReadDMA                     0x08005a09   Thumb Code    50  mpu6050.o(i.MPU6050_StartReadDMA)
    MX_DMA_Init                              0x08005a49   Thumb Code    88  dma.o(i.MX_DMA_Init)
    MX_FREERTOS_Init                         0x08005aa5   Thumb Code    58  freertos.o(i.MX_FREERTOS_Init)
    MX_GPIO_Init                             0x08005af5   Thumb Code   262  gpio.o(i.MX_GPIO_Init)
    MX_I2C1_Init                             0x08005c11   Thumb Code    50  i2c.o(i.MX_I2C1_Init)
    MX_TIM2_Init                             0x08005c51   Thumb Code   166  tim.o(i.MX_TIM2_Init)
    MX_TIM3_Init                             0x08005cfd   Thumb Code   104  tim.o(i.MX_TIM3_Init)
    MX_TIM4_Init                             0x08005d6d   Thumb Code   104  tim.o(i.MX_TIM4_Init)
    MX_TIM5_Init                             0x08005ddd   Thumb Code   100  tim.o(i.MX_TIM5_Init)
    MX_TIM8_Init                             0x08005e49   Thumb Code   152  tim.o(i.MX_TIM8_Init)
    MX_TIM9_Init                             0x08005ee9   Thumb Code    82  tim.o(i.MX_TIM9_Init)
    MX_USART1_UART_Init                      0x08005f45   Thumb Code    48  usart.o(i.MX_USART1_UART_Init)
    MX_USART2_UART_Init                      0x08005f7d   Thumb Code    48  usart.o(i.MX_USART2_UART_Init)
    MX_USART3_UART_Init                      0x08005fb5   Thumb Code    48  usart.o(i.MX_USART3_UART_Init)
    MX_USART6_UART_Init                      0x08005fed   Thumb Code    48  usart.o(i.MX_USART6_UART_Init)
    MX_USB_OTG_FS_USB_Init                   0x08006025   Thumb Code     2  usb_otg.o(i.MX_USB_OTG_FS_USB_Init)
    Mecanum_Inverse                          0x08006029   Thumb Code    64  mecanum.o(i.Mecanum_Inverse)
    MemManage_Handler                        0x0800606d   Thumb Code     2  stm32f4xx_it.o(i.MemManage_Handler)
    NMI_Handler                              0x0800606f   Thumb Code     2  stm32f4xx_it.o(i.NMI_Handler)
    Scurve_Init                              0x08006071   Thumb Code    42  scurve.o(i.Scurve_Init)
    Scurve_IsIdle                            0x080060a1   Thumb Code    14  scurve.o(i.Scurve_IsIdle)
    Scurve_MoveTo                            0x080060b1   Thumb Code   176  scurve.o(i.Scurve_MoveTo)
    Scurve_SetConfig                         0x0800616d   Thumb Code    98  scurve.o(i.Scurve_SetConfig)
    Scurve_Stop                              0x080061d5   Thumb Code    22  scurve.o(i.Scurve_Stop)
    Scurve_Update                            0x080061f1   Thumb Code   340  scurve.o(i.Scurve_Update)
    StartChassisTask                         0x08006349   Thumb Code    34  freertos.o(i.StartChassisTask)
    StartDefaultTask                         0x0800636d   Thumb Code   124  freertos.o(i.StartDefaultTask)
    StartGyroTask                            0x08006441   Thumb Code   158  freertos.o(i.StartGyroTask)
    Stepper_Init                             0x08006585   Thumb Code   160  stepper.o(i.Stepper_Init)
    Stepper_SetSpeed                         0x08006639   Thumb Code   352  stepper.o(i.Stepper_SetSpeed)
    Stepper_SetWheelSpeed                    0x080067b1   Thumb Code    26  stepper.o(i.Stepper_SetWheelSpeed)
    Stepper_SetWheelSpeedAll                 0x080067d5   Thumb Code    32  stepper.o(i.Stepper_SetWheelSpeedAll)
    SysTick_Handler                          0x080067f5   Thumb Code    26  cmsis_os2.o(i.SysTick_Handler)
    SystemClock_Config                       0x08006811   Thumb Code   140  main.o(i.SystemClock_Config)
    SystemInit                               0x080068a5   Thumb Code    12  system_stm32f4xx.o(i.SystemInit)
    TIM8_TRG_COM_TIM14_IRQHandler            0x080068b5   Thumb Code    18  stm32f4xx_it.o(i.TIM8_TRG_COM_TIM14_IRQHandler)
    TIM_Base_SetConfig                       0x080068d1   Thumb Code   164  stm32f4xx_hal_tim.o(i.TIM_Base_SetConfig)
    TIM_CCxChannelCmd                        0x080069a1   Thumb Code    26  stm32f4xx_hal_tim.o(i.TIM_CCxChannelCmd)
    TIM_OC2_SetConfig                        0x08006a1d   Thumb Code    98  stm32f4xx_hal_tim.o(i.TIM_OC2_SetConfig)
    UART_Start_Receive_DMA                   0x08006ec1   Thumb Code   146  stm32f4xx_hal_uart.o(i.UART_Start_Receive_DMA)
    USART2_IRQHandler                        0x08006fd5   Thumb Code     6  stm32f4xx_it.o(i.USART2_IRQHandler)
    UsageFault_Handler                       0x08006fe1   Thumb Code     2  stm32f4xx_it.o(i.UsageFault_Handler)
    __ARM_fpclassify                         0x08006fe3   Thumb Code    48  fpclassify.o(i.__ARM_fpclassify)
    __ARM_fpclassifyf                        0x08007013   Thumb Code    38  fpclassifyf.o(i.__ARM_fpclassifyf)
    __hardfp_atan2f                          0x08007059   Thumb Code   594  atan2f.o(i.__hardfp_atan2f)
    __hardfp_cosf                            0x08007305   Thumb Code   280  cosf.o(i.__hardfp_cosf)
    __hardfp_sinf                            0x08007455   Thumb Code   344  sinf.o(i.__hardfp_sinf)
    __hardfp_sqrtf                           0x080075e5   Thumb Code    58  sqrtf.o(i.__hardfp_sqrtf)
    __mathlib_flt_infnan                     0x0800761f   Thumb Code     6  funder.o(i.__mathlib_flt_infnan)
    __mathlib_flt_infnan2                    0x08007625   Thumb Code     6  funder.o(i.__mathlib_flt_infnan2)
    __mathlib_flt_invalid                    0x0800762d   Thumb Code    10  funder.o(i.__mathlib_flt_invalid)
    __mathlib_flt_underflow                  0x0800763d   Thumb Code    10  funder.o(i.__mathlib_flt_underflow)
    __mathlib_rredf2                         0x0800764d   Thumb Code   316  rredf.o(i.__mathlib_rredf2)
    _is_digit                                0x080077a1   Thumb Code    14  __printf_wp.o(i._is_digit)
    camera_align_at                          0x080077b1   Thumb Code   304  camera_align.o(i.camera_align_at)
    camera_align_get_last_raw                0x080078e9   Thumb Code    26  camera_align.o(i.camera_align_get_last_raw)
    camera_align_init                        0x08007909   Thumb Code    50  camera_align.o(i.camera_align_init)
    chassis_feed_gyro                        0x080079b5   Thumb Code    22  chassis.o(i.chassis_feed_gyro)
    chassis_get_pose                         0x080079d1   Thumb Code    40  chassis.o(i.chassis_get_pose)
    chassis_get_wheel_speed                  0x080079fd   Thumb Code    28  chassis.o(i.chassis_get_wheel_speed)
    chassis_init                             0x08007a1d   Thumb Code   126  chassis.o(i.chassis_init)
    chassis_set_pose                         0x08007aa9   Thumb Code    32  chassis.o(i.chassis_set_pose)
    chassis_tick                             0x08007ae5   Thumb Code   544  chassis.o(i.chassis_tick)
    main                                     0x08007d71   Thumb Code    86  main.o(i.main)
    osDelay                                  0x08007dfd   Thumb Code    26  cmsis_os2.o(i.osDelay)
    osKernelInitialize                       0x08007e19   Thumb Code    32  cmsis_os2.o(i.osKernelInitialize)
    osKernelStart                            0x08007e3d   Thumb Code    48  cmsis_os2.o(i.osKernelStart)
    osThreadNew                              0x08007e75   Thumb Code   138  cmsis_os2.o(i.osThreadNew)
    pvPortMalloc                             0x080086c1   Thumb Code   216  heap_4.o(i.pvPortMalloc)
    pvTaskIncrementMutexHeldCount            0x0800879d   Thumb Code    18  tasks.o(i.pvTaskIncrementMutexHeldCount)
    pxPortInitialiseStack                    0x080087b5   Thumb Code    40  port.o(i.pxPortInitialiseStack)
    uxListRemove                             0x08008949   Thumb Code    38  list.o(i.uxListRemove)
    vApplicationGetIdleTaskMemory            0x08008971   Thumb Code    16  cmsis_os2.o(i.vApplicationGetIdleTaskMemory)
    vApplicationGetTimerTaskMemory           0x08008985   Thumb Code    18  cmsis_os2.o(i.vApplicationGetTimerTaskMemory)
    vListInitialise                          0x0800899d   Thumb Code    22  list.o(i.vListInitialise)
    vListInitialiseItem                      0x080089b3   Thumb Code     6  list.o(i.vListInitialiseItem)
    vListInsert                              0x080089b9   Thumb Code    48  list.o(i.vListInsert)
    vListInsertEnd                           0x080089e9   Thumb Code    24  list.o(i.vListInsertEnd)
    vPortEnterCritical                       0x08008a01   Thumb Code    54  port.o(i.vPortEnterCritical)
    vPortExitCritical                        0x08008a41   Thumb Code    34  port.o(i.vPortExitCritical)
    vPortFree                                0x08008a69   Thumb Code    94  heap_4.o(i.vPortFree)
    vPortSetupTimerInterrupt                 0x08008acd   Thumb Code    32  port.o(i.vPortSetupTimerInterrupt)
    vPortValidateInterruptPriority           0x08008af1   Thumb Code    74  port.o(i.vPortValidateInterruptPriority)
    vQueueAddToRegistry                      0x08008b45   Thumb Code    34  queue.o(i.vQueueAddToRegistry)
    vQueueWaitForMessageRestricted           0x08008b6d   Thumb Code    68  queue.o(i.vQueueWaitForMessageRestricted)
    vTaskDelay                               0x08008bb1   Thumb Code    66  tasks.o(i.vTaskDelay)
    vTaskDelayUntil                          0x08008bfd   Thumb Code   132  tasks.o(i.vTaskDelayUntil)
    vTaskInternalSetTimeOutState             0x08008c89   Thumb Code    12  tasks.o(i.vTaskInternalSetTimeOutState)
    vTaskMissedYield                         0x08008c99   Thumb Code     8  tasks.o(i.vTaskMissedYield)
    vTaskPlaceOnEventList                    0x08008ca5   Thumb Code    44  tasks.o(i.vTaskPlaceOnEventList)
    vTaskPlaceOnEventListRestricted          0x08008cd5   Thumb Code    52  tasks.o(i.vTaskPlaceOnEventListRestricted)
    vTaskPriorityDisinheritAfterTimeout      0x08008d0d   Thumb Code   134  tasks.o(i.vTaskPriorityDisinheritAfterTimeout)
    vTaskStartScheduler                      0x08008d9d   Thumb Code   118  tasks.o(i.vTaskStartScheduler)
    vTaskSuspendAll                          0x08008e25   Thumb Code    10  tasks.o(i.vTaskSuspendAll)
    vTaskSwitchContext                       0x08008e35   Thumb Code    90  tasks.o(i.vTaskSwitchContext)
    xPortStartScheduler                      0x08008ebd   Thumb Code   222  port.o(i.xPortStartScheduler)
    xPortSysTickHandler                      0x08008fb1   Thumb Code    38  port.o(i.xPortSysTickHandler)
    xQueueGenericCreate                      0x08008fdd   Thumb Code    66  queue.o(i.xQueueGenericCreate)
    xQueueGenericCreateStatic                0x0800901f   Thumb Code   102  queue.o(i.xQueueGenericCreateStatic)
    xQueueGenericReset                       0x08009085   Thumb Code   132  queue.o(i.xQueueGenericReset)
    xQueueGenericSend                        0x0800910d   Thumb Code   346  queue.o(i.xQueueGenericSend)
    xQueueGenericSendFromISR                 0x0800926d   Thumb Code   190  queue.o(i.xQueueGenericSendFromISR)
    xQueueGiveFromISR                        0x0800932b   Thumb Code   156  queue.o(i.xQueueGiveFromISR)
    xQueueReceive                            0x080093c9   Thumb Code   308  queue.o(i.xQueueReceive)
    xQueueSemaphoreTake                      0x08009501   Thumb Code   372  queue.o(i.xQueueSemaphoreTake)
    xTaskCheckForTimeOut                     0x08009679   Thumb Code   112  tasks.o(i.xTaskCheckForTimeOut)
    xTaskCreate                              0x080096ed   Thumb Code    90  tasks.o(i.xTaskCreate)
    xTaskCreateStatic                        0x08009747   Thumb Code    86  tasks.o(i.xTaskCreateStatic)
    xTaskGetSchedulerState                   0x0800979d   Thumb Code    22  tasks.o(i.xTaskGetSchedulerState)
    xTaskGetTickCount                        0x080097b9   Thumb Code     6  tasks.o(i.xTaskGetTickCount)
    xTaskIncrementTick                       0x080097c5   Thumb Code   192  tasks.o(i.xTaskIncrementTick)
    xTaskPriorityDisinherit                  0x0800988d   Thumb Code   118  tasks.o(i.xTaskPriorityDisinherit)
    xTaskPriorityInherit                     0x0800990d   Thumb Code   112  tasks.o(i.xTaskPriorityInherit)
    xTaskRemoveFromEventList                 0x08009985   Thumb Code    98  tasks.o(i.xTaskRemoveFromEventList)
    xTaskResumeAll                           0x080099f5   Thumb Code   182  tasks.o(i.xTaskResumeAll)
    xTimerCreateTimerTask                    0x08009ab9   Thumb Code    78  timers.o(i.xTimerCreateTimerTask)
    xTimerGenericCommand                     0x08009b19   Thumb Code    98  timers.o(i.xTimerGenericCommand)
    _get_lc_numeric                          0x08009c29   Thumb Code    44  lc_numeric_c.o(locale$$code)
    _get_lc_ctype                            0x08009c55   Thumb Code    44  lc_ctype_c.o(locale$$code)
    __fpl_dretinf                            0x08009c81   Thumb Code    12  dretinf.o(x$fpl$dretinf)
    __aeabi_f2d                              0x08009c8d   Thumb Code     0  f2d.o(x$fpl$f2d)
    _f2d                                     0x08009c8d   Thumb Code    86  f2d.o(x$fpl$f2d)
    __fpl_fnaninf                            0x08009ce3   Thumb Code   140  fnaninf.o(x$fpl$fnaninf)
    _fp_init                                 0x08009d6f   Thumb Code    10  fpinit.o(x$fpl$fpinit)
    __fplib_config_fpu_vfp                   0x08009d77   Thumb Code     0  fpinit.o(x$fpl$fpinit)
    __fplib_config_pureend_doubles           0x08009d77   Thumb Code     0  fpinit.o(x$fpl$fpinit)
    _printf_fp_dec                           0x08009d79   Thumb Code     4  printf1.o(x$fpl$printf1)
    _printf_fp_hex                           0x08009d7d   Thumb Code     4  printf2.o(x$fpl$printf2)
    __I$use$fp                               0x08009d80   Number         0  usenofp.o(x$fpl$usenofp)
    chassisTask_attributes                   0x08009dd8   Data          36  freertos.o(.constdata)
    gyroTask_attributes                      0x08009dfc   Data          36  freertos.o(.constdata)
    defaultTask_attributes                   0x08009e20   Data          36  freertos.o(.constdata)
    AHBPrescTable                            0x08009e4c   Data          16  system_stm32f4xx.o(.constdata)
    APBPrescTable                            0x08009e5c   Data           8  system_stm32f4xx.o(.constdata)
    Region$$Table$$Base                      0x08009ff0   Number         0  anon$$obj.o(Region$$Table)
    Region$$Table$$Limit                     0x0800a010   Number         0  anon$$obj.o(Region$$Table)
    __ctype                                  0x0800a039   Data           0  lc_ctype_c.o(locale$$data)
    chassisTaskHandle                        0x2000006c   Data           4  freertos.o(.data)
    gyroTaskHandle                           0x20000070   Data           4  freertos.o(.data)
    defaultTaskHandle                        0x20000074   Data           4  freertos.o(.data)
    uwTickFreq                               0x20000078   Data           1  stm32f4xx_hal.o(.data)
    uwTickPrio                               0x2000007c   Data           4  stm32f4xx_hal.o(.data)
    uwTick                                   0x20000080   Data           4  stm32f4xx_hal.o(.data)
    SystemCoreClock                          0x20000084   Data           4  system_stm32f4xx.o(.data)
    pxCurrentTCB                             0x20000088   Data           4  tasks.o(.data)
    hi2c1                                    0x20000c9c   Data          84  i2c.o(.bss)
    hdma_i2c1_rx                             0x20000cf0   Data          96  i2c.o(.bss)
    hdma_i2c1_tx                             0x20000d50   Data          96  i2c.o(.bss)
    htim2                                    0x20000db0   Data          72  tim.o(.bss)
    htim3                                    0x20000df8   Data          72  tim.o(.bss)
    htim4                                    0x20000e40   Data          72  tim.o(.bss)
    htim5                                    0x20000e88   Data          72  tim.o(.bss)
    htim8                                    0x20000ed0   Data          72  tim.o(.bss)
    htim9                                    0x20000f18   Data          72  tim.o(.bss)
    huart1                                   0x20000f60   Data          72  usart.o(.bss)
    huart2                                   0x20000fa8   Data          72  usart.o(.bss)
    huart3                                   0x20000ff0   Data          72  usart.o(.bss)
    huart6                                   0x20001038   Data          72  usart.o(.bss)
    hdma_usart2_rx                           0x20001080   Data          96  usart.o(.bss)
    hdma_usart2_tx                           0x200010e0   Data          96  usart.o(.bss)
    htim14                                   0x20001140   Data          72  stm32f4xx_hal_timebase_tim.o(.bss)
    xQueueRegistry                           0x20001188   Data          64  queue.o(.bss)
    __libspace_start                         0x20005a5c   Data          96  libspace.o(.bss)
    __temporary_stack_top$libspace           0x20005abc   Data           0  libspace.o(.bss)



==============================================================================

Memory Map of the image

  Image Entry point : 0x08000189

  Load Region LR_IROM1 (Base: 0x08000000, Size: 0x0000a244, Max: 0x00100000, ABSOLUTE)

    Execution Region ER_IROM1 (Exec base: 0x08000000, Load base: 0x08000000, Size: 0x0000a13c, Max: 0x00100000, ABSOLUTE)

    Exec Addr    Load Addr    Size         Type   Attr      Idx    E Section Name        Object

    0x08000000   0x08000000   0x00000188   Data   RO            3    RESET               startup_stm32f407xx.o
    0x08000188   0x08000188   0x00000008   Code   RO         5944  * !!!main             c_w.l(__main.o)
    0x08000190   0x08000190   0x00000034   Code   RO         6361    !!!scatter          c_w.l(__scatter.o)
    0x080001c4   0x080001c4   0x0000001a   Code   RO         6363    !!handler_copy      c_w.l(__scatter_copy.o)
    0x080001de   0x080001de   0x00000002   PAD
    0x080001e0   0x080001e0   0x0000001c   Code   RO         6365    !!handler_zi        c_w.l(__scatter_zi.o)
    0x080001fc   0x080001fc   0x00000000   Code   RO         6086    .ARM.Collect$$_printf_percent$$00000000  c_w.l(_printf_percent.o)
    0x080001fc   0x080001fc   0x00000006   Code   RO         6075    .ARM.Collect$$_printf_percent$$00000001  c_w.l(_printf_n.o)
    0x08000202   0x08000202   0x00000006   Code   RO         6077    .ARM.Collect$$_printf_percent$$00000002  c_w.l(_printf_p.o)
    0x08000208   0x08000208   0x00000006   Code   RO         6082    .ARM.Collect$$_printf_percent$$00000003  c_w.l(_printf_f.o)
    0x0800020e   0x0800020e   0x00000006   Code   RO         6083    .ARM.Collect$$_printf_percent$$00000004  c_w.l(_printf_e.o)
    0x08000214   0x08000214   0x00000006   Code   RO         6084    .ARM.Collect$$_printf_percent$$00000005  c_w.l(_printf_g.o)
    0x0800021a   0x0800021a   0x00000006   Code   RO         6085    .ARM.Collect$$_printf_percent$$00000006  c_w.l(_printf_a.o)
    0x08000220   0x08000220   0x0000000a   Code   RO         6090    .ARM.Collect$$_printf_percent$$00000007  c_w.l(_printf_ll.o)
    0x0800022a   0x0800022a   0x00000006   Code   RO         6079    .ARM.Collect$$_printf_percent$$00000008  c_w.l(_printf_i.o)
    0x08000230   0x08000230   0x00000006   Code   RO         6080    .ARM.Collect$$_printf_percent$$00000009  c_w.l(_printf_d.o)
    0x08000236   0x08000236   0x00000006   Code   RO         6081    .ARM.Collect$$_printf_percent$$0000000A  c_w.l(_printf_u.o)
    0x0800023c   0x0800023c   0x00000006   Code   RO         6078    .ARM.Collect$$_printf_percent$$0000000B  c_w.l(_printf_o.o)
    0x08000242   0x08000242   0x00000006   Code   RO         6076    .ARM.Collect$$_printf_percent$$0000000C  c_w.l(_printf_x.o)
    0x08000248   0x08000248   0x00000006   Code   RO         6087    .ARM.Collect$$_printf_percent$$0000000D  c_w.l(_printf_lli.o)
    0x0800024e   0x0800024e   0x00000006   Code   RO         6088    .ARM.Collect$$_printf_percent$$0000000E  c_w.l(_printf_lld.o)
    0x08000254   0x08000254   0x00000006   Code   RO         6089    .ARM.Collect$$_printf_percent$$0000000F  c_w.l(_printf_llu.o)
    0x0800025a   0x0800025a   0x00000006   Code   RO         6094    .ARM.Collect$$_printf_percent$$00000010  c_w.l(_printf_llo.o)
    0x08000260   0x08000260   0x00000006   Code   RO         6095    .ARM.Collect$$_printf_percent$$00000011  c_w.l(_printf_llx.o)
    0x08000266   0x08000266   0x0000000a   Code   RO         6091    .ARM.Collect$$_printf_percent$$00000012  c_w.l(_printf_l.o)
    0x08000270   0x08000270   0x00000006   Code   RO         6073    .ARM.Collect$$_printf_percent$$00000013  c_w.l(_printf_c.o)
    0x08000276   0x08000276   0x00000006   Code   RO         6074    .ARM.Collect$$_printf_percent$$00000014  c_w.l(_printf_s.o)
    0x0800027c   0x0800027c   0x00000006   Code   RO         6092    .ARM.Collect$$_printf_percent$$00000015  c_w.l(_printf_lc.o)
    0x08000282   0x08000282   0x00000006   Code   RO         6093    .ARM.Collect$$_printf_percent$$00000016  c_w.l(_printf_ls.o)
    0x08000288   0x08000288   0x00000004   Code   RO         6167    .ARM.Collect$$_printf_percent$$00000017  c_w.l(_printf_percent_end.o)
    0x0800028c   0x0800028c   0x00000002   Code   RO         6223    .ARM.Collect$$libinit$$00000000  c_w.l(libinit.o)
    0x0800028e   0x0800028e   0x00000004   Code   RO         6241    .ARM.Collect$$libinit$$00000001  c_w.l(libinit2.o)
    0x08000292   0x08000292   0x00000000   Code   RO         6244    .ARM.Collect$$libinit$$00000004  c_w.l(libinit2.o)
    0x08000292   0x08000292   0x00000000   Code   RO         6247    .ARM.Collect$$libinit$$0000000A  c_w.l(libinit2.o)
    0x08000292   0x08000292   0x00000000   Code   RO         6249    .ARM.Collect$$libinit$$0000000C  c_w.l(libinit2.o)
    0x08000292   0x08000292   0x00000000   Code   RO         6251    .ARM.Collect$$libinit$$0000000E  c_w.l(libinit2.o)
    0x08000292   0x08000292   0x00000006   Code   RO         6252    .ARM.Collect$$libinit$$0000000F  c_w.l(libinit2.o)
    0x08000298   0x08000298   0x00000000   Code   RO         6254    .ARM.Collect$$libinit$$00000011  c_w.l(libinit2.o)
    0x08000298   0x08000298   0x0000000c   Code   RO         6255    .ARM.Collect$$libinit$$00000012  c_w.l(libinit2.o)
    0x080002a4   0x080002a4   0x00000000   Code   RO         6256    .ARM.Collect$$libinit$$00000013  c_w.l(libinit2.o)
    0x080002a4   0x080002a4   0x00000000   Code   RO         6258    .ARM.Collect$$libinit$$00000015  c_w.l(libinit2.o)
    0x080002a4   0x080002a4   0x0000000a   Code   RO         6259    .ARM.Collect$$libinit$$00000016  c_w.l(libinit2.o)
    0x080002ae   0x080002ae   0x00000000   Code   RO         6260    .ARM.Collect$$libinit$$00000017  c_w.l(libinit2.o)
    0x080002ae   0x080002ae   0x00000000   Code   RO         6262    .ARM.Collect$$libinit$$00000019  c_w.l(libinit2.o)
    0x080002ae   0x080002ae   0x00000000   Code   RO         6264    .ARM.Collect$$libinit$$0000001B  c_w.l(libinit2.o)
    0x080002ae   0x080002ae   0x00000000   Code   RO         6266    .ARM.Collect$$libinit$$0000001D  c_w.l(libinit2.o)
    0x080002ae   0x080002ae   0x00000000   Code   RO         6268    .ARM.Collect$$libinit$$0000001F  c_w.l(libinit2.o)
    0x080002ae   0x080002ae   0x00000000   Code   RO         6270    .ARM.Collect$$libinit$$00000021  c_w.l(libinit2.o)
    0x080002ae   0x080002ae   0x00000000   Code   RO         6272    .ARM.Collect$$libinit$$00000023  c_w.l(libinit2.o)
    0x080002ae   0x080002ae   0x00000000   Code   RO         6274    .ARM.Collect$$libinit$$00000025  c_w.l(libinit2.o)
    0x080002ae   0x080002ae   0x00000000   Code   RO         6278    .ARM.Collect$$libinit$$0000002C  c_w.l(libinit2.o)
    0x080002ae   0x080002ae   0x00000000   Code   RO         6280    .ARM.Collect$$libinit$$0000002E  c_w.l(libinit2.o)
    0x080002ae   0x080002ae   0x00000000   Code   RO         6282    .ARM.Collect$$libinit$$00000030  c_w.l(libinit2.o)
    0x080002ae   0x080002ae   0x00000000   Code   RO         6284    .ARM.Collect$$libinit$$00000032  c_w.l(libinit2.o)
    0x080002ae   0x080002ae   0x00000002   Code   RO         6285    .ARM.Collect$$libinit$$00000033  c_w.l(libinit2.o)
    0x080002b0   0x080002b0   0x00000002   Code   RO         6316    .ARM.Collect$$libshutdown$$00000000  c_w.l(libshutdown.o)
    0x080002b2   0x080002b2   0x00000000   Code   RO         6342    .ARM.Collect$$libshutdown$$00000002  c_w.l(libshutdown2.o)
    0x080002b2   0x080002b2   0x00000000   Code   RO         6344    .ARM.Collect$$libshutdown$$00000004  c_w.l(libshutdown2.o)
    0x080002b2   0x080002b2   0x00000000   Code   RO         6346    .ARM.Collect$$libshutdown$$00000006  c_w.l(libshutdown2.o)
    0x080002b2   0x080002b2   0x00000000   Code   RO         6349    .ARM.Collect$$libshutdown$$00000009  c_w.l(libshutdown2.o)
    0x080002b2   0x080002b2   0x00000000   Code   RO         6352    .ARM.Collect$$libshutdown$$0000000C  c_w.l(libshutdown2.o)
    0x080002b2   0x080002b2   0x00000000   Code   RO         6354    .ARM.Collect$$libshutdown$$0000000E  c_w.l(libshutdown2.o)
    0x080002b2   0x080002b2   0x00000000   Code   RO         6357    .ARM.Collect$$libshutdown$$00000011  c_w.l(libshutdown2.o)
    0x080002b2   0x080002b2   0x00000002   Code   RO         6358    .ARM.Collect$$libshutdown$$00000012  c_w.l(libshutdown2.o)
    0x080002b4   0x080002b4   0x00000000   Code   RO         5996    .ARM.Collect$$rtentry$$00000000  c_w.l(__rtentry.o)
    0x080002b4   0x080002b4   0x00000000   Code   RO         6131    .ARM.Collect$$rtentry$$00000002  c_w.l(__rtentry2.o)
    0x080002b4   0x080002b4   0x00000006   Code   RO         6143    .ARM.Collect$$rtentry$$00000004  c_w.l(__rtentry4.o)
    0x080002ba   0x080002ba   0x00000000   Code   RO         6133    .ARM.Collect$$rtentry$$00000009  c_w.l(__rtentry2.o)
    0x080002ba   0x080002ba   0x00000004   Code   RO         6134    .ARM.Collect$$rtentry$$0000000A  c_w.l(__rtentry2.o)
    0x080002be   0x080002be   0x00000000   Code   RO         6136    .ARM.Collect$$rtentry$$0000000C  c_w.l(__rtentry2.o)
    0x080002be   0x080002be   0x00000008   Code   RO         6137    .ARM.Collect$$rtentry$$0000000D  c_w.l(__rtentry2.o)
    0x080002c6   0x080002c6   0x00000002   Code   RO         6228    .ARM.Collect$$rtexit$$00000000  c_w.l(rtexit.o)
    0x080002c8   0x080002c8   0x00000000   Code   RO         6289    .ARM.Collect$$rtexit$$00000002  c_w.l(rtexit2.o)
    0x080002c8   0x080002c8   0x00000004   Code   RO         6290    .ARM.Collect$$rtexit$$00000003  c_w.l(rtexit2.o)
    0x080002cc   0x080002cc   0x00000006   Code   RO         6291    .ARM.Collect$$rtexit$$00000004  c_w.l(rtexit2.o)
    0x080002d2   0x080002d2   0x00000002   PAD
    0x080002d4   0x080002d4   0x000000be   Code   RO         5849    .emb_text           port.o
    0x08000392   0x08000392   0x00000002   PAD
    0x08000394   0x08000394   0x00000040   Code   RO            4    .text               startup_stm32f407xx.o
    0x080003d4   0x080003d4   0x000000ee   Code   RO         5928    .text               c_w.l(lludivv7m.o)
    0x080004c2   0x080004c2   0x00000002   PAD
    0x080004c4   0x080004c4   0x00000034   Code   RO         5930    .text               c_w.l(vsnprintf.o)
    0x080004f8   0x080004f8   0x0000008a   Code   RO         5932    .text               c_w.l(rt_memcpy_v6.o)
    0x08000582   0x08000582   0x00000010   Code   RO         5936    .text               c_w.l(aeabi_memset.o)
    0x08000592   0x08000592   0x00000044   Code   RO         5938    .text               c_w.l(rt_memclr.o)
    0x080005d6   0x080005d6   0x0000004e   Code   RO         5940    .text               c_w.l(rt_memclr_w.o)
    0x08000624   0x08000624   0x00000006   Code   RO         5942    .text               c_w.l(heapauxi.o)
    0x0800062a   0x0800062a   0x00000016   Code   RO         6001    .text               c_w.l(_rserrno.o)
    0x08000640   0x08000640   0x0000004e   Code   RO         6005    .text               c_w.l(_printf_pad.o)
    0x0800068e   0x0800068e   0x00000024   Code   RO         6007    .text               c_w.l(_printf_truncate.o)
    0x080006b2   0x080006b2   0x00000052   Code   RO         6009    .text               c_w.l(_printf_str.o)
    0x08000704   0x08000704   0x00000078   Code   RO         6011    .text               c_w.l(_printf_dec.o)
    0x0800077c   0x0800077c   0x00000028   Code   RO         6013    .text               c_w.l(_printf_charcount.o)
    0x080007a4   0x080007a4   0x00000030   Code   RO         6015    .text               c_w.l(_printf_char_common.o)
    0x080007d4   0x080007d4   0x0000000a   Code   RO         6017    .text               c_w.l(_sputc.o)
    0x080007de   0x080007de   0x00000010   Code   RO         6019    .text               c_w.l(_snputc.o)
    0x080007ee   0x080007ee   0x00000002   PAD
    0x080007f0   0x080007f0   0x000000bc   Code   RO         6021    .text               c_w.l(_printf_wctomb.o)
    0x080008ac   0x080008ac   0x0000007c   Code   RO         6024    .text               c_w.l(_printf_longlong_dec.o)
    0x08000928   0x08000928   0x00000070   Code   RO         6030    .text               c_w.l(_printf_oct_int_ll.o)
    0x08000998   0x08000998   0x00000094   Code   RO         6050    .text               c_w.l(_printf_hex_int_ll_ptr.o)
    0x08000a2c   0x08000a2c   0x00000188   Code   RO         6070    .text               c_w.l(__printf_flags_ss_wp.o)
    0x08000bb4   0x08000bb4   0x00000064   Code   RO         6096    .text               c_w.l(rt_memcpy_w.o)
    0x08000c18   0x08000c18   0x00000008   Code   RO         6150    .text               c_w.l(rt_errno_addr_intlibspace.o)
    0x08000c20   0x08000c20   0x0000008a   Code   RO         6152    .text               c_w.l(lludiv10.o)
    0x08000caa   0x08000caa   0x000000b2   Code   RO         6154    .text               c_w.l(_printf_intcommon.o)
    0x08000d5c   0x08000d5c   0x0000041e   Code   RO         6156    .text               c_w.l(_printf_fp_dec.o)
    0x0800117a   0x0800117a   0x00000002   PAD
    0x0800117c   0x0800117c   0x000002fc   Code   RO         6158    .text               c_w.l(_printf_fp_hex.o)
    0x08001478   0x08001478   0x0000002c   Code   RO         6163    .text               c_w.l(_printf_char.o)
    0x080014a4   0x080014a4   0x0000002c   Code   RO         6165    .text               c_w.l(_printf_wchar.o)
    0x080014d0   0x080014d0   0x00000040   Code   RO         6168    .text               c_w.l(_wcrtomb.o)
    0x08001510   0x08001510   0x00000008   Code   RO         6170    .text               c_w.l(libspace.o)
    0x08001518   0x08001518   0x0000004a   Code   RO         6173    .text               c_w.l(sys_stackheap_outer.o)
    0x08001562   0x08001562   0x00000002   PAD
    0x08001564   0x08001564   0x00000010   Code   RO         6175    .text               c_w.l(rt_ctype_table.o)
    0x08001574   0x08001574   0x00000008   Code   RO         6180    .text               c_w.l(rt_locale_intlibspace.o)
    0x0800157c   0x0800157c   0x00000080   Code   RO         6182    .text               c_w.l(_printf_fp_infnan.o)
    0x080015fc   0x080015fc   0x000000e4   Code   RO         6184    .text               c_w.l(bigflt0.o)
    0x080016e0   0x080016e0   0x00000012   Code   RO         6212    .text               c_w.l(exit.o)
    0x080016f2   0x080016f2   0x00000002   PAD
    0x080016f4   0x080016f4   0x00000080   Code   RO         6239    .text               c_w.l(strcmpv7m.o)
    0x08001774   0x08001774   0x0000000c   Code   RO         6286    .text               c_w.l(sys_exit.o)
    0x08001780   0x08001780   0x00000002   Code   RO         6305    .text               c_w.l(use_no_semi.o)
    0x08001782   0x08001782   0x00000000   Code   RO         6307    .text               c_w.l(indicate_semi.o)
    0x08001782   0x08001782   0x0000003e   Code   RO         6187    CL$$btod_d2e        c_w.l(btod.o)
    0x080017c0   0x080017c0   0x00000046   Code   RO         6189    CL$$btod_d2e_denorm_low  c_w.l(btod.o)
    0x08001806   0x08001806   0x00000060   Code   RO         6188    CL$$btod_d2e_norm_op1  c_w.l(btod.o)
    0x08001866   0x08001866   0x00000338   Code   RO         6197    CL$$btod_div_common  c_w.l(btod.o)
    0x08001b9e   0x08001b9e   0x000000dc   Code   RO         6194    CL$$btod_e2e        c_w.l(btod.o)
    0x08001c7a   0x08001c7a   0x0000002a   Code   RO         6191    CL$$btod_ediv       c_w.l(btod.o)
    0x08001ca4   0x08001ca4   0x0000002a   Code   RO         6190    CL$$btod_emul       c_w.l(btod.o)
    0x08001cce   0x08001cce   0x00000244   Code   RO         6196    CL$$btod_mult_common  c_w.l(btod.o)
    0x08001f12   0x08001f12   0x00000002   Code   RO         1029    i.BusFault_Handler  stm32f4xx_it.o
    0x08001f14   0x08001f14   0x0000000c   Code   RO         1030    i.DMA1_Stream0_IRQHandler  stm32f4xx_it.o
    0x08001f20   0x08001f20   0x0000000c   Code   RO         1031    i.DMA1_Stream5_IRQHandler  stm32f4xx_it.o
    0x08001f2c   0x08001f2c   0x0000000c   Code   RO         1032    i.DMA1_Stream6_IRQHandler  stm32f4xx_it.o
    0x08001f38   0x08001f38   0x0000000c   Code   RO         1033    i.DMA1_Stream7_IRQHandler  stm32f4xx_it.o
    0x08001f44   0x08001f44   0x00000028   Code   RO         2630    i.DMA_CalcBaseAndBitshift  stm32f4xx_hal_dma.o
    0x08001f6c   0x08001f6c   0x00000054   Code   RO         2631    i.DMA_CheckFifoParam  stm32f4xx_hal_dma.o
    0x08001fc0   0x08001fc0   0x00000028   Code   RO         2632    i.DMA_SetConfig     stm32f4xx_hal_dma.o
    0x08001fe8   0x08001fe8   0x00000002   Code   RO         1034    i.DebugMon_Handler  stm32f4xx_it.o
    0x08001fea   0x08001fea   0x00000004   Code   RO          649    i.Error_Handler     main.o
    0x08001fee   0x08001fee   0x00000092   Code   RO         2633    i.HAL_DMA_Abort     stm32f4xx_hal_dma.o
    0x08002080   0x08002080   0x00000024   Code   RO         2634    i.HAL_DMA_Abort_IT  stm32f4xx_hal_dma.o
    0x080020a4   0x080020a4   0x00000004   Code   RO         2636    i.HAL_DMA_GetError  stm32f4xx_hal_dma.o
    0x080020a8   0x080020a8   0x00000006   Code   RO         2637    i.HAL_DMA_GetState  stm32f4xx_hal_dma.o
    0x080020ae   0x080020ae   0x00000002   PAD
    0x080020b0   0x080020b0   0x000001a0   Code   RO         2638    i.HAL_DMA_IRQHandler  stm32f4xx_hal_dma.o
    0x08002250   0x08002250   0x000000d4   Code   RO         2639    i.HAL_DMA_Init      stm32f4xx_hal_dma.o
    0x08002324   0x08002324   0x0000006e   Code   RO         2643    i.HAL_DMA_Start_IT  stm32f4xx_hal_dma.o
    0x08002392   0x08002392   0x00000002   PAD
    0x08002394   0x08002394   0x00000024   Code   RO         3070    i.HAL_Delay         stm32f4xx_hal.o
    0x080023b8   0x080023b8   0x000001f0   Code   RO         2526    i.HAL_GPIO_Init     stm32f4xx_hal_gpio.o
    0x080025a8   0x080025a8   0x0000000a   Code   RO         2530    i.HAL_GPIO_WritePin  stm32f4xx_hal_gpio.o
    0x080025b2   0x080025b2   0x00000002   PAD
    0x080025b4   0x080025b4   0x0000000c   Code   RO         3076    i.HAL_GetTick       stm32f4xx_hal.o
    0x080025c0   0x080025c0   0x00000002   Code   RO         3321    i.HAL_I2C_AbortCpltCallback  stm32f4xx_hal_i2c.o
    0x080025c2   0x080025c2   0x00000002   Code   RO         3322    i.HAL_I2C_AddrCallback  stm32f4xx_hal_i2c.o
    0x080025c4   0x080025c4   0x000000ba   Code   RO         3325    i.HAL_I2C_ER_IRQHandler  stm32f4xx_hal_i2c.o
    0x0800267e   0x0800267e   0x00000230   Code   RO         3326    i.HAL_I2C_EV_IRQHandler  stm32f4xx_hal_i2c.o
    0x080028ae   0x080028ae   0x00000002   Code   RO         3328    i.HAL_I2C_ErrorCallback  stm32f4xx_hal_i2c.o
    0x080028b0   0x080028b0   0x00000188   Code   RO         3332    i.HAL_I2C_Init      stm32f4xx_hal_i2c.o
    0x08002a38   0x08002a38   0x00000002   Code   RO         3334    i.HAL_I2C_ListenCpltCallback  stm32f4xx_hal_i2c.o
    0x08002a3a   0x08002a3a   0x00000002   Code   RO         3335    i.HAL_I2C_MasterRxCpltCallback  stm32f4xx_hal_i2c.o
    0x08002a3c   0x08002a3c   0x00000002   Code   RO         3336    i.HAL_I2C_MasterTxCpltCallback  stm32f4xx_hal_i2c.o
    0x08002a3e   0x08002a3e   0x00000002   PAD
    0x08002a40   0x08002a40   0x00000044   Code   RO          727    i.HAL_I2C_MemRxCpltCallback  freertos.o
    0x08002a84   0x08002a84   0x00000002   Code   RO         3349    i.HAL_I2C_MemTxCpltCallback  stm32f4xx_hal_i2c.o
    0x08002a86   0x08002a86   0x00000002   PAD
    0x08002a88   0x08002a88   0x00000204   Code   RO         3350    i.HAL_I2C_Mem_Read  stm32f4xx_hal_i2c.o
    0x08002c8c   0x08002c8c   0x000001cc   Code   RO         3351    i.HAL_I2C_Mem_Read_DMA  stm32f4xx_hal_i2c.o
    0x08002e58   0x08002e58   0x00000130   Code   RO         3353    i.HAL_I2C_Mem_Write  stm32f4xx_hal_i2c.o
    0x08002f88   0x08002f88   0x000000f4   Code   RO          826    i.HAL_I2C_MspInit   i2c.o
    0x0800307c   0x0800307c   0x00000002   Code   RO         3358    i.HAL_I2C_SlaveRxCpltCallback  stm32f4xx_hal_i2c.o
    0x0800307e   0x0800307e   0x00000002   Code   RO         3359    i.HAL_I2C_SlaveTxCpltCallback  stm32f4xx_hal_i2c.o
    0x08003080   0x08003080   0x00000010   Code   RO         3082    i.HAL_IncTick       stm32f4xx_hal.o
    0x08003090   0x08003090   0x00000034   Code   RO         3083    i.HAL_Init          stm32f4xx_hal.o
    0x080030c4   0x080030c4   0x00000098   Code   RO         1159    i.HAL_InitTick      stm32f4xx_hal_timebase_tim.o
    0x0800315c   0x0800315c   0x00000038   Code   RO         1135    i.HAL_MspInit       stm32f4xx_hal_msp.o
    0x08003194   0x08003194   0x0000001a   Code   RO         2918    i.HAL_NVIC_EnableIRQ  stm32f4xx_hal_cortex.o
    0x080031ae   0x080031ae   0x00000002   PAD
    0x080031b0   0x080031b0   0x00000040   Code   RO         2924    i.HAL_NVIC_SetPriority  stm32f4xx_hal_cortex.o
    0x080031f0   0x080031f0   0x00000024   Code   RO         2925    i.HAL_NVIC_SetPriorityGrouping  stm32f4xx_hal_cortex.o
    0x08003214   0x08003214   0x00000134   Code   RO         2172    i.HAL_RCC_ClockConfig  stm32f4xx_hal_rcc.o
    0x08003348   0x08003348   0x00000040   Code   RO         2176    i.HAL_RCC_GetClockConfig  stm32f4xx_hal_rcc.o
    0x08003388   0x08003388   0x00000020   Code   RO         2179    i.HAL_RCC_GetPCLK1Freq  stm32f4xx_hal_rcc.o
    0x080033a8   0x080033a8   0x00000020   Code   RO         2180    i.HAL_RCC_GetPCLK2Freq  stm32f4xx_hal_rcc.o
    0x080033c8   0x080033c8   0x00000060   Code   RO         2181    i.HAL_RCC_GetSysClockFreq  stm32f4xx_hal_rcc.o
    0x08003428   0x08003428   0x0000036c   Code   RO         2184    i.HAL_RCC_OscConfig  stm32f4xx_hal_rcc.o
    0x08003794   0x08003794   0x00000002   Code   RO         1904    i.HAL_TIMEx_BreakCallback  stm32f4xx_hal_tim_ex.o
    0x08003796   0x08003796   0x00000002   Code   RO         1905    i.HAL_TIMEx_CommutCallback  stm32f4xx_hal_tim_ex.o
    0x08003798   0x08003798   0x00000054   Code   RO         1907    i.HAL_TIMEx_ConfigBreakDeadTime  stm32f4xx_hal_tim_ex.o
    0x080037ec   0x080037ec   0x00000090   Code   RO         1923    i.HAL_TIMEx_MasterConfigSynchronization  stm32f4xx_hal_tim_ex.o
    0x0800387c   0x0800387c   0x0000005a   Code   RO         1200    i.HAL_TIM_Base_Init  stm32f4xx_hal_tim.o
    0x080038d6   0x080038d6   0x00000002   Code   RO         1202    i.HAL_TIM_Base_MspInit  stm32f4xx_hal_tim.o
    0x080038d8   0x080038d8   0x00000080   Code   RO         1205    i.HAL_TIM_Base_Start_IT  stm32f4xx_hal_tim.o
    0x08003958   0x08003958   0x00000002   Code   RO         1234    i.HAL_TIM_IC_CaptureCallback  stm32f4xx_hal_tim.o
    0x0800395a   0x0800395a   0x00000130   Code   RO         1248    i.HAL_TIM_IRQHandler  stm32f4xx_hal_tim.o
    0x08003a8a   0x08003a8a   0x00000002   PAD
    0x08003a8c   0x08003a8c   0x0000014c   Code   RO          867    i.HAL_TIM_MspPostInit  tim.o
    0x08003bd8   0x08003bd8   0x00000052   Code   RO         1249    i.HAL_TIM_OC_ConfigChannel  stm32f4xx_hal_tim.o
    0x08003c2a   0x08003c2a   0x00000002   Code   RO         1251    i.HAL_TIM_OC_DelayElapsedCallback  stm32f4xx_hal_tim.o
    0x08003c2c   0x08003c2c   0x0000005a   Code   RO         1253    i.HAL_TIM_OC_Init   stm32f4xx_hal_tim.o
    0x08003c86   0x08003c86   0x00000002   Code   RO         1255    i.HAL_TIM_OC_MspInit  stm32f4xx_hal_tim.o
    0x08003c88   0x08003c88   0x000000cc   Code   RO         1272    i.HAL_TIM_PWM_ConfigChannel  stm32f4xx_hal_tim.o
    0x08003d54   0x08003d54   0x0000005a   Code   RO         1275    i.HAL_TIM_PWM_Init  stm32f4xx_hal_tim.o
    0x08003dae   0x08003dae   0x00000002   PAD
    0x08003db0   0x08003db0   0x000000bc   Code   RO          869    i.HAL_TIM_PWM_MspInit  tim.o
    0x08003e6c   0x08003e6c   0x00000002   Code   RO         1278    i.HAL_TIM_PWM_PulseFinishedCallback  stm32f4xx_hal_tim.o
    0x08003e6e   0x08003e6e   0x00000002   PAD
    0x08003e70   0x08003e70   0x000000c8   Code   RO         1280    i.HAL_TIM_PWM_Start  stm32f4xx_hal_tim.o
    0x08003f38   0x08003f38   0x00000014   Code   RO          650    i.HAL_TIM_PeriodElapsedCallback  main.o
    0x08003f4c   0x08003f4c   0x00000002   Code   RO         1291    i.HAL_TIM_TriggerCallback  stm32f4xx_hal_tim.o
    0x08003f4e   0x08003f4e   0x00000002   Code   RO         3788    i.HAL_UARTEx_RxEventCallback  stm32f4xx_hal_uart.o
    0x08003f50   0x08003f50   0x00000094   Code   RO         3791    i.HAL_UART_AbortReceive  stm32f4xx_hal_uart.o
    0x08003fe4   0x08003fe4   0x00000062   Code   RO         3794    i.HAL_UART_AbortTransmit  stm32f4xx_hal_uart.o
    0x08004046   0x08004046   0x00000002   PAD
    0x08004048   0x08004048   0x00000060   Code   RO          234    i.HAL_UART_ErrorCallback  camera_align.o
    0x080040a8   0x080040a8   0x00000280   Code   RO         3805    i.HAL_UART_IRQHandler  stm32f4xx_hal_uart.o
    0x08004328   0x08004328   0x00000064   Code   RO         3806    i.HAL_UART_Init     stm32f4xx_hal_uart.o
    0x0800438c   0x0800438c   0x000001d8   Code   RO          946    i.HAL_UART_MspInit  usart.o
    0x08004564   0x08004564   0x0000001c   Code   RO         3810    i.HAL_UART_Receive_DMA  stm32f4xx_hal_uart.o
    0x08004580   0x08004580   0x00000040   Code   RO          235    i.HAL_UART_RxCpltCallback  camera_align.o
    0x080045c0   0x080045c0   0x00000002   Code   RO         3813    i.HAL_UART_RxHalfCpltCallback  stm32f4xx_hal_uart.o
    0x080045c2   0x080045c2   0x000000a0   Code   RO         3814    i.HAL_UART_Transmit  stm32f4xx_hal_uart.o
    0x08004662   0x08004662   0x00000002   PAD
    0x08004664   0x08004664   0x00000084   Code   RO         3815    i.HAL_UART_Transmit_DMA  stm32f4xx_hal_uart.o
    0x080046e8   0x080046e8   0x00000040   Code   RO          236    i.HAL_UART_TxCpltCallback  camera_align.o
    0x08004728   0x08004728   0x00000002   Code   RO         3818    i.HAL_UART_TxHalfCpltCallback  stm32f4xx_hal_uart.o
    0x0800472a   0x0800472a   0x00000002   Code   RO         1035    i.HardFault_Handler  stm32f4xx_it.o
    0x0800472c   0x0800472c   0x0000000c   Code   RO         1036    i.I2C1_ER_IRQHandler  stm32f4xx_it.o
    0x08004738   0x08004738   0x0000000c   Code   RO         1037    i.I2C1_EV_IRQHandler  stm32f4xx_it.o
    0x08004744   0x08004744   0x000000bc   Code   RO         3370    i.I2C_DMAAbort      stm32f4xx_hal_i2c.o
    0x08004800   0x08004800   0x00000040   Code   RO         3371    i.I2C_DMAError      stm32f4xx_hal_i2c.o
    0x08004840   0x08004840   0x00000112   Code   RO         3372    i.I2C_DMAXferCplt   stm32f4xx_hal_i2c.o
    0x08004952   0x08004952   0x00000010   Code   RO         3373    i.I2C_Flush_DR      stm32f4xx_hal_i2c.o
    0x08004962   0x08004962   0x00000002   PAD
    0x08004964   0x08004964   0x00000158   Code   RO         3374    i.I2C_ITError       stm32f4xx_hal_i2c.o
    0x08004abc   0x08004abc   0x0000002e   Code   RO         3375    i.I2C_IsAcknowledgeFailed  stm32f4xx_hal_i2c.o
    0x08004aea   0x08004aea   0x000000da   Code   RO         3376    i.I2C_MasterReceive_BTF  stm32f4xx_hal_i2c.o
    0x08004bc4   0x08004bc4   0x000000f4   Code   RO         3377    i.I2C_MasterReceive_RXNE  stm32f4xx_hal_i2c.o
    0x08004cb8   0x08004cb8   0x00000082   Code   RO         3380    i.I2C_MasterTransmit_BTF  stm32f4xx_hal_i2c.o
    0x08004d3a   0x08004d3a   0x00000002   PAD
    0x08004d3c   0x08004d3c   0x000000b6   Code   RO         3381    i.I2C_MasterTransmit_TXE  stm32f4xx_hal_i2c.o
    0x08004df2   0x08004df2   0x00000002   PAD
    0x08004df4   0x08004df4   0x00000118   Code   RO         3382    i.I2C_Master_ADDR   stm32f4xx_hal_i2c.o
    0x08004f0c   0x08004f0c   0x0000008c   Code   RO         3383    i.I2C_Master_SB     stm32f4xx_hal_i2c.o
    0x08004f98   0x08004f98   0x000000a8   Code   RO         3384    i.I2C_MemoryTransmit_TXE_BTF  stm32f4xx_hal_i2c.o
    0x08005040   0x08005040   0x000000fc   Code   RO         3385    i.I2C_RequestMemoryRead  stm32f4xx_hal_i2c.o
    0x0800513c   0x0800513c   0x000000a8   Code   RO         3386    i.I2C_RequestMemoryWrite  stm32f4xx_hal_i2c.o
    0x080051e4   0x080051e4   0x00000046   Code   RO         3387    i.I2C_Slave_ADDR    stm32f4xx_hal_i2c.o
    0x0800522a   0x0800522a   0x00000002   PAD
    0x0800522c   0x0800522c   0x00000090   Code   RO         3388    i.I2C_Slave_AF      stm32f4xx_hal_i2c.o
    0x080052bc   0x080052bc   0x0000015c   Code   RO         3389    i.I2C_Slave_STOPF   stm32f4xx_hal_i2c.o
    0x08005418   0x08005418   0x00000056   Code   RO         3390    i.I2C_WaitOnBTFFlagUntilTimeout  stm32f4xx_hal_i2c.o
    0x0800546e   0x0800546e   0x00000002   PAD
    0x08005470   0x08005470   0x00000090   Code   RO         3391    i.I2C_WaitOnFlagUntilTimeout  stm32f4xx_hal_i2c.o
    0x08005500   0x08005500   0x000000bc   Code   RO         3392    i.I2C_WaitOnMasterAddressFlagUntilTimeout  stm32f4xx_hal_i2c.o
    0x080055bc   0x080055bc   0x00000070   Code   RO         3393    i.I2C_WaitOnRXNEFlagUntilTimeout  stm32f4xx_hal_i2c.o
    0x0800562c   0x0800562c   0x00000056   Code   RO         3394    i.I2C_WaitOnTXEFlagUntilTimeout  stm32f4xx_hal_i2c.o
    0x08005682   0x08005682   0x00000002   PAD
    0x08005684   0x08005684   0x000000ac   Code   RO          503    i.MPU6050_CalibrateYaw  mpu6050.o
    0x08005730   0x08005730   0x0000000c   Code   RO          506    i.MPU6050_GetTempC  mpu6050.o
    0x0800573c   0x0800573c   0x0000000c   Code   RO          507    i.MPU6050_GetYaw    mpu6050.o
    0x08005748   0x08005748   0x000000e0   Code   RO          509    i.MPU6050_Init      mpu6050.o
    0x08005828   0x08005828   0x00000054   Code   RO          510    i.MPU6050_IntegrateYaw  mpu6050.o
    0x0800587c   0x0800587c   0x0000018c   Code   RO          513    i.MPU6050_OnDMAComplete  mpu6050.o
    0x08005a08   0x08005a08   0x00000040   Code   RO          515    i.MPU6050_StartReadDMA  mpu6050.o
    0x08005a48   0x08005a48   0x0000005c   Code   RO          801    i.MX_DMA_Init       dma.o
    0x08005aa4   0x08005aa4   0x00000050   Code   RO          728    i.MX_FREERTOS_Init  freertos.o
    0x08005af4   0x08005af4   0x0000011c   Code   RO          703    i.MX_GPIO_Init      gpio.o
    0x08005c10   0x08005c10   0x00000040   Code   RO          827    i.MX_I2C1_Init      i2c.o
    0x08005c50   0x08005c50   0x000000ac   Code   RO          870    i.MX_TIM2_Init      tim.o
    0x08005cfc   0x08005cfc   0x00000070   Code   RO          871    i.MX_TIM3_Init      tim.o
    0x08005d6c   0x08005d6c   0x00000070   Code   RO          872    i.MX_TIM4_Init      tim.o
    0x08005ddc   0x08005ddc   0x0000006c   Code   RO          873    i.MX_TIM5_Init      tim.o
    0x08005e48   0x08005e48   0x000000a0   Code   RO          874    i.MX_TIM8_Init      tim.o
    0x08005ee8   0x08005ee8   0x0000005c   Code   RO          875    i.MX_TIM9_Init      tim.o
    0x08005f44   0x08005f44   0x00000038   Code   RO          947    i.MX_USART1_UART_Init  usart.o
    0x08005f7c   0x08005f7c   0x00000038   Code   RO          948    i.MX_USART2_UART_Init  usart.o
    0x08005fb4   0x08005fb4   0x00000038   Code   RO          949    i.MX_USART3_UART_Init  usart.o
    0x08005fec   0x08005fec   0x00000038   Code   RO          950    i.MX_USART6_UART_Init  usart.o
    0x08006024   0x08006024   0x00000002   Code   RO         1005    i.MX_USB_OTG_FS_USB_Init  usb_otg.o
    0x08006026   0x08006026   0x00000002   PAD
    0x08006028   0x08006028   0x00000044   Code   RO           82    i.Mecanum_Inverse   mecanum.o
    0x0800606c   0x0800606c   0x00000002   Code   RO         1038    i.MemManage_Handler  stm32f4xx_it.o
    0x0800606e   0x0800606e   0x00000002   Code   RO         1039    i.NMI_Handler       stm32f4xx_it.o
    0x08006070   0x08006070   0x00000030   Code   RO           12    i.Scurve_Init       scurve.o
    0x080060a0   0x080060a0   0x0000000e   Code   RO           13    i.Scurve_IsIdle     scurve.o
    0x080060ae   0x080060ae   0x00000002   PAD
    0x080060b0   0x080060b0   0x000000bc   Code   RO           14    i.Scurve_MoveTo     scurve.o
    0x0800616c   0x0800616c   0x00000068   Code   RO           15    i.Scurve_SetConfig  scurve.o
    0x080061d4   0x080061d4   0x0000001c   Code   RO           16    i.Scurve_Stop       scurve.o
    0x080061f0   0x080061f0   0x00000158   Code   RO           17    i.Scurve_Update     scurve.o
    0x08006348   0x08006348   0x00000022   Code   RO          729    i.StartChassisTask  freertos.o
    0x0800636a   0x0800636a   0x00000002   PAD
    0x0800636c   0x0800636c   0x000000d4   Code   RO          730    i.StartDefaultTask  freertos.o
    0x08006440   0x08006440   0x00000144   Code   RO          731    i.StartGyroTask     freertos.o
    0x08006584   0x08006584   0x000000b4   Code   RO          432    i.Stepper_Init      stepper.o
    0x08006638   0x08006638   0x00000178   Code   RO          433    i.Stepper_SetSpeed  stepper.o
    0x080067b0   0x080067b0   0x00000024   Code   RO          434    i.Stepper_SetWheelSpeed  stepper.o
    0x080067d4   0x080067d4   0x00000020   Code   RO          435    i.Stepper_SetWheelSpeedAll  stepper.o
    0x080067f4   0x080067f4   0x0000001a   Code   RO         5284    i.SysTick_Handler   cmsis_os2.o
    0x0800680e   0x0800680e   0x00000002   PAD
    0x08006810   0x08006810   0x00000094   Code   RO          651    i.SystemClock_Config  main.o
    0x080068a4   0x080068a4   0x00000010   Code   RO         4140    i.SystemInit        system_stm32f4xx.o
    0x080068b4   0x080068b4   0x0000001c   Code   RO         1040    i.TIM8_TRG_COM_TIM14_IRQHandler  stm32f4xx_it.o
    0x080068d0   0x080068d0   0x000000d0   Code   RO         1293    i.TIM_Base_SetConfig  stm32f4xx_hal_tim.o
    0x080069a0   0x080069a0   0x0000001a   Code   RO         1294    i.TIM_CCxChannelCmd  stm32f4xx_hal_tim.o
    0x080069ba   0x080069ba   0x00000002   PAD
    0x080069bc   0x080069bc   0x00000060   Code   RO         1306    i.TIM_OC1_SetConfig  stm32f4xx_hal_tim.o
    0x08006a1c   0x08006a1c   0x0000006c   Code   RO         1307    i.TIM_OC2_SetConfig  stm32f4xx_hal_tim.o
    0x08006a88   0x08006a88   0x00000068   Code   RO         1308    i.TIM_OC3_SetConfig  stm32f4xx_hal_tim.o
    0x08006af0   0x08006af0   0x00000050   Code   RO         1309    i.TIM_OC4_SetConfig  stm32f4xx_hal_tim.o
    0x08006b40   0x08006b40   0x0000000e   Code   RO         3819    i.UART_DMAAbortOnError  stm32f4xx_hal_uart.o
    0x08006b4e   0x08006b4e   0x0000004a   Code   RO         3820    i.UART_DMAError     stm32f4xx_hal_uart.o
    0x08006b98   0x08006b98   0x00000086   Code   RO         3821    i.UART_DMAReceiveCplt  stm32f4xx_hal_uart.o
    0x08006c1e   0x08006c1e   0x0000001e   Code   RO         3823    i.UART_DMARxHalfCplt  stm32f4xx_hal_uart.o
    0x08006c3c   0x08006c3c   0x00000042   Code   RO         3825    i.UART_DMATransmitCplt  stm32f4xx_hal_uart.o
    0x08006c7e   0x08006c7e   0x0000000a   Code   RO         3827    i.UART_DMATxHalfCplt  stm32f4xx_hal_uart.o
    0x08006c88   0x08006c88   0x0000004e   Code   RO         3829    i.UART_EndRxTransfer  stm32f4xx_hal_uart.o
    0x08006cd6   0x08006cd6   0x0000001c   Code   RO         3830    i.UART_EndTxTransfer  stm32f4xx_hal_uart.o
    0x08006cf2   0x08006cf2   0x000000c2   Code   RO         3831    i.UART_Receive_IT   stm32f4xx_hal_uart.o
    0x08006db4   0x08006db4   0x0000010c   Code   RO         3832    i.UART_SetConfig    stm32f4xx_hal_uart.o
    0x08006ec0   0x08006ec0   0x000000a0   Code   RO         3833    i.UART_Start_Receive_DMA  stm32f4xx_hal_uart.o
    0x08006f60   0x08006f60   0x00000072   Code   RO         3835    i.UART_WaitOnFlagUntilTimeout  stm32f4xx_hal_uart.o
    0x08006fd2   0x08006fd2   0x00000002   PAD
    0x08006fd4   0x08006fd4   0x0000000c   Code   RO         1041    i.USART2_IRQHandler  stm32f4xx_it.o
    0x08006fe0   0x08006fe0   0x00000002   Code   RO         1042    i.UsageFault_Handler  stm32f4xx_it.o
    0x08006fe2   0x08006fe2   0x00000030   Code   RO         6226    i.__ARM_fpclassify  m_wm.l(fpclassify.o)
    0x08007012   0x08007012   0x00000026   Code   RO         6111    i.__ARM_fpclassifyf  m_wm.l(fpclassifyf.o)
    0x08007038   0x08007038   0x00000020   Code   RO         2931    i.__NVIC_SetPriority  stm32f4xx_hal_cortex.o
    0x08007058   0x08007058   0x000002ac   Code   RO         5948    i.__hardfp_atan2f   m_wm.l(atan2f.o)
    0x08007304   0x08007304   0x00000150   Code   RO         5960    i.__hardfp_cosf     m_wm.l(cosf.o)
    0x08007454   0x08007454   0x00000190   Code   RO         5972    i.__hardfp_sinf     m_wm.l(sinf.o)
    0x080075e4   0x080075e4   0x0000003a   Code   RO         5984    i.__hardfp_sqrtf    m_wm.l(sqrtf.o)
    0x0800761e   0x0800761e   0x00000006   Code   RO         6114    i.__mathlib_flt_infnan  m_wm.l(funder.o)
    0x08007624   0x08007624   0x00000006   Code   RO         6115    i.__mathlib_flt_infnan2  m_wm.l(funder.o)
    0x0800762a   0x0800762a   0x00000002   PAD
    0x0800762c   0x0800762c   0x00000010   Code   RO         6116    i.__mathlib_flt_invalid  m_wm.l(funder.o)
    0x0800763c   0x0800763c   0x00000010   Code   RO         6119    i.__mathlib_flt_underflow  m_wm.l(funder.o)
    0x0800764c   0x0800764c   0x00000154   Code   RO         6127    i.__mathlib_rredf2  m_wm.l(rredf.o)
    0x080077a0   0x080077a0   0x0000000e   Code   RO         6063    i._is_digit         c_w.l(__printf_wp.o)
    0x080077ae   0x080077ae   0x00000002   PAD
    0x080077b0   0x080077b0   0x00000138   Code   RO          237    i.camera_align_at   camera_align.o
    0x080078e8   0x080078e8   0x00000020   Code   RO          238    i.camera_align_get_last_raw  camera_align.o
    0x08007908   0x08007908   0x00000038   Code   RO          239    i.camera_align_init  camera_align.o
    0x08007940   0x08007940   0x00000074   Code   RO          240    i.camera_align_recover_pose  camera_align.o
    0x080079b4   0x080079b4   0x0000001c   Code   RO          111    i.chassis_feed_gyro  chassis.o
    0x080079d0   0x080079d0   0x0000002c   Code   RO          112    i.chassis_get_pose  chassis.o
    0x080079fc   0x080079fc   0x00000020   Code   RO          113    i.chassis_get_wheel_speed  chassis.o
    0x08007a1c   0x08007a1c   0x0000008c   Code   RO          114    i.chassis_init      chassis.o
    0x08007aa8   0x08007aa8   0x00000024   Code   RO          116    i.chassis_set_pose  chassis.o
    0x08007acc   0x08007acc   0x00000018   Code   RO          120    i.chassis_theta_deg  chassis.o
    0x08007ae4   0x08007ae4   0x00000238   Code   RO          121    i.chassis_tick      chassis.o
    0x08007d1c   0x08007d1c   0x00000034   Code   RO          732    i.chassis_uart_log  freertos.o
    0x08007d50   0x08007d50   0x00000010   Code   RO          122    i.deg2rad           chassis.o
    0x08007d60   0x08007d60   0x00000010   Code   RO          123    i.fabsf_local       chassis.o
    0x08007d70   0x08007d70   0x00000056   Code   RO          652    i.main              main.o
    0x08007dc6   0x08007dc6   0x00000002   PAD
    0x08007dc8   0x08007dc8   0x00000034   Code   RO          126    i.normalize_angle_deg  chassis.o
    0x08007dfc   0x08007dfc   0x0000001a   Code   RO         5286    i.osDelay           cmsis_os2.o
    0x08007e16   0x08007e16   0x00000002   PAD
    0x08007e18   0x08007e18   0x00000024   Code   RO         5300    i.osKernelInitialize  cmsis_os2.o
    0x08007e3c   0x08007e3c   0x00000038   Code   RO         5303    i.osKernelStart     cmsis_os2.o
    0x08007e74   0x08007e74   0x0000008a   Code   RO         5345    i.osThreadNew       cmsis_os2.o
    0x08007efe   0x08007efe   0x0000002c   Code   RO          516    i.parse_raw         mpu6050.o
    0x08007f2a   0x08007f2a   0x00000002   PAD
    0x08007f2c   0x08007f2c   0x0000005c   Code   RO         4748    i.prvAddCurrentTaskToDelayedList  tasks.o
    0x08007f88   0x08007f88   0x000000d0   Code   RO         4749    i.prvAddNewTaskToReadyList  tasks.o
    0x08008058   0x08008058   0x00000058   Code   RO         5113    i.prvCheckForValidListAndQueue  timers.o
    0x080080b0   0x080080b0   0x00000026   Code   RO         4345    i.prvCopyDataFromQueue  queue.o
    0x080080d6   0x080080d6   0x0000006c   Code   RO         4346    i.prvCopyDataToQueue  queue.o
    0x08008142   0x08008142   0x00000034   Code   RO         4750    i.prvDeleteTCB      tasks.o
    0x08008176   0x08008176   0x00000002   PAD
    0x08008178   0x08008178   0x0000004c   Code   RO         5794    i.prvHeapInit       heap_4.o
    0x080081c4   0x080081c4   0x00000060   Code   RO         4751    i.prvIdleTask       tasks.o
    0x08008224   0x08008224   0x00000022   Code   RO         4348    i.prvInitialiseNewQueue  queue.o
    0x08008246   0x08008246   0x00000002   PAD
    0x08008248   0x08008248   0x000000b0   Code   RO         4752    i.prvInitialiseNewTask  tasks.o
    0x080082f8   0x080082f8   0x0000004c   Code   RO         5795    i.prvInsertBlockIntoFreeList  heap_4.o
    0x08008344   0x08008344   0x00000038   Code   RO         5115    i.prvInsertTimerInActiveList  timers.o
    0x0800837c   0x0800837c   0x0000001c   Code   RO         4349    i.prvIsQueueEmpty   queue.o
    0x08008398   0x08008398   0x000000fc   Code   RO         5116    i.prvProcessReceivedCommands  timers.o
    0x08008494   0x08008494   0x000000c0   Code   RO         5117    i.prvProcessTimerOrBlockTask  timers.o
    0x08008554   0x08008554   0x00000020   Code   RO         4754    i.prvResetNextTaskUnblockTime  tasks.o
    0x08008574   0x08008574   0x00000028   Code   RO         5118    i.prvSampleTimeNow  timers.o
    0x0800859c   0x0800859c   0x0000006c   Code   RO         5119    i.prvSwitchTimerLists  timers.o
    0x08008608   0x08008608   0x00000028   Code   RO         5850    i.prvTaskExitError  port.o
    0x08008630   0x08008630   0x00000024   Code   RO         5120    i.prvTimerTask      timers.o
    0x08008654   0x08008654   0x0000006a   Code   RO         4350    i.prvUnlockQueue    queue.o
    0x080086be   0x080086be   0x00000002   PAD
    0x080086c0   0x080086c0   0x000000dc   Code   RO         5796    i.pvPortMalloc      heap_4.o
    0x0800879c   0x0800879c   0x00000018   Code   RO         4757    i.pvTaskIncrementMutexHeldCount  tasks.o
    0x080087b4   0x080087b4   0x0000002c   Code   RO         5851    i.pxPortInitialiseStack  port.o
    0x080087e0   0x080087e0   0x00000018   Code   RO          517    i.read_bytes_blocking  mpu6050.o
    0x080087f8   0x080087f8   0x00000048   Code   RO          518    i.read_temp_blocking  mpu6050.o
    0x08008840   0x08008840   0x00000024   Code   RO          519    i.reset_runtime_window  mpu6050.o
    0x08008864   0x08008864   0x000000e4   Code   RO          520    i.robust_mean_var   mpu6050.o
    0x08008948   0x08008948   0x00000026   Code   RO         4305    i.uxListRemove      list.o
    0x0800896e   0x0800896e   0x00000002   PAD
    0x08008970   0x08008970   0x00000014   Code   RO         5357    i.vApplicationGetIdleTaskMemory  cmsis_os2.o
    0x08008984   0x08008984   0x00000018   Code   RO         5358    i.vApplicationGetTimerTaskMemory  cmsis_os2.o
    0x0800899c   0x0800899c   0x00000016   Code   RO         4306    i.vListInitialise   list.o
    0x080089b2   0x080089b2   0x00000006   Code   RO         4307    i.vListInitialiseItem  list.o
    0x080089b8   0x080089b8   0x00000030   Code   RO         4308    i.vListInsert       list.o
    0x080089e8   0x080089e8   0x00000018   Code   RO         4309    i.vListInsertEnd    list.o
    0x08008a00   0x08008a00   0x00000040   Code   RO         5853    i.vPortEnterCritical  port.o
    0x08008a40   0x08008a40   0x00000028   Code   RO         5854    i.vPortExitCritical  port.o
    0x08008a68   0x08008a68   0x00000064   Code   RO         5797    i.vPortFree         heap_4.o
    0x08008acc   0x08008acc   0x00000024   Code   RO         5855    i.vPortSetupTimerInterrupt  port.o
    0x08008af0   0x08008af0   0x00000054   Code   RO         5856    i.vPortValidateInterruptPriority  port.o
    0x08008b44   0x08008b44   0x00000028   Code   RO         4356    i.vQueueAddToRegistry  queue.o
    0x08008b6c   0x08008b6c   0x00000044   Code   RO         4360    i.vQueueWaitForMessageRestricted  queue.o
    0x08008bb0   0x08008bb0   0x0000004c   Code   RO         4767    i.vTaskDelay        tasks.o
    0x08008bfc   0x08008bfc   0x0000008c   Code   RO         4768    i.vTaskDelayUntil   tasks.o
    0x08008c88   0x08008c88   0x00000010   Code   RO         4772    i.vTaskInternalSetTimeOutState  tasks.o
    0x08008c98   0x08008c98   0x0000000c   Code   RO         4773    i.vTaskMissedYield  tasks.o
    0x08008ca4   0x08008ca4   0x00000030   Code   RO         4775    i.vTaskPlaceOnEventList  tasks.o
    0x08008cd4   0x08008cd4   0x00000038   Code   RO         4776    i.vTaskPlaceOnEventListRestricted  tasks.o
    0x08008d0c   0x08008d0c   0x00000090   Code   RO         4778    i.vTaskPriorityDisinheritAfterTimeout  tasks.o
    0x08008d9c   0x08008d9c   0x00000088   Code   RO         4784    i.vTaskStartScheduler  tasks.o
    0x08008e24   0x08008e24   0x00000010   Code   RO         4786    i.vTaskSuspendAll   tasks.o
    0x08008e34   0x08008e34   0x00000064   Code   RO         4787    i.vTaskSwitchContext  tasks.o
    0x08008e98   0x08008e98   0x00000024   Code   RO          521    i.write_reg_blocking  mpu6050.o
    0x08008ebc   0x08008ebc   0x000000f4   Code   RO         5857    i.xPortStartScheduler  port.o
    0x08008fb0   0x08008fb0   0x0000002c   Code   RO         5858    i.xPortSysTickHandler  port.o
    0x08008fdc   0x08008fdc   0x00000042   Code   RO         4365    i.xQueueGenericCreate  queue.o
    0x0800901e   0x0800901e   0x00000066   Code   RO         4366    i.xQueueGenericCreateStatic  queue.o
    0x08009084   0x08009084   0x00000088   Code   RO         4367    i.xQueueGenericReset  queue.o
    0x0800910c   0x0800910c   0x00000160   Code   RO         4368    i.xQueueGenericSend  queue.o
    0x0800926c   0x0800926c   0x000000be   Code   RO         4369    i.xQueueGenericSendFromISR  queue.o
    0x0800932a   0x0800932a   0x0000009c   Code   RO         4372    i.xQueueGiveFromISR  queue.o
    0x080093c6   0x080093c6   0x00000002   PAD
    0x080093c8   0x080093c8   0x00000138   Code   RO         4378    i.xQueueReceive     queue.o
    0x08009500   0x08009500   0x00000178   Code   RO         4380    i.xQueueSemaphoreTake  queue.o
    0x08009678   0x08009678   0x00000074   Code   RO         4789    i.xTaskCheckForTimeOut  tasks.o
    0x080096ec   0x080096ec   0x0000005a   Code   RO         4790    i.xTaskCreate       tasks.o
    0x08009746   0x08009746   0x00000056   Code   RO         4791    i.xTaskCreateStatic  tasks.o
    0x0800979c   0x0800979c   0x0000001c   Code   RO         4795    i.xTaskGetSchedulerState  tasks.o
    0x080097b8   0x080097b8   0x0000000c   Code   RO         4796    i.xTaskGetTickCount  tasks.o
    0x080097c4   0x080097c4   0x000000c8   Code   RO         4798    i.xTaskIncrementTick  tasks.o
    0x0800988c   0x0800988c   0x00000080   Code   RO         4801    i.xTaskPriorityDisinherit  tasks.o
    0x0800990c   0x0800990c   0x00000078   Code   RO         4802    i.xTaskPriorityInherit  tasks.o
    0x08009984   0x08009984   0x00000070   Code   RO         4803    i.xTaskRemoveFromEventList  tasks.o
    0x080099f4   0x080099f4   0x000000c4   Code   RO         4804    i.xTaskResumeAll    tasks.o
    0x08009ab8   0x08009ab8   0x00000060   Code   RO         5129    i.xTimerCreateTimerTask  timers.o
    0x08009b18   0x08009b18   0x00000068   Code   RO         5130    i.xTimerGenericCommand  timers.o
    0x08009b80   0x08009b80   0x00000090   Code   RO          127    i.yaw_pid_compute   chassis.o
    0x08009c10   0x08009c10   0x00000018   Code   RO          128    i.yaw_pid_reset     chassis.o
    0x08009c28   0x08009c28   0x0000002c   Code   RO         6210    locale$$code        c_w.l(lc_numeric_c.o)
    0x08009c54   0x08009c54   0x0000002c   Code   RO         6233    locale$$code        c_w.l(lc_ctype_c.o)
    0x08009c80   0x08009c80   0x0000000c   Code   RO         6098    x$fpl$dretinf       fz_wm.l(dretinf.o)
    0x08009c8c   0x08009c8c   0x00000056   Code   RO         5946    x$fpl$f2d           fz_wm.l(f2d.o)
    0x08009ce2   0x08009ce2   0x0000008c   Code   RO         6100    x$fpl$fnaninf       fz_wm.l(fnaninf.o)
    0x08009d6e   0x08009d6e   0x0000000a   Code   RO         6301    x$fpl$fpinit        fz_wm.l(fpinit.o)
    0x08009d78   0x08009d78   0x00000004   Code   RO         6102    x$fpl$printf1       fz_wm.l(printf1.o)
    0x08009d7c   0x08009d7c   0x00000004   Code   RO         6104    x$fpl$printf2       fz_wm.l(printf2.o)
    0x08009d80   0x08009d80   0x00000000   Code   RO         6110    x$fpl$usenofp       fz_wm.l(usenofp.o)
    0x08009d80   0x08009d80   0x00000018   Data   RO          130    .constdata          chassis.o
    0x08009d98   0x08009d98   0x00000040   Data   RO          439    .constdata          stepper.o
    0x08009dd8   0x08009dd8   0x0000006c   Data   RO          734    .constdata          freertos.o
    0x08009e44   0x08009e44   0x00000008   Data   RO         2645    .constdata          stm32f4xx_hal_dma.o
    0x08009e4c   0x08009e4c   0x00000010   Data   RO         4141    .constdata          system_stm32f4xx.o
    0x08009e5c   0x08009e5c   0x00000008   Data   RO         4142    .constdata          system_stm32f4xx.o
    0x08009e64   0x08009e64   0x00000008   Data   RO         6022    .constdata          c_w.l(_printf_wctomb.o)
    0x08009e6c   0x08009e6c   0x00000028   Data   RO         6051    .constdata          c_w.l(_printf_hex_int_ll_ptr.o)
    0x08009e94   0x08009e94   0x00000011   Data   RO         6071    .constdata          c_w.l(__printf_flags_ss_wp.o)
    0x08009ea5   0x08009ea5   0x00000003   PAD
    0x08009ea8   0x08009ea8   0x00000020   Data   RO         6128    .constdata          m_wm.l(rredf.o)
    0x08009ec8   0x08009ec8   0x00000026   Data   RO         6159    .constdata          c_w.l(_printf_fp_hex.o)
    0x08009eee   0x08009eee   0x00000002   PAD
    0x08009ef0   0x08009ef0   0x00000094   Data   RO         6185    .constdata          c_w.l(bigflt0.o)
    0x08009f84   0x08009f84   0x0000006c   Data   RO          735    .conststring        freertos.o
    0x08009ff0   0x08009ff0   0x00000020   Data   RO         6359    Region$$Table       anon$$obj.o
    0x0800a010   0x0800a010   0x0000001c   Data   RO         6209    locale$$data        c_w.l(lc_numeric_c.o)
    0x0800a02c   0x0800a02c   0x00000110   Data   RO         6232    locale$$data        c_w.l(lc_ctype_c.o)


    Execution Region RW_IRAM1 (Exec base: 0x20000000, Load base: 0x0800a13c, Size: 0x000060c0, Max: 0x0001c000, ABSOLUTE)

    Exec Addr    Load Addr    Size         Type   Attr      Idx    E Section Name        Object

    0x20000000   0x0800a13c   0x0000000c   Data   RW           84    .data               mecanum.o
    0x2000000c   0x0800a148   0x00000018   Data   RW          131    .data               chassis.o
    0x20000024   0x0800a160   0x0000001c   Data   RW          241    .data               camera_align.o
    0x20000040   0x0800a17c   0x00000028   Data   RW          523    .data               mpu6050.o
    0x20000068   0x0800a1a4   0x00000010   Data   RW          736    .data               freertos.o
    0x20000078   0x0800a1b4   0x0000000c   Data   RW         3090    .data               stm32f4xx_hal.o
    0x20000084   0x0800a1c0   0x00000004   Data   RW         4143    .data               system_stm32f4xx.o
    0x20000088   0x0800a1c4   0x0000003c   Data   RW         4807    .data               tasks.o
    0x200000c4   0x0800a200   0x00000014   Data   RW         5138    .data               timers.o
    0x200000d8   0x0800a214   0x00000004   Data   RW         5360    .data               cmsis_os2.o
    0x200000dc   0x0800a218   0x00000020   Data   RW         5803    .data               heap_4.o
    0x200000fc   0x0800a238   0x0000000c   Data   RW         5859    .data               port.o
    0x20000108        -       0x00000088   Zero   RW          129    .bss                chassis.o
    0x20000190        -       0x00000010   Zero   RW          438    .bss                stepper.o
    0x200001a0        -       0x00000a5c   Zero   RW          522    .bss                mpu6050.o
    0x20000bfc        -       0x000000a0   Zero   RW          733    .bss                freertos.o
    0x20000c9c        -       0x00000114   Zero   RW          828    .bss                i2c.o
    0x20000db0        -       0x000001b0   Zero   RW          876    .bss                tim.o
    0x20000f60        -       0x000001e0   Zero   RW          951    .bss                usart.o
    0x20001140        -       0x00000048   Zero   RW         1162    .bss                stm32f4xx_hal_timebase_tim.o
    0x20001188        -       0x00000040   Zero   RW         4382    .bss                queue.o
    0x200011c8        -       0x000004c4   Zero   RW         4806    .bss                tasks.o
    0x2000168c        -       0x00000118   Zero   RW         5137    .bss                timers.o
    0x200017a4        -       0x000006b8   Zero   RW         5359    .bss                cmsis_os2.o
    0x20001e5c        -       0x00003c00   Zero   RW         5802    .bss                heap_4.o
    0x20005a5c        -       0x00000060   Zero   RW         6171    .bss                c_w.l(libspace.o)
    0x20005abc   0x0800a244   0x00000004   PAD
    0x20005ac0        -       0x00000200   Zero   RW            2    HEAP                startup_stm32f407xx.o
    0x20005cc0        -       0x00000400   Zero   RW            1    STACK               startup_stm32f407xx.o


    Execution Region RW_IRAM2 (Exec base: 0x2001c000, Load base: 0x0800a244, Size: 0x00000000, Max: 0x00004000, ABSOLUTE)

    **** No section assigned to this execution region ****


==============================================================================

Image component sizes


      Code (inc. data)   RO Data    RW Data    ZI Data      Debug   Object Name

       740         68          0         28          0     712819   camera_align.o
      1124         92         24         24        136       8726   chassis.o
       326         22          0          4       1720      62163   cmsis_os2.o
        92          4          0          0          0        782   dma.o
         0          0          0          0          0      19404   event_groups.o
       770        296        216         16        160       5424   freertos.o
       284         22          0          0          0       1071   gpio.o
       472         24          0         32      15360       4815   heap_4.o
       308         34          0          0        276       1839   i2c.o
       138          0          0          0          0       3494   list.o
       258         14          0          0          0       6372   main.o
        68          4          0         12          0        854   mecanum.o
      1404        138          0         40       2652      12263   mpu6050.o
       786         82          0         12          0      11413   port.o
      2112         24          0          0         64      21492   queue.o
       726         34          0          0          0       9591   scurve.o
        64         26        392          0       1536        836   startup_stm32f407xx.o
       624         54         64          0         16       4025   stepper.o
       116         18          0         12          0       8662   stm32f4xx_hal.o
       158         14          0          0          0      32994   stm32f4xx_hal_cortex.o
      1094         16          8          0          0       8436   stm32f4xx_hal_dma.o
       506         46          0          0          0       2168   stm32f4xx_hal_gpio.o
      6328        108          0          0          0      35899   stm32f4xx_hal_i2c.o
        56          4          0          0          0        850   stm32f4xx_hal_msp.o
      1408         82          0          0          0       5861   stm32f4xx_hal_rcc.o
      1822        136          0          0          0      15653   stm32f4xx_hal_tim.o
       232         28          0          0          0       3265   stm32f4xx_hal_tim_ex.o
       152         20          0          0         72       1460   stm32f4xx_hal_timebase_tim.o
      2482         40          0          0          0      17812   stm32f4xx_hal_uart.o
       124         52          0          0          0       6531   stm32f4xx_it.o
         0          0          0          0          0        384   stream_buffer.o
        16          4         24          4          0       1103   system_stm32f4xx.o
      2512        200          0         60       1220      30375   tasks.o
      1276        116          0          0        432       6164   tim.o
       972         80          0         20        280      29499   timers.o
       696         72          0          0        480       3987   usart.o
         2          0          0          0          0        457   usb_otg.o

    ----------------------------------------------------------------------
     30312       1974        760        264      24404    1098943   Object Totals
         0          0         32          0          0          0   (incl. Generated)
        64          0          0          0          0          0   (incl. Padding)

    ----------------------------------------------------------------------

      Code (inc. data)   RO Data    RW Data    ZI Data      Debug   Library Member Name

         8          0          0          0          0         68   __main.o
       392          4         17          0          0         92   __printf_flags_ss_wp.o
        14          0          0          0          0         68   __printf_wp.o
         0          0          0          0          0          0   __rtentry.o
        12          0          0          0          0          0   __rtentry2.o
         6          0          0          0          0          0   __rtentry4.o
        52          8          0          0          0          0   __scatter.o
        26          0          0          0          0          0   __scatter_copy.o
        28          0          0          0          0          0   __scatter_zi.o
         6          0          0          0          0          0   _printf_a.o
         6          0          0          0          0          0   _printf_c.o
        44          0          0          0          0        108   _printf_char.o
        48          6          0          0          0         96   _printf_char_common.o
        40          0          0          0          0         68   _printf_charcount.o
         6          0          0          0          0          0   _printf_d.o
       120         16          0          0          0         92   _printf_dec.o
         6          0          0          0          0          0   _printf_e.o
         6          0          0          0          0          0   _printf_f.o
      1054          0          0          0          0        216   _printf_fp_dec.o
       764          8         38          0          0        100   _printf_fp_hex.o
       128         16          0          0          0         84   _printf_fp_infnan.o
         6          0          0          0          0          0   _printf_g.o
       148          4         40          0          0        160   _printf_hex_int_ll_ptr.o
         6          0          0          0          0          0   _printf_i.o
       178          0          0          0          0         88   _printf_intcommon.o
        10          0          0          0          0          0   _printf_l.o
         6          0          0          0          0          0   _printf_lc.o
        10          0          0          0          0          0   _printf_ll.o
         6          0          0          0          0          0   _printf_lld.o
         6          0          0          0          0          0   _printf_lli.o
         6          0          0          0          0          0   _printf_llo.o
         6          0          0          0          0          0   _printf_llu.o
         6          0          0          0          0          0   _printf_llx.o
       124         16          0          0          0         92   _printf_longlong_dec.o
         6          0          0          0          0          0   _printf_ls.o
         6          0          0          0          0          0   _printf_n.o
         6          0          0          0          0          0   _printf_o.o
       112         10          0          0          0        124   _printf_oct_int_ll.o
         6          0          0          0          0          0   _printf_p.o
        78          0          0          0          0        108   _printf_pad.o
         0          0          0          0          0          0   _printf_percent.o
         4          0          0          0          0          0   _printf_percent_end.o
         6          0          0          0          0          0   _printf_s.o
        82          0          0          0          0         80   _printf_str.o
        36          0          0          0          0         84   _printf_truncate.o
         6          0          0          0          0          0   _printf_u.o
        44          0          0          0          0        108   _printf_wchar.o
       188          6          8          0          0         92   _printf_wctomb.o
         6          0          0          0          0          0   _printf_x.o
        22          0          0          0          0        100   _rserrno.o
        16          0          0          0          0         68   _snputc.o
        10          0          0          0          0         68   _sputc.o
        64          0          0          0          0         92   _wcrtomb.o
        16          0          0          0          0         68   aeabi_memset.o
       228          4        148          0          0         96   bigflt0.o
      1936        128          0          0          0        672   btod.o
        18          0          0          0          0         80   exit.o
         6          0          0          0          0        152   heapauxi.o
         0          0          0          0          0          0   indicate_semi.o
        44         10        272          0          0         76   lc_ctype_c.o
        44         10         28          0          0         76   lc_numeric_c.o
         2          0          0          0          0          0   libinit.o
        34          0          0          0          0          0   libinit2.o
         2          0          0          0          0          0   libshutdown.o
         2          0          0          0          0          0   libshutdown2.o
         8          4          0          0         96         68   libspace.o
       138          0          0          0          0         80   lludiv10.o
       238          0          0          0          0        100   lludivv7m.o
        16          4          0          0          0         76   rt_ctype_table.o
         8          4          0          0          0         68   rt_errno_addr_intlibspace.o
         8          4          0          0          0         68   rt_locale_intlibspace.o
        68          0          0          0          0         68   rt_memclr.o
        78          0          0          0          0         80   rt_memclr_w.o
       138          0          0          0          0         68   rt_memcpy_v6.o
       100          0          0          0          0         80   rt_memcpy_w.o
         2          0          0          0          0          0   rtexit.o
        10          0          0          0          0          0   rtexit2.o
       128          0          0          0          0         68   strcmpv7m.o
        12          4          0          0          0         68   sys_exit.o
        74          0          0          0          0         80   sys_stackheap_outer.o
         2          0          0          0          0         68   use_no_semi.o
        52          4          0          0          0         80   vsnprintf.o
        12          0          0          0          0        116   dretinf.o
        86          4          0          0          0        132   f2d.o
       140          4          0          0          0        132   fnaninf.o
        10          0          0          0          0        116   fpinit.o
         4          0          0          0          0        116   printf1.o
         4          0          0          0          0        116   printf2.o
         0          0          0          0          0          0   usenofp.o
       684         90          0          0          0        208   atan2f.o
       336         56          0          0          0        136   cosf.o
        48          0          0          0          0        124   fpclassify.o
        38          0          0          0          0        116   fpclassifyf.o
        44         12          0          0          0        464   funder.o
       340         24         32          0          0        160   rredf.o
       400         56          0          0          0        212   sinf.o
        58          0          0          0          0        136   sqrtf.o

    ----------------------------------------------------------------------
      9616        516        588          0        100       6880   Library Totals
        18          0          5          0          4          0   (incl. Padding)

    ----------------------------------------------------------------------

      Code (inc. data)   RO Data    RW Data    ZI Data      Debug   Library Name

      7394        270        551          0         96       4596   c_w.l
       256          8          0          0          0        728   fz_wm.l
      1948        238         32          0          0       1556   m_wm.l

    ----------------------------------------------------------------------
      9616        516        588          0        100       6880   Library Totals

    ----------------------------------------------------------------------

==============================================================================


      Code (inc. data)   RO Data    RW Data    ZI Data      Debug   

     39928       2490       1348        264      24504    1075675   Grand Totals
     39928       2490       1348        264      24504    1075675   ELF Image Totals
     39928       2490       1348        264          0          0   ROM Totals

==============================================================================

    Total RO  Size (Code + RO Data)                41276 (  40.31kB)
    Total RW  Size (RW Data + ZI Data)             24768 (  24.19kB)
    Total ROM Size (Code + RO Data + RW Data)      41540 (  40.57kB)

==============================================================================

